Archive member included to satisfy reference by file (symbol)

c:/st/stm32cubeide_1.4.0/stm32cubeide/plugins/com.st.stm32cube.ide.mcu.externaltools.gnu-tools-for-stm32.7-2018-q2-update.win32_1.4.0.202007081208/tools/bin/../lib/gcc/arm-none-eabi/7.3.1/../../../../arm-none-eabi/lib/thumb/v7e-m/fpv4-sp/hard\libc_nano.a(lib_a-errno.o)
                              Core/Src/syscalls.o (__errno)
c:/st/stm32cubeide_1.4.0/stm32cubeide/plugins/com.st.stm32cube.ide.mcu.externaltools.gnu-tools-for-stm32.7-2018-q2-update.win32_1.4.0.202007081208/tools/bin/../lib/gcc/arm-none-eabi/7.3.1/../../../../arm-none-eabi/lib/thumb/v7e-m/fpv4-sp/hard\libc_nano.a(lib_a-exit.o)
                              c:/st/stm32cubeide_1.4.0/stm32cubeide/plugins/com.st.stm32cube.ide.mcu.externaltools.gnu-tools-for-stm32.7-2018-q2-update.win32_1.4.0.202007081208/tools/bin/../lib/gcc/arm-none-eabi/7.3.1/../../../../arm-none-eabi/lib/thumb/v7e-m/fpv4-sp/hard/crt0.o (exit)
c:/st/stm32cubeide_1.4.0/stm32cubeide/plugins/com.st.stm32cube.ide.mcu.externaltools.gnu-tools-for-stm32.7-2018-q2-update.win32_1.4.0.202007081208/tools/bin/../lib/gcc/arm-none-eabi/7.3.1/../../../../arm-none-eabi/lib/thumb/v7e-m/fpv4-sp/hard\libc_nano.a(lib_a-impure.o)
                              c:/st/stm32cubeide_1.4.0/stm32cubeide/plugins/com.st.stm32cube.ide.mcu.externaltools.gnu-tools-for-stm32.7-2018-q2-update.win32_1.4.0.202007081208/tools/bin/../lib/gcc/arm-none-eabi/7.3.1/../../../../arm-none-eabi/lib/thumb/v7e-m/fpv4-sp/hard\libc_nano.a(lib_a-exit.o) (_global_impure_ptr)
c:/st/stm32cubeide_1.4.0/stm32cubeide/plugins/com.st.stm32cube.ide.mcu.externaltools.gnu-tools-for-stm32.7-2018-q2-update.win32_1.4.0.202007081208/tools/bin/../lib/gcc/arm-none-eabi/7.3.1/../../../../arm-none-eabi/lib/thumb/v7e-m/fpv4-sp/hard\libc_nano.a(lib_a-init.o)
                              c:/st/stm32cubeide_1.4.0/stm32cubeide/plugins/com.st.stm32cube.ide.mcu.externaltools.gnu-tools-for-stm32.7-2018-q2-update.win32_1.4.0.202007081208/tools/bin/../lib/gcc/arm-none-eabi/7.3.1/../../../../arm-none-eabi/lib/thumb/v7e-m/fpv4-sp/hard/crt0.o (__libc_init_array)
c:/st/stm32cubeide_1.4.0/stm32cubeide/plugins/com.st.stm32cube.ide.mcu.externaltools.gnu-tools-for-stm32.7-2018-q2-update.win32_1.4.0.202007081208/tools/bin/../lib/gcc/arm-none-eabi/7.3.1/../../../../arm-none-eabi/lib/thumb/v7e-m/fpv4-sp/hard\libc_nano.a(lib_a-malloc.o)
                              Core/Src/FIFO.o (malloc)
c:/st/stm32cubeide_1.4.0/stm32cubeide/plugins/com.st.stm32cube.ide.mcu.externaltools.gnu-tools-for-stm32.7-2018-q2-update.win32_1.4.0.202007081208/tools/bin/../lib/gcc/arm-none-eabi/7.3.1/../../../../arm-none-eabi/lib/thumb/v7e-m/fpv4-sp/hard\libc_nano.a(lib_a-memcpy-stub.o)
                              Core/Src/Objects.o (memcpy)
c:/st/stm32cubeide_1.4.0/stm32cubeide/plugins/com.st.stm32cube.ide.mcu.externaltools.gnu-tools-for-stm32.7-2018-q2-update.win32_1.4.0.202007081208/tools/bin/../lib/gcc/arm-none-eabi/7.3.1/../../../../arm-none-eabi/lib/thumb/v7e-m/fpv4-sp/hard\libc_nano.a(lib_a-memset.o)
                              c:/st/stm32cubeide_1.4.0/stm32cubeide/plugins/com.st.stm32cube.ide.mcu.externaltools.gnu-tools-for-stm32.7-2018-q2-update.win32_1.4.0.202007081208/tools/bin/../lib/gcc/arm-none-eabi/7.3.1/../../../../arm-none-eabi/lib/thumb/v7e-m/fpv4-sp/hard/crt0.o (memset)
c:/st/stm32cubeide_1.4.0/stm32cubeide/plugins/com.st.stm32cube.ide.mcu.externaltools.gnu-tools-for-stm32.7-2018-q2-update.win32_1.4.0.202007081208/tools/bin/../lib/gcc/arm-none-eabi/7.3.1/../../../../arm-none-eabi/lib/thumb/v7e-m/fpv4-sp/hard\libc_nano.a(lib_a-nano-freer.o)
                              c:/st/stm32cubeide_1.4.0/stm32cubeide/plugins/com.st.stm32cube.ide.mcu.externaltools.gnu-tools-for-stm32.7-2018-q2-update.win32_1.4.0.202007081208/tools/bin/../lib/gcc/arm-none-eabi/7.3.1/../../../../arm-none-eabi/lib/thumb/v7e-m/fpv4-sp/hard\libc_nano.a(lib_a-malloc.o) (_free_r)
c:/st/stm32cubeide_1.4.0/stm32cubeide/plugins/com.st.stm32cube.ide.mcu.externaltools.gnu-tools-for-stm32.7-2018-q2-update.win32_1.4.0.202007081208/tools/bin/../lib/gcc/arm-none-eabi/7.3.1/../../../../arm-none-eabi/lib/thumb/v7e-m/fpv4-sp/hard\libc_nano.a(lib_a-nano-mallocr.o)
                              c:/st/stm32cubeide_1.4.0/stm32cubeide/plugins/com.st.stm32cube.ide.mcu.externaltools.gnu-tools-for-stm32.7-2018-q2-update.win32_1.4.0.202007081208/tools/bin/../lib/gcc/arm-none-eabi/7.3.1/../../../../arm-none-eabi/lib/thumb/v7e-m/fpv4-sp/hard\libc_nano.a(lib_a-malloc.o) (_malloc_r)
c:/st/stm32cubeide_1.4.0/stm32cubeide/plugins/com.st.stm32cube.ide.mcu.externaltools.gnu-tools-for-stm32.7-2018-q2-update.win32_1.4.0.202007081208/tools/bin/../lib/gcc/arm-none-eabi/7.3.1/../../../../arm-none-eabi/lib/thumb/v7e-m/fpv4-sp/hard\libc_nano.a(lib_a-sbrkr.o)
[...]
Memory Configuration

Name             Origin             Length             Attributes
CCMRAM           0x0000000010000000 0x0000000000004000 xrw
RAM              0x0000000020000000 0x0000000000010000 xrw
FLASH            0x0000000008000000 0x0000000000080000 xr
*default*        0x0000000000000000 0xffffffffffffffff

Linker script and memory map

LOAD c:/st/stm32cubeide_1.4.0/stm32cubeide/plugins/com.st.stm32cube.ide.mcu.externaltools.gnu-tools-for-stm32.7-2018-q2-update.win32_1.4.0.202007081208/tools/bin/../lib/gcc/arm-none-eabi/7.3.1/thumb/v7e-m/fpv4-sp/hard/crti.o
LOAD c:/st/stm32cubeide_1.4.0/stm32cubeide/plugins/com.st.stm32cube.ide.mcu.externaltools.gnu-tools-for-stm32.7-2018-q2-update.win32_1.4.0.202007081208/tools/bin/../lib/gcc/arm-none-eabi/7.3.1/thumb/v7e-m/fpv4-sp/hard/crtbegin.o
LOAD c:/st/stm32cubeide_1.4.0/stm32cubeide/plugins/com.st.stm32cube.ide.mcu.externaltools.gnu-tools-for-stm32.7-2018-q2-update.win32_1.4.0.202007081208/tools/bin/../lib/gcc/arm-none-eabi/7.3.1/../../../../arm-none-eabi/lib/thumb/v7e-m/fpv4-sp/hard/crt0.o
LOAD Core/Src/FIFO.o
LOAD Core/Src/Interrupt.o
LOAD Core/Src/Objects.o
LOAD Core/Src/gpio.o
LOAD Core/Src/main.o
LOAD Core/Src/motor.o
LOAD Core/Src/parametr.o
LOAD Core/Src/self_timer.o
LOAD Core/Src/setter.o
LOAD Core/Src/stm32f3xx_hal_msp.o
LOAD Core/Src/stm32f3xx_it.o
LOAD Core/Src/syscalls.o
LOAD Core/Src/sysmem.o
LOAD Core/Src/system_stm32f3xx.o
LOAD Core/Src/tim.o
LOAD Core/Src/usart.o
LOAD Core/Startup/startup_stm32f303retx.o
LOAD Drivers/STM32F3xx_HAL_Driver/Src/stm32f3xx_hal.o
LOAD Drivers/STM32F3xx_HAL_Driver/Src/stm32f3xx_hal_cortex.o
LOAD Drivers/STM32F3xx_HAL_Driver/Src/stm32f3xx_hal_dma.o
LOAD Drivers/STM32F3xx_HAL_Driver/Src/stm32f3xx_hal_exti.o
LOAD Drivers/STM32F3xx_HAL_Driver/Src/stm32f3xx_hal_flash.o
LOAD Drivers/STM32F3xx_HAL_Driver/Src/stm32f3xx_hal_flash_ex.o
LOAD Drivers/STM32F3xx_HAL_Driver/Src/stm32f3xx_hal_gpio.o
LOAD Drivers/STM32F3xx_HAL_Driver/Src/stm32f3xx_hal_i2c.o
LOAD Drivers/STM32F3xx_HAL_Driver/Src/stm32f3xx_hal_i2c_ex.o
LOAD Drivers/STM32F3xx_HAL_Driver/Src/stm32f3xx_hal_pwr.o
LOAD Drivers/STM32F3xx_HAL_Driver/Src/stm32f3xx_hal_pwr_ex.o
LOAD Drivers/STM32F3xx_HAL_Driver/Src/stm32f3xx_hal_rcc.o
LOAD Drivers/STM32F3xx_HAL_Driver/Src/stm32f3xx_hal_rcc_ex.o
LOAD Drivers/STM32F3xx_HAL_Driver/Src/stm32f3xx_hal_tim.o
LOAD Drivers/STM32F3xx_HAL_Driver/Src/stm32f3xx_hal_tim_ex.o
LOAD Drivers/STM32F3xx_HAL_Driver/Src/stm32f3xx_hal_uart.o
LOAD Drivers/STM32F3xx_HAL_Driver/Src/stm32f3xx_hal_uart_ex.o
START GROUP
LOAD c:/st/stm32cubeide_1.4.0/stm32cubeide/plugins/com.st.stm32cube.ide.mcu.externaltools.gnu-tools-for-stm32.7-2018-q2-update.win32_1.4.0.202007081208/tools/bin/../lib/gcc/arm-none-eabi/7.3.1/../../../../arm-none-eabi/lib/thumb/v7e-m/fpv4-sp/hard\libc_nano.a
LOAD c:/st/stm32cubeide_1.4.0/stm32cubeide/plugins/com.st.stm32cube.ide.mcu.externaltools.gnu-tools-for-stm32.7-2018-q2-update.win32_1.4.0.202007081208/tools/bin/../lib/gcc/arm-none-eabi/7.3.1/../../../../arm-none-eabi/lib/thumb/v7e-m/fpv4-sp/hard\libm.a
END GROUP
START GROUP
LOAD c:/st/stm32cubeide_1.4.0/stm32cubeide/plugins/com.st.stm32cube.ide.mcu.externaltools.gnu-tools-for-stm32.7-2018-q2-update.win32_1.4.0.202007081208/tools/bin/../lib/gcc/arm-none-eabi/7.3.1/thumb/v7e-m/fpv4-sp/hard\libgcc.a
LOAD c:/st/stm32cubeide_1.4.0/stm32cubeide/plugins/com.st.stm32cube.ide.mcu.externaltools.gnu-tools-for-stm32.7-2018-q2-update.win32_1.4.0.202007081208/tools/bin/../lib/gcc/arm-none-eabi/7.3.1/../../../../arm-none-eabi/lib/thumb/v7e-m/fpv4-sp/hard\libc_nano.a
END GROUP
START GROUP
LOAD c:/st/stm32cubeide_1.4.0/stm32cubeide/plugins/com.st.stm32cube.ide.mcu.externaltools.gnu-tools-for-stm32.7-2018-q2-update.win32_1.4.0.202007081208/tools/bin/../lib/gcc/arm-none-eabi/7.3.1/thumb/v7e-m/fpv4-sp/hard\libgcc.a
LOAD c:/st/stm32cubeide_1.4.0/stm32cubeide/plugins/com.st.stm32cube.ide.mcu.externaltools.gnu-tools-for-stm32.7-2018-q2-update.win32_1.4.0.202007081208/tools/bin/../lib/gcc/arm-none-eabi/7.3.1/../../../../arm-none-eabi/lib/thumb/v7e-m/fpv4-sp/hard\libc_nano.a
LOAD c:/st/stm32cubeide_1.4.0/stm32cubeide/plugins/com.st.stm32cube.ide.mcu.externaltools.gnu-tools-for-stm32.7-2018-q2-update.win32_1.4.0.202007081208/tools/bin/../lib/gcc/arm-none-eabi/7.3.1/../../../../arm-none-eabi/lib/thumb/v7e-m/fpv4-sp/hard\libnosys.a
END GROUP
START GROUP
LOAD c:/st/stm32cubeide_1.4.0/stm32cubeide/plugins/com.st.stm32cube.ide.mcu.externaltools.gnu-tools-for-stm32.7-2018-q2-update.win32_1.4.0.202007081208/tools/bin/../lib/gcc/arm-none-eabi/7.3.1/thumb/v7e-m/fpv4-sp/hard\libgcc.a
LOAD c:/st/stm32cubeide_1.4.0/stm32cubeide/plugins/com.st.stm32cube.ide.mcu.externaltools.gnu-tools-for-stm32.7-2018-q2-update.win32_1.4.0.202007081208/tools/bin/../lib/gcc/arm-none-eabi/7.3.1/../../../../arm-none-eabi/lib/thumb/v7e-m/fpv4-sp/hard\libc_nano.a
LOAD c:/st/stm32cubeide_1.4.0/stm32cubeide/plugins/com.st.stm32cube.ide.mcu.externaltools.gnu-tools-for-stm32.7-2018-q2-update.win32_1.4.0.202007081208/tools/bin/../lib/gcc/arm-none-eabi/7.3.1/../../../../arm-none-eabi/lib/thumb/v7e-m/fpv4-sp/hard\libnosys.a
END GROUP
LOAD c:/st/stm32cubeide_1.4.0/stm32cubeide/plugins/com.st.stm32cube.ide.mcu.externaltools.gnu-tools-for-stm32.7-2018-q2-update.win32_1.4.0.202007081208/tools/bin/../lib/gcc/arm-none-eabi/7.3.1/thumb/v7e-m/fpv4-sp/hard/crtend.o
LOAD c:/st/stm32cubeide_1.4.0/stm32cubeide/plugins/com.st.stm32cube.ide.mcu.externaltools.gnu-tools-for-stm32.7-2018-q2-update.win32_1.4.0.202007081208/tools/bin/../lib/gcc/arm-none-eabi/7.3.1/thumb/v7e-m/fpv4-sp/hard/crtn.o
                0x0000000020010000                _estack = (ORIGIN (RAM) + LENGTH (RAM))
                0x0000000000000200                _Min_Heap_Size = 0x200
                0x0000000000000400                _Min_Stack_Size = 0x400

.isr_vector     0x0000000008000000      0x194
                0x0000000008000000                . = ALIGN (0x4)
 *(.isr_vector)
 .isr_vector    0x0000000008000000      0x194 Core/Startup/startup_stm32f303retx.o
                0x0000000008000000                g_pfnVectors
                0x0000000008000194                . = ALIGN (0x4)

.text           0x0000000008000198     0x4e60
                0x0000000008000198                . = ALIGN (0x4)
 *(.text)
 .text          0x0000000008000198       0x40 c:/st/stm32cubeide_1.4.0/stm32cubeide/plugins/com.st.stm32cube.ide.mcu.externaltools.gnu-tools-for-stm32.7-2018-q2-update.win32_1.4.0.202007081208/tools/bin/../lib/gcc/arm-none-eabi/7.3.1/thumb/v7e-m/fpv4-sp/hard/crtbegin.o
 .text          0x00000000080001d8      0x378 c:/st/stm32cubeide_1.4.0/stm32cubeide/plugins/com.st.stm32cube.ide.mcu.externaltools.gnu-tools-for-stm32.7-2018-q2-update.win32_1.4.0.202007081208/tools/bin/../lib/gcc/arm-none-eabi/7.3.1/thumb/v7e-m/fpv4-sp/hard\libgcc.a(_arm_addsubdf3.o)
                0x00000000080001d8                __aeabi_drsub
                0x00000000080001e0                __aeabi_dsub
                0x00000000080001e0                __subdf3
                0x00000000080001e4                __aeabi_dadd
                0x00000000080001e4                __adddf3
                0x000000000800045c                __floatunsidf
                0x000000000800045c                __aeabi_ui2d
                0x000000000800047c                __floatsidf
                0x000000000800047c                __aeabi_i2d
                0x00000000080004a0                __aeabi_f2d
                0x00000000080004a0                __extendsfdf2
                0x00000000080004e4                __floatundidf
                0x00000000080004e4                __aeabi_ul2d
                0x00000000080004f4                __floatdidf
                0x00000000080004f4                __aeabi_l2d
 .text          0x0000000008000550      0x424 c:/st/stm32cubeide_1.4.0/stm32cubeide/plugins/com.st.stm32cube.ide.mcu.externaltools.gnu-tools-for-stm32.7-2018-q2-update.win32_1.4.0.202007081208/tools/bin/../lib/gcc/arm-none-eabi/7.3.1/thumb/v7e-m/fpv4-sp/hard\libgcc.a(_arm_muldivdf3.o)
                0x0000000008000550                __aeabi_dmul
                0x0000000008000550                __muldf3
                0x00000000080007a4                __divdf3
                0x00000000080007a4                __aeabi_ddiv
 .text          0x0000000008000974      0x110 c:/st/stm32cubeide_1.4.0/stm32cubeide/plugins/com.st.stm32cube.ide.mcu.externaltools.gnu-tools-for-stm32.7-2018-q2-update.win32_1.4.0.202007081208/tools/bin/../lib/gcc/arm-none-eabi/7.3.1/thumb/v7e-m/fpv4-sp/hard\libgcc.a(_arm_cmpdf2.o)
                0x0000000008000974                __gtdf2
                0x0000000008000974                __gedf2
                0x000000000800097c                __ltdf2
                0x000000000800097c                __ledf2
                0x0000000008000984                __nedf2
                0x0000000008000984                __eqdf2
                0x0000000008000984                __cmpdf2
                0x0000000008000a00                __aeabi_cdrcmple
                0x0000000008000a10                __aeabi_cdcmpeq
                0x0000000008000a10                __aeabi_cdcmple
                0x0000000008000a20                __aeabi_dcmpeq
                0x0000000008000a34                __aeabi_dcmplt
                0x0000000008000a48                __aeabi_dcmple
                0x0000000008000a5c                __aeabi_dcmpge
                0x0000000008000a70                __aeabi_dcmpgt
 .text          0x0000000008000a84       0x50 c:/st/stm32cubeide_1.4.0/stm32cubeide/plugins/com.st.stm32cube.ide.mcu.externaltools.gnu-tools-for-stm32.7-2018-q2-update.win32_1.4.0.202007081208/tools/bin/../lib/gcc/arm-none-eabi/7.3.1/thumb/v7e-m/fpv4-sp/hard\libgcc.a(_arm_fixdfsi.o)
                0x0000000008000a84                __aeabi_d2iz
                0x0000000008000a84                __fixdfsi
 .text          0x0000000008000ad4       0x40 c:/st/stm32cubeide_1.4.0/stm32cubeide/plugins/com.st.stm32cube.ide.mcu.externaltools.gnu-tools-for-stm32.7-2018-q2-update.win32_1.4.0.202007081208/tools/bin/../lib/gcc/arm-none-eabi/7.3.1/thumb/v7e-m/fpv4-sp/hard\libgcc.a(_arm_fixunsdfsi.o)
                0x0000000008000ad4                __aeabi_d2uiz
                0x0000000008000ad4                __fixunsdfsi
 *(.text*)
 .text.get_amount_of_times
                0x0000000008000b14       0x38 Core/Src/FIFO.o
                0x0000000008000b14                get_amount_of_times
 .text.read_data
                0x0000000008000b4c       0x44 Core/Src/FIFO.o
                0x0000000008000b4c                read_data
 .text.getLast  0x0000000008000b90       0x2c Core/Src/FIFO.o
                0x0000000008000b90                getLast
 .text.write_data_to_FIFO
                0x0000000008000bbc       0x66 Core/Src/FIFO.o
                0x0000000008000bbc                write_data_to_FIFO
 .text.read_time
                0x0000000008000c22       0x3c Core/Src/FIFO.o
                0x0000000008000c22                read_time
 *fill*         0x0000000008000c5e        0x2 
 .text.HAL_TIM_PeriodElapsedCallback
                0x0000000008000c60      0x114 Core/Src/Interrupt.o
                0x0000000008000c60                HAL_TIM_PeriodElapsedCallback
 .text.add_motors
                0x0000000008000d74       0x50 Core/Src/Objects.o
                0x0000000008000d74                add_motors
 .text.MX_GPIO_Init
                0x0000000008000dc4      0x178 Core/Src/gpio.o
                0x0000000008000dc4                MX_GPIO_Init
 .text.main     0x0000000008000f3c       0xfc Core/Src/main.o
                0x0000000008000f3c                main
 .text.SystemClock_Config
                0x0000000008001038       0xbc Core/Src/main.o
                0x0000000008001038                SystemClock_Config
 .text.Error_Handler
                0x00000000080010f4        0xe Core/Src/main.o
                0x00000000080010f4                Error_Handler
 .text.Motor_PinMode
                0x0000000008001102       0x90 Core/Src/motor.o
                0x0000000008001102                Motor_PinMode
 *fill*         0x0000000008001192        0x2 
 .text.Motor_MicroPinSet
                0x0000000008001194      0x13c Core/Src/motor.o
                0x0000000008001194                Motor_MicroPinSet
 .text.Motor_Init
                0x00000000080012d0       0x86 Core/Src/motor.o
                0x00000000080012d0                Motor_Init
 .text.motorStop
                0x0000000008001356       0x5a Core/Src/motor.o
                0x0000000008001356                motorStop
 .text.motorRun
                0x00000000080013b0      0x132 Core/Src/motor.o
                0x00000000080013b0                motorRun
 .text.motorStartMove
                0x00000000080014e2       0x72 Core/Src/motor.o
                0x00000000080014e2                motorStartMove
 .text.prepareMotor
                0x0000000008001554      0x11e Core/Src/motor.o
                0x0000000008001554                prepareMotor
 .text.device_choose
                0x0000000008001672       0x2e Core/Src/self_timer.o
                0x0000000008001672                device_choose
 .text.calculate_intterupts
                0x00000000080016a0       0x22 Core/Src/self_timer.o
                0x00000000080016a0                calculate_intterupts
 *fill*         0x00000000080016c2        0x2 
 .text.run_trigger
                0x00000000080016c4       0x90 Core/Src/self_timer.o
                0x00000000080016c4                run_trigger
 .text.set_trigger
                0x0000000008001754       0x3e Core/Src/self_timer.o
                0x0000000008001754                set_trigger
 .text.init_t   0x0000000008001792       0x32 Core/Src/self_timer.o
                0x0000000008001792                init_t
 .text.set      0x00000000080017c4       0xd0 Core/Src/setter.o
                0x00000000080017c4                set
 .text.set_for_angle
                0x0000000008001894       0xb8 Core/Src/setter.o
                0x0000000008001894                set_for_angle
 .text.set_stepLeft
                0x000000000800194c       0x32 Core/Src/setter.o
                0x000000000800194c                set_stepLeft
 .text.set_pulse
                0x000000000800197e       0x4a Core/Src/setter.o
                0x000000000800197e                set_pulse
 .text.HAL_MspInit
                0x00000000080019c8       0x48 Core/Src/stm32f3xx_hal_msp.o
                0x00000000080019c8                HAL_MspInit
 .text.NMI_Handler
                0x0000000008001a10        0xe Core/Src/stm32f3xx_it.o
                0x0000000008001a10                NMI_Handler
 .text.HardFault_Handler
                0x0000000008001a1e        0x6 Core/Src/stm32f3xx_it.o
                0x0000000008001a1e                HardFault_Handler
 .text.MemManage_Handler
                0x0000000008001a24        0x6 Core/Src/stm32f3xx_it.o
                0x0000000008001a24                MemManage_Handler
 .text.BusFault_Handler
                0x0000000008001a2a        0x6 Core/Src/stm32f3xx_it.o
                0x0000000008001a2a                BusFault_Handler
 .text.UsageFault_Handler
                0x0000000008001a30        0x6 Core/Src/stm32f3xx_it.o
                0x0000000008001a30                UsageFault_Handler
 .text.SVC_Handler
                0x0000000008001a36        0xe Core/Src/stm32f3xx_it.o
                0x0000000008001a36                SVC_Handler
 .text.DebugMon_Handler
                0x0000000008001a44        0xe Core/Src/stm32f3xx_it.o
                0x0000000008001a44                DebugMon_Handler
 .text.PendSV_Handler
                0x0000000008001a52        0xe Core/Src/stm32f3xx_it.o
                0x0000000008001a52                PendSV_Handler
 .text.SysTick_Handler
                0x0000000008001a60        0xc Core/Src/stm32f3xx_it.o
                0x0000000008001a60                SysTick_Handler
 .text.USART3_IRQHandler
                0x0000000008001a6c       0x14 Core/Src/stm32f3xx_it.o
                0x0000000008001a6c                USART3_IRQHandler
 .text.TIM6_DAC_IRQHandler
                0x0000000008001a80       0x14 Core/Src/stm32f3xx_it.o
                0x0000000008001a80                TIM6_DAC_IRQHandler
 .text.TIM7_IRQHandler
                0x0000000008001a94       0x14 Core/Src/stm32f3xx_it.o
                0x0000000008001a94                TIM7_IRQHandler
 .text._sbrk    0x0000000008001aa8       0x6c Core/Src/sysmem.o
                0x0000000008001aa8                _sbrk
 .text.SystemInit
                0x0000000008001b14       0x2c Core/Src/system_stm32f3xx.o
                0x0000000008001b14                SystemInit
 .text.MX_TIM6_Init
                0x0000000008001b40       0x6c Core/Src/tim.o
                0x0000000008001b40                MX_TIM6_Init
 .text.MX_TIM7_Init
                0x0000000008001bac       0x6c Core/Src/tim.o
                0x0000000008001bac                MX_TIM7_Init
 .text.HAL_TIM_Base_MspInit
                0x0000000008001c18       0x84 Core/Src/tim.o
                0x0000000008001c18                HAL_TIM_Base_MspInit
 .text.MX_USART3_UART_Init
                0x0000000008001c9c       0x60 Core/Src/usart.o
                0x0000000008001c9c                MX_USART3_UART_Init
 .text.HAL_UART_MspInit
                0x0000000008001cfc       0x98 Core/Src/usart.o
                0x0000000008001cfc                HAL_UART_MspInit
 .text.Reset_Handler
                0x0000000008001d94       0x50 Core/Startup/startup_stm32f303retx.o
                0x0000000008001d94                Reset_Handler
 .text.Default_Handler
                0x0000000008001de4        0x2 Core/Startup/startup_stm32f303retx.o
                0x0000000008001de4                RTC_Alarm_IRQHandler
                0x0000000008001de4                TIM8_TRG_COM_IRQHandler
                0x0000000008001de4                TIM8_CC_IRQHandler
                0x0000000008001de4                SPI4_IRQHandler
                0x0000000008001de4                TIM1_CC_IRQHandler
                0x0000000008001de4                USB_HP_IRQHandler
                0x0000000008001de4                PVD_IRQHandler
                0x0000000008001de4                TAMP_STAMP_IRQHandler
                0x0000000008001de4                EXTI3_IRQHandler
                0x0000000008001de4                I2C3_ER_IRQHandler
                0x0000000008001de4                USB_HP_CAN_TX_IRQHandler
                0x0000000008001de4                EXTI0_IRQHandler
                0x0000000008001de4                I2C2_EV_IRQHandler
                0x0000000008001de4                FPU_IRQHandler
                0x0000000008001de4                TIM1_UP_TIM16_IRQHandler
                0x0000000008001de4                ADC1_2_IRQHandler
                0x0000000008001de4                SPI1_IRQHandler
                0x0000000008001de4                CAN_SCE_IRQHandler
                0x0000000008001de4                TIM8_UP_IRQHandler
                0x0000000008001de4                DMA2_Channel2_IRQHandler
                0x0000000008001de4                DMA1_Channel4_IRQHandler
                0x0000000008001de4                TIM20_TRG_COM_IRQHandler
                0x0000000008001de4                DMA1_Channel7_IRQHandler
                0x0000000008001de4                UART5_IRQHandler
                0x0000000008001de4                ADC3_IRQHandler
                0x0000000008001de4                TIM4_IRQHandler
                0x0000000008001de4                CAN_RX1_IRQHandler
                0x0000000008001de4                DMA2_Channel1_IRQHandler
                0x0000000008001de4                I2C1_EV_IRQHandler
                0x0000000008001de4                DMA1_Channel6_IRQHandler
                0x0000000008001de4                UART4_IRQHandler
                0x0000000008001de4                DMA2_Channel4_IRQHandler
                0x0000000008001de4                TIM3_IRQHandler
                0x0000000008001de4                RCC_IRQHandler
                0x0000000008001de4                TIM20_UP_IRQHandler
                0x0000000008001de4                DMA1_Channel1_IRQHandler
                0x0000000008001de4                Default_Handler
                0x0000000008001de4                USBWakeUp_RMP_IRQHandler
                0x0000000008001de4                EXTI15_10_IRQHandler
                0x0000000008001de4                I2C3_EV_IRQHandler
                0x0000000008001de4                EXTI9_5_IRQHandler
                0x0000000008001de4                RTC_WKUP_IRQHandler
                0x0000000008001de4                SPI2_IRQHandler
                0x0000000008001de4                USB_LP_CAN_RX0_IRQHandler
                0x0000000008001de4                DMA2_Channel5_IRQHandler
                0x0000000008001de4                DMA1_Channel5_IRQHandler
                0x0000000008001de4                USB_LP_IRQHandler
                0x0000000008001de4                EXTI4_IRQHandler
                0x0000000008001de4                TIM1_TRG_COM_TIM17_IRQHandler
                0x0000000008001de4                DMA1_Channel3_IRQHandler
                0x0000000008001de4                ADC4_IRQHandler
                0x0000000008001de4                WWDG_IRQHandler
                0x0000000008001de4                TIM2_IRQHandler
                0x0000000008001de4                COMP7_IRQHandler
                0x0000000008001de4                COMP1_2_3_IRQHandler
                0x0000000008001de4                EXTI1_IRQHandler
                0x0000000008001de4                USART2_IRQHandler
                0x0000000008001de4                COMP4_5_6_IRQHandler
                0x0000000008001de4                TIM20_BRK_IRQHandler
                0x0000000008001de4                I2C2_ER_IRQHandler
                0x0000000008001de4                DMA1_Channel2_IRQHandler
                0x0000000008001de4                TIM8_BRK_IRQHandler
                0x0000000008001de4                FLASH_IRQHandler
                0x0000000008001de4                TIM20_CC_IRQHandler
                0x0000000008001de4                USART1_IRQHandler
                0x0000000008001de4                SPI3_IRQHandler
                0x0000000008001de4                I2C1_ER_IRQHandler
                0x0000000008001de4                FMC_IRQHandler
                0x0000000008001de4                USBWakeUp_IRQHandler
                0x0000000008001de4                DMA2_Channel3_IRQHandler
                0x0000000008001de4                EXTI2_TSC_IRQHandler
                0x0000000008001de4                TIM1_BRK_TIM15_IRQHandler
 *fill*         0x0000000008001de6        0x2 
 .text.HAL_Init
                0x0000000008001de8       0x2c Drivers/STM32F3xx_HAL_Driver/Src/stm32f3xx_hal.o
                0x0000000008001de8                HAL_Init
 .text.HAL_InitTick
                0x0000000008001e14       0x60 Drivers/STM32F3xx_HAL_Driver/Src/stm32f3xx_hal.o
                0x0000000008001e14                HAL_InitTick
 .text.HAL_IncTick
                0x0000000008001e74       0x28 Drivers/STM32F3xx_HAL_Driver/Src/stm32f3xx_hal.o
                0x0000000008001e74                HAL_IncTick
 .text.HAL_GetTick
                0x0000000008001e9c       0x18 Drivers/STM32F3xx_HAL_Driver/Src/stm32f3xx_hal.o
                0x0000000008001e9c                HAL_GetTick
 .text.HAL_Delay
                0x0000000008001eb4       0x44 Drivers/STM32F3xx_HAL_Driver/Src/stm32f3xx_hal.o
                0x0000000008001eb4                HAL_Delay
 .text.__NVIC_SetPriorityGrouping
                0x0000000008001ef8       0x48 Drivers/STM32F3xx_HAL_Driver/Src/stm32f3xx_hal_cortex.o
 .text.__NVIC_GetPriorityGrouping
                0x0000000008001f40       0x1c Drivers/STM32F3xx_HAL_Driver/Src/stm32f3xx_hal_cortex.o
 .text.__NVIC_EnableIRQ
                0x0000000008001f5c       0x3c Drivers/STM32F3xx_HAL_Driver/Src/stm32f3xx_hal_cortex.o
 .text.__NVIC_SetPriority
                0x0000000008001f98       0x54 Drivers/STM32F3xx_HAL_Driver/Src/stm32f3xx_hal_cortex.o
 .text.NVIC_EncodePriority
                0x0000000008001fec       0x66 Drivers/STM32F3xx_HAL_Driver/Src/stm32f3xx_hal_cortex.o
 *fill*         0x0000000008002052        0x2 
 .text.SysTick_Config
                0x0000000008002054       0x44 Drivers/STM32F3xx_HAL_Driver/Src/stm32f3xx_hal_cortex.o
 .text.HAL_NVIC_SetPriorityGrouping
                0x0000000008002098       0x16 Drivers/STM32F3xx_HAL_Driver/Src/stm32f3xx_hal_cortex.o
                0x0000000008002098                HAL_NVIC_SetPriorityGrouping
 .text.HAL_NVIC_SetPriority
                0x00000000080020ae       0x38 Drivers/STM32F3xx_HAL_Driver/Src/stm32f3xx_hal_cortex.o
                0x00000000080020ae                HAL_NVIC_SetPriority
 .text.HAL_NVIC_EnableIRQ
                0x00000000080020e6       0x1c Drivers/STM32F3xx_HAL_Driver/Src/stm32f3xx_hal_cortex.o
                0x00000000080020e6                HAL_NVIC_EnableIRQ
 .text.HAL_SYSTICK_Config
                0x0000000008002102       0x18 Drivers/STM32F3xx_HAL_Driver/Src/stm32f3xx_hal_cortex.o
                0x0000000008002102                HAL_SYSTICK_Config
 .text.HAL_DMA_Abort_IT
                0x000000000800211a       0x7c Drivers/STM32F3xx_HAL_Driver/Src/stm32f3xx_hal_dma.o
                0x000000000800211a                HAL_DMA_Abort_IT
 *fill*         0x0000000008002196        0x2 
 .text.HAL_GPIO_Init
                0x0000000008002198      0x314 Drivers/STM32F3xx_HAL_Driver/Src/stm32f3xx_hal_gpio.o
                0x0000000008002198                HAL_GPIO_Init
 .text.HAL_GPIO_WritePin
                0x00000000080024ac       0x30 Drivers/STM32F3xx_HAL_Driver/Src/stm32f3xx_hal_gpio.o
                0x00000000080024ac                HAL_GPIO_WritePin
 .text.HAL_RCC_OscConfig
                0x00000000080024dc      0xe2c Drivers/STM32F3xx_HAL_Driver/Src/stm32f3xx_hal_rcc.o
                0x00000000080024dc                HAL_RCC_OscConfig
 .text.HAL_RCC_ClockConfig
                0x0000000008003308      0x2f8 Drivers/STM32F3xx_HAL_Driver/Src/stm32f3xx_hal_rcc.o
                0x0000000008003308                HAL_RCC_ClockConfig
 .text.HAL_RCC_GetSysClockFreq
                0x0000000008003600       0xd4 Drivers/STM32F3xx_HAL_Driver/Src/stm32f3xx_hal_rcc.o
                0x0000000008003600                HAL_RCC_GetSysClockFreq
 .text.HAL_RCC_GetHCLKFreq
                0x00000000080036d4       0x18 Drivers/STM32F3xx_HAL_Driver/Src/stm32f3xx_hal_rcc.o
                0x00000000080036d4                HAL_RCC_GetHCLKFreq
 .text.HAL_RCC_GetPCLK1Freq
                0x00000000080036ec       0x44 Drivers/STM32F3xx_HAL_Driver/Src/stm32f3xx_hal_rcc.o
                0x00000000080036ec                HAL_RCC_GetPCLK1Freq
 .text.HAL_RCC_GetPCLK2Freq
                0x0000000008003730       0x44 Drivers/STM32F3xx_HAL_Driver/Src/stm32f3xx_hal_rcc.o
                0x0000000008003730                HAL_RCC_GetPCLK2Freq
 .text.HAL_RCCEx_PeriphCLKConfig
                0x0000000008003774      0x43c Drivers/STM32F3xx_HAL_Driver/Src/stm32f3xx_hal_rcc_ex.o
                0x0000000008003774                HAL_RCCEx_PeriphCLKConfig
 .text.HAL_TIM_Base_Init
                0x0000000008003bb0       0x56 Drivers/STM32F3xx_HAL_Driver/Src/stm32f3xx_hal_tim.o
                0x0000000008003bb0                HAL_TIM_Base_Init
 *fill*         0x0000000008003c06        0x2 
 .text.HAL_TIM_Base_Start_IT
                0x0000000008003c08       0x54 Drivers/STM32F3xx_HAL_Driver/Src/stm32f3xx_hal_tim.o
                0x0000000008003c08                HAL_TIM_Base_Start_IT
 .text.HAL_TIM_Base_Stop_IT
                0x0000000008003c5c       0x56 Drivers/STM32F3xx_HAL_Driver/Src/stm32f3xx_hal_tim.o
                0x0000000008003c5c                HAL_TIM_Base_Stop_IT
 .text.HAL_TIM_IRQHandler
                0x0000000008003cb2      0x23e Drivers/STM32F3xx_HAL_Driver/Src/stm32f3xx_hal_tim.o
                0x0000000008003cb2                HAL_TIM_IRQHandler
 .text.HAL_TIM_OC_DelayElapsedCallback
                0x0000000008003ef0       0x14 Drivers/STM32F3xx_HAL_Driver/Src/stm32f3xx_hal_tim.o
                0x0000000008003ef0                HAL_TIM_OC_DelayElapsedCallback
 .text.HAL_TIM_IC_CaptureCallback
                0x0000000008003f04       0x14 Drivers/STM32F3xx_HAL_Driver/Src/stm32f3xx_hal_tim.o
                0x0000000008003f04                HAL_TIM_IC_CaptureCallback
 .text.HAL_TIM_PWM_PulseFinishedCallback
                0x0000000008003f18       0x14 Drivers/STM32F3xx_HAL_Driver/Src/stm32f3xx_hal_tim.o
                0x0000000008003f18                HAL_TIM_PWM_PulseFinishedCallback
 .text.HAL_TIM_TriggerCallback
                0x0000000008003f2c       0x14 Drivers/STM32F3xx_HAL_Driver/Src/stm32f3xx_hal_tim.o
                0x0000000008003f2c                HAL_TIM_TriggerCallback
 .text.TIM_Base_SetConfig
                0x0000000008003f40      0x13c Drivers/STM32F3xx_HAL_Driver/Src/stm32f3xx_hal_tim.o
                0x0000000008003f40                TIM_Base_SetConfig
 .text.HAL_TIMEx_MasterConfigSynchronization
                0x000000000800407c      0x118 Drivers/STM32F3xx_HAL_Driver/Src/stm32f3xx_hal_tim_ex.o
                0x000000000800407c                HAL_TIMEx_MasterConfigSynchronization
 .text.HAL_TIMEx_CommutCallback
                0x0000000008004194       0x14 Drivers/STM32F3xx_HAL_Driver/Src/stm32f3xx_hal_tim_ex.o
                0x0000000008004194                HAL_TIMEx_CommutCallback
 .text.HAL_TIMEx_BreakCallback
                0x00000000080041a8       0x14 Drivers/STM32F3xx_HAL_Driver/Src/stm32f3xx_hal_tim_ex.o
                0x00000000080041a8                HAL_TIMEx_BreakCallback
 .text.HAL_TIMEx_Break2Callback
                0x00000000080041bc       0x14 Drivers/STM32F3xx_HAL_Driver/Src/stm32f3xx_hal_tim_ex.o
                0x00000000080041bc                HAL_TIMEx_Break2Callback
 .text.HAL_UART_Init
                0x00000000080041d0       0x9c Drivers/STM32F3xx_HAL_Driver/Src/stm32f3xx_hal_uart.o
                0x00000000080041d0                HAL_UART_Init
 .text.HAL_UART_IRQHandler
                0x000000000800426c      0x28c Drivers/STM32F3xx_HAL_Driver/Src/stm32f3xx_hal_uart.o
                0x000000000800426c                HAL_UART_IRQHandler
 .text.HAL_UART_TxCpltCallback
                0x00000000080044f8       0x14 Drivers/STM32F3xx_HAL_Driver/Src/stm32f3xx_hal_uart.o
                0x00000000080044f8                HAL_UART_TxCpltCallback
 .text.HAL_UART_ErrorCallback
                0x000000000800450c       0x14 Drivers/STM32F3xx_HAL_Driver/Src/stm32f3xx_hal_uart.o
                0x000000000800450c                HAL_UART_ErrorCallback
 .text.UART_SetConfig
                0x0000000008004520      0x434 Drivers/STM32F3xx_HAL_Driver/Src/stm32f3xx_hal_uart.o
                0x0000000008004520                UART_SetConfig
 .text.UART_AdvFeatureConfig
                0x0000000008004954      0x144 Drivers/STM32F3xx_HAL_Driver/Src/stm32f3xx_hal_uart.o
                0x0000000008004954                UART_AdvFeatureConfig
 .text.UART_CheckIdleState
                0x0000000008004a98       0x8a Drivers/STM32F3xx_HAL_Driver/Src/stm32f3xx_hal_uart.o
                0x0000000008004a98                UART_CheckIdleState
 .text.UART_WaitOnFlagUntilTimeout
                0x0000000008004b22       0xf6 Drivers/STM32F3xx_HAL_Driver/Src/stm32f3xx_hal_uart.o
                0x0000000008004b22                UART_WaitOnFlagUntilTimeout
 .text.UART_EndRxTransfer
                0x0000000008004c18       0x40 Drivers/STM32F3xx_HAL_Driver/Src/stm32f3xx_hal_uart.o
 .text.UART_DMAAbortOnError
                0x0000000008004c58       0x2c Drivers/STM32F3xx_HAL_Driver/Src/stm32f3xx_hal_uart.o
 .text.UART_EndTransmit_IT
                0x0000000008004c84       0x32 Drivers/STM32F3xx_HAL_Driver/Src/stm32f3xx_hal_uart.o
 .text.HAL_UARTEx_WakeupCallback
                0x0000000008004cb6       0x14 Drivers/STM32F3xx_HAL_Driver/Src/stm32f3xx_hal_uart_ex.o
                0x0000000008004cb6                HAL_UARTEx_WakeupCallback
 *fill*         0x0000000008004cca        0x2 
 .text.__errno  0x0000000008004ccc        0xc c:/st/stm32cubeide_1.4.0/stm32cubeide/plugins/com.st.stm32cube.ide.mcu.externaltools.gnu-tools-for-stm32.7-2018-q2-update.win32_1.4.0.202007081208/tools/bin/../lib/gcc/arm-none-eabi/7.3.1/../../../../arm-none-eabi/lib/thumb/v7e-m/fpv4-sp/hard\libc_nano.a(lib_a-errno.o)
                0x0000000008004ccc                __errno
 .text.__libc_init_array
                0x0000000008004cd8       0x48 c:/st/stm32cubeide_1.4.0/stm32cubeide/plugins/com.st.stm32cube.ide.mcu.externaltools.gnu-tools-for-stm32.7-2018-q2-update.win32_1.4.0.202007081208/tools/bin/../lib/gcc/arm-none-eabi/7.3.1/../../../../arm-none-eabi/lib/thumb/v7e-m/fpv4-sp/hard\libc_nano.a(lib_a-init.o)
                0x0000000008004cd8                __libc_init_array
 .text.malloc   0x0000000008004d20       0x10 c:/st/stm32cubeide_1.4.0/stm32cubeide/plugins/com.st.stm32cube.ide.mcu.externaltools.gnu-tools-for-stm32.7-2018-q2-update.win32_1.4.0.202007081208/tools/bin/../lib/gcc/arm-none-eabi/7.3.1/../../../../arm-none-eabi/lib/thumb/v7e-m/fpv4-sp/hard\libc_nano.a(lib_a-malloc.o)
                0x0000000008004d20                malloc
 .text.free     0x0000000008004d30       0x10 c:/st/stm32cubeide_1.4.0/stm32cubeide/plugins/com.st.stm32cube.ide.mcu.externaltools.gnu-tools-for-stm32.7-2018-q2-update.win32_1.4.0.202007081208/tools/bin/../lib/gcc/arm-none-eabi/7.3.1/../../../../arm-none-eabi/lib/thumb/v7e-m/fpv4-sp/hard\libc_nano.a(lib_a-malloc.o)
                0x0000000008004d30                free
 .text.memcpy   0x0000000008004d40       0x16 c:/st/stm32cubeide_1.4.0/stm32cubeide/plugins/com.st.stm32cube.ide.mcu.externaltools.gnu-tools-for-stm32.7-2018-q2-update.win32_1.4.0.202007081208/tools/bin/../lib/gcc/arm-none-eabi/7.3.1/../../../../arm-none-eabi/lib/thumb/v7e-m/fpv4-sp/hard\libc_nano.a(lib_a-memcpy-stub.o)
                0x0000000008004d40                memcpy
 .text.memset   0x0000000008004d56       0x10 c:/st/stm32cubeide_1.4.0/stm32cubeide/plugins/com.st.stm32cube.ide.mcu.externaltools.gnu-tools-for-stm32.7-2018-q2-update.win32_1.4.0.202007081208/tools/bin/../lib/gcc/arm-none-eabi/7.3.1/../../../../arm-none-eabi/lib/thumb/v7e-m/fpv4-sp/hard\libc_nano.a(lib_a-memset.o)
                0x0000000008004d56                memset
 *fill*         0x0000000008004d66        0x2 
 .text._free_r  0x0000000008004d68       0x9c c:/st/stm32cubeide_1.4.0/stm32cubeide/plugins/com.st.stm32cube.ide.mcu.externaltools.gnu-tools-for-stm32.7-2018-q2-update.win32_1.4.0.202007081208/tools/bin/../lib/gcc/arm-none-eabi/7.3.1/../../../../arm-none-eabi/lib/thumb/v7e-m/fpv4-sp/hard\libc_nano.a(lib_a-nano-freer.o)
                0x0000000008004d68                _free_r
 .text._malloc_r
                0x0000000008004e04       0xb4 c:/st/stm32cubeide_1.4.0/stm32cubeide/plugins/com.st.stm32cube.ide.mcu.externaltools.gnu-tools-for-stm32.7-2018-q2-update.win32_1.4.0.202007081208/tools/bin/../lib/gcc/arm-none-eabi/7.3.1/../../../../arm-none-eabi/lib/thumb/v7e-m/fpv4-sp/hard\libc_nano.a(lib_a-nano-mallocr.o)
                0x0000000008004e04                _malloc_r
 .text._sbrk_r  0x0000000008004eb8       0x20 c:/st/stm32cubeide_1.4.0/stm32cubeide/plugins/com.st.stm32cube.ide.mcu.externaltools.gnu-tools-for-stm32.7-2018-q2-update.win32_1.4.0.202007081208/tools/bin/../lib/gcc/arm-none-eabi/7.3.1/../../../../arm-none-eabi/lib/thumb/v7e-m/fpv4-sp/hard\libc_nano.a(lib_a-sbrkr.o)
                0x0000000008004eb8                _sbrk_r
 .text.__malloc_lock
                0x0000000008004ed8        0x2 c:/st/stm32cubeide_1.4.0/stm32cubeide/plugins/com.st.stm32cube.ide.mcu.externaltools.gnu-tools-for-stm32.7-2018-q2-update.win32_1.4.0.202007081208/tools/bin/../lib/gcc/arm-none-eabi/7.3.1/../../../../arm-none-eabi/lib/thumb/v7e-m/fpv4-sp/hard\libc_nano.a(lib_a-mlock.o)
                0x0000000008004ed8                __malloc_lock
 .text.__malloc_unlock
                0x0000000008004eda        0x2 c:/st/stm32cubeide_1.4.0/stm32cubeide/plugins/com.st.stm32cube.ide.mcu.externaltools.gnu-tools-for-stm32.7-2018-q2-update.win32_1.4.0.202007081208/tools/bin/../lib/gcc/arm-none-eabi/7.3.1/../../../../arm-none-eabi/lib/thumb/v7e-m/fpv4-sp/hard\libc_nano.a(lib_a-mlock.o)
                0x0000000008004eda                __malloc_unlock
 *fill*         0x0000000008004edc        0x4 
 .text.ceil     0x0000000008004ee0      0x100 c:/st/stm32cubeide_1.4.0/stm32cubeide/plugins/com.st.stm32cube.ide.mcu.externaltools.gnu-tools-for-stm32.7-2018-q2-update.win32_1.4.0.202007081208/tools/bin/../lib/gcc/arm-none-eabi/7.3.1/../../../../arm-none-eabi/lib/thumb/v7e-m/fpv4-sp/hard\libm.a(lib_a-s_ceil.o)
                0x0000000008004ee0                ceil
 *(.glue_7)
 .glue_7        0x0000000008004fe0        0x0 linker stubs
 *(.glue_7t)
 .glue_7t       0x0000000008004fe0        0x0 linker stubs
 *(.eh_frame)
 .eh_frame      0x0000000008004fe0        0x0 c:/st/stm32cubeide_1.4.0/stm32cubeide/plugins/com.st.stm32cube.ide.mcu.externaltools.gnu-tools-for-stm32.7-2018-q2-update.win32_1.4.0.202007081208/tools/bin/../lib/gcc/arm-none-eabi/7.3.1/thumb/v7e-m/fpv4-sp/hard/crtbegin.o
 *(.init)
 .init          0x0000000008004fe0        0x4 c:/st/stm32cubeide_1.4.0/stm32cubeide/plugins/com.st.stm32cube.ide.mcu.externaltools.gnu-tools-for-stm32.7-2018-q2-update.win32_1.4.0.202007081208/tools/bin/../lib/gcc/arm-none-eabi/7.3.1/thumb/v7e-m/fpv4-sp/hard/crti.o
                0x0000000008004fe0                _init
 .init          0x0000000008004fe4        0x8 c:/st/stm32cubeide_1.4.0/stm32cubeide/plugins/com.st.stm32cube.ide.mcu.externaltools.gnu-tools-for-stm32.7-2018-q2-update.win32_1.4.0.202007081208/tools/bin/../lib/gcc/arm-none-eabi/7.3.1/thumb/v7e-m/fpv4-sp/hard/crtn.o
 *(.fini)
 .fini          0x0000000008004fec        0x4 c:/st/stm32cubeide_1.4.0/stm32cubeide/plugins/com.st.stm32cube.ide.mcu.externaltools.gnu-tools-for-stm32.7-2018-q2-update.win32_1.4.0.202007081208/tools/bin/../lib/gcc/arm-none-eabi/7.3.1/thumb/v7e-m/fpv4-sp/hard/crti.o
                0x0000000008004fec                _fini
 .fini          0x0000000008004ff0        0x8 c:/st/stm32cubeide_1.4.0/stm32cubeide/plugins/com.st.stm32cube.ide.mcu.externaltools.gnu-tools-for-stm32.7-2018-q2-update.win32_1.4.0.202007081208/tools/bin/../lib/gcc/arm-none-eabi/7.3.1/thumb/v7e-m/fpv4-sp/hard/crtn.o
                0x0000000008004ff8                . = ALIGN (0x4)
                0x0000000008004ff8                _etext = .

.vfp11_veneer   0x0000000008004ff8        0x0
 .vfp11_veneer  0x0000000008004ff8        0x0 linker stubs

.v4_bx          0x0000000008004ff8        0x0
 .v4_bx         0x0000000008004ff8        0x0 linker stubs

.iplt           0x0000000008004ff8        0x0
 .iplt          0x0000000008004ff8        0x0 c:/st/stm32cubeide_1.4.0/stm32cubeide/plugins/com.st.stm32cube.ide.mcu.externaltools.gnu-tools-for-stm32.7-2018-q2-update.win32_1.4.0.202007081208/tools/bin/../lib/gcc/arm-none-eabi/7.3.1/thumb/v7e-m/fpv4-sp/hard/crtbegin.o

.rodata         0x0000000008004ff8       0x38
                0x0000000008004ff8                . = ALIGN (0x4)
 *(.rodata)
 *(.rodata*)
 .rodata.AHBPrescTable
                0x0000000008004ff8       0x10 Core/Src/system_stm32f3xx.o
                0x0000000008004ff8                AHBPrescTable
 .rodata.APBPrescTable
                0x0000000008005008        0x8 Core/Src/system_stm32f3xx.o
                0x0000000008005008                APBPrescTable
 .rodata.aPLLMULFactorTable
                0x0000000008005010       0x10 Drivers/STM32F3xx_HAL_Driver/Src/stm32f3xx_hal_rcc.o
                0x0000000008005010                aPLLMULFactorTable
 .rodata.aPredivFactorTable
                0x0000000008005020       0x10 Drivers/STM32F3xx_HAL_Driver/Src/stm32f3xx_hal_rcc.o
                0x0000000008005020                aPredivFactorTable
                0x0000000008005030                . = ALIGN (0x4)

.rel.dyn        0x0000000008005030        0x0
 .rel.iplt      0x0000000008005030        0x0 c:/st/stm32cubeide_1.4.0/stm32cubeide/plugins/com.st.stm32cube.ide.mcu.externaltools.gnu-tools-for-stm32.7-2018-q2-update.win32_1.4.0.202007081208/tools/bin/../lib/gcc/arm-none-eabi/7.3.1/thumb/v7e-m/fpv4-sp/hard/crtbegin.o

.ARM.extab      0x0000000008005030        0x0
                0x0000000008005030                . = ALIGN (0x4)
 *(.ARM.extab* .gnu.linkonce.armextab.*)
                0x0000000008005030                . = ALIGN (0x4)

.ARM            0x0000000008005030        0x0
                0x0000000008005030                . = ALIGN (0x4)
                0x0000000008005030                __exidx_start = .
 *(.ARM.exidx*)
                0x0000000008005030                __exidx_end = .
                0x0000000008005030                . = ALIGN (0x4)

.preinit_array  0x0000000008005030        0x0
                0x0000000008005030                . = ALIGN (0x4)
                0x0000000008005030                PROVIDE (__preinit_array_start = .)
 *(.preinit_array*)
                0x0000000008005030                PROVIDE (__preinit_array_end = .)
                0x0000000008005030                . = ALIGN (0x4)

.init_array     0x0000000008005030        0x4
                0x0000000008005030                . = ALIGN (0x4)
                0x0000000008005030                PROVIDE (__init_array_start = .)
 *(SORT_BY_NAME(.init_array.*))
 *(.init_array*)
 .init_array    0x0000000008005030        0x4 c:/st/stm32cubeide_1.4.0/stm32cubeide/plugins/com.st.stm32cube.ide.mcu.externaltools.gnu-tools-for-stm32.7-2018-q2-update.win32_1.4.0.202007081208/tools/bin/../lib/gcc/arm-none-eabi/7.3.1/thumb/v7e-m/fpv4-sp/hard/crtbegin.o
                0x0000000008005034                PROVIDE (__init_array_end = .)
                0x0000000008005034                . = ALIGN (0x4)

.fini_array     0x0000000008005034        0x4
                0x0000000008005034                . = ALIGN (0x4)
                [!provide]                        PROVIDE (__fini_array_start = .)
 *(SORT_BY_NAME(.fini_array.*))
 *(.fini_array*)
 .fini_array    0x0000000008005034        0x4 c:/st/stm32cubeide_1.4.0/stm32cubeide/plugins/com.st.stm32cube.ide.mcu.externaltools.gnu-tools-for-stm32.7-2018-q2-update.win32_1.4.0.202007081208/tools/bin/../lib/gcc/arm-none-eabi/7.3.1/thumb/v7e-m/fpv4-sp/hard/crtbegin.o
                [!provide]                        PROVIDE (__fini_array_end = .)
                0x0000000008005038                . = ALIGN (0x4)
                0x0000000008005038                _sidata = LOADADDR (.data)

.data           0x0000000020000000      0x1e0 load address 0x0000000008005038
                0x0000000020000000                . = ALIGN (0x4)
                0x0000000020000000                _sdata = .
 *(.data)
 *(.data*)
 .data.state.9030
                0x0000000020000000        0x1 Core/Src/Interrupt.o
 *fill*         0x0000000020000001        0x7 
 .data.motor1   0x0000000020000008       0x78 Core/Src/Objects.o
                0x0000000020000008                motor1
 .data.motor2   0x0000000020000080       0x78 Core/Src/Objects.o
                0x0000000020000080                motor2
 .data.motor3   0x00000000200000f8       0x78 Core/Src/Objects.o
                0x00000000200000f8                motor3
 .data.SystemCoreClock
                0x0000000020000170        0x4 Core/Src/system_stm32f3xx.o
                0x0000000020000170                SystemCoreClock
 .data.uwTickPrio
                0x0000000020000174        0x4 Drivers/STM32F3xx_HAL_Driver/Src/stm32f3xx_hal.o
                0x0000000020000174                uwTickPrio
 .data.uwTickFreq
                0x0000000020000178        0x1 Drivers/STM32F3xx_HAL_Driver/Src/stm32f3xx_hal.o
                0x0000000020000178                uwTickFreq
 *fill*         0x0000000020000179        0x3 
 .data._impure_ptr
                0x000000002000017c        0x4 c:/st/stm32cubeide_1.4.0/stm32cubeide/plugins/com.st.stm32cube.ide.mcu.externaltools.gnu-tools-for-stm32.7-2018-q2-update.win32_1.4.0.202007081208/tools/bin/../lib/gcc/arm-none-eabi/7.3.1/../../../../arm-none-eabi/lib/thumb/v7e-m/fpv4-sp/hard\libc_nano.a(lib_a-impure.o)
                0x000000002000017c                _impure_ptr
 .data.impure_data
                0x0000000020000180       0x60 c:/st/stm32cubeide_1.4.0/stm32cubeide/plugins/com.st.stm32cube.ide.mcu.externaltools.gnu-tools-for-stm32.7-2018-q2-update.win32_1.4.0.202007081208/tools/bin/../lib/gcc/arm-none-eabi/7.3.1/../../../../arm-none-eabi/lib/thumb/v7e-m/fpv4-sp/hard\libc_nano.a(lib_a-impure.o)
                0x00000000200001e0                . = ALIGN (0x4)
                0x00000000200001e0                _edata = .

.igot.plt       0x00000000200001e0        0x0 load address 0x0000000008005218
 .igot.plt      0x00000000200001e0        0x0 c:/st/stm32cubeide_1.4.0/stm32cubeide/plugins/com.st.stm32cube.ide.mcu.externaltools.gnu-tools-for-stm32.7-2018-q2-update.win32_1.4.0.202007081208/tools/bin/../lib/gcc/arm-none-eabi/7.3.1/thumb/v7e-m/fpv4-sp/hard/crtbegin.o
                0x00000000200001e0                . = ALIGN (0x4)

.bss            0x00000000200001e0      0x2bc load address 0x0000000008005218
                0x00000000200001e0                _sbss = .
                0x00000000200001e0                __bss_start__ = _sbss
 *(.bss)
 .bss           0x00000000200001e0       0x1c c:/st/stm32cubeide_1.4.0/stm32cubeide/plugins/com.st.stm32cube.ide.mcu.externaltools.gnu-tools-for-stm32.7-2018-q2-update.win32_1.4.0.202007081208/tools/bin/../lib/gcc/arm-none-eabi/7.3.1/thumb/v7e-m/fpv4-sp/hard/crtbegin.o
 *(.bss*)
 .bss.retval    0x00000000200001fc        0x1 Core/Src/Interrupt.o
                0x00000000200001fc                retval
 .bss.stoppingPoint
                0x00000000200001fd        0x1 Core/Src/setter.o
 *fill*         0x00000000200001fe        0x2 
 .bss.__sbrk_heap_end
                0x0000000020000200        0x4 Core/Src/sysmem.o
 .bss.__malloc_free_list
                0x0000000020000204        0x4 c:/st/stm32cubeide_1.4.0/stm32cubeide/plugins/com.st.stm32cube.ide.mcu.externaltools.gnu-tools-for-stm32.7-2018-q2-update.win32_1.4.0.202007081208/tools/bin/../lib/gcc/arm-none-eabi/7.3.1/../../../../arm-none-eabi/lib/thumb/v7e-m/fpv4-sp/hard\libc_nano.a(lib_a-nano-mallocr.o)
                0x0000000020000204                __malloc_free_list
 .bss.__malloc_sbrk_start
                0x0000000020000208        0x4 c:/st/stm32cubeide_1.4.0/stm32cubeide/plugins/com.st.stm32cube.ide.mcu.externaltools.gnu-tools-for-stm32.7-2018-q2-update.win32_1.4.0.202007081208/tools/bin/../lib/gcc/arm-none-eabi/7.3.1/../../../../arm-none-eabi/lib/thumb/v7e-m/fpv4-sp/hard\libc_nano.a(lib_a-nano-mallocr.o)
                0x0000000020000208                __malloc_sbrk_start
 *(COMMON)
 *fill*         0x000000002000020c        0x4 
 COMMON         0x0000000020000210      0x181 Core/Src/Interrupt.o
                0x0000000020000210                timer_T
                0x0000000020000228                Motor_set
                0x0000000020000390                Err_Mode
 *fill*         0x0000000020000391        0x1 
 COMMON         0x0000000020000392        0x2 Core/Src/setter.o
                0x0000000020000392                time
 COMMON         0x0000000020000394       0x80 Core/Src/tim.o
                0x0000000020000394                htim6
                0x00000000200003d4                htim7
 COMMON         0x0000000020000414       0x80 Core/Src/usart.o
                0x0000000020000414                huart3
 COMMON         0x0000000020000494        0x4 Drivers/STM32F3xx_HAL_Driver/Src/stm32f3xx_hal.o
                0x0000000020000494                uwTick
 COMMON         0x0000000020000498        0x4 c:/st/stm32cubeide_1.4.0/stm32cubeide/plugins/com.st.stm32cube.ide.mcu.externaltools.gnu-tools-for-stm32.7-2018-q2-update.win32_1.4.0.202007081208/tools/bin/../lib/gcc/arm-none-eabi/7.3.1/../../../../arm-none-eabi/lib/thumb/v7e-m/fpv4-sp/hard\libc_nano.a(lib_a-reent.o)
                0x0000000020000498                errno
                0x000000002000049c                . = ALIGN (0x4)
                0x000000002000049c                _ebss = .
                0x000000002000049c                __bss_end__ = _ebss

._user_heap_stack
                0x000000002000049c      0x604 load address 0x0000000008005218
                0x00000000200004a0                . = ALIGN (0x8)
 *fill*         0x000000002000049c        0x4 
                [!provide]                        PROVIDE (end = .)
                0x00000000200004a0                PROVIDE (_end = .)
                0x00000000200006a0                . = (. + _Min_Heap_Size)
 *fill*         0x00000000200004a0      0x200 
                0x0000000020000aa0                . = (. + _Min_Stack_Size)
 *fill*         0x00000000200006a0      0x400 
                0x0000000020000aa0                . = ALIGN (0x8)

/DISCARD/
 libc.a(*)
 libm.a(*)
 libgcc.a(*)

.ARM.attributes
                0x0000000000000000       0x30
 *(.ARM.attributes)
 .ARM.attributes
                0x0000000000000000       0x22 c:/st/stm32cubeide_1.4.0/stm32cubeide/plugins/com.st.stm32cube.ide.mcu.externaltools.gnu-tools-for-stm32.7-2018-q2-update.win32_1.4.0.202007081208/tools/bin/../lib/gcc/arm-none-eabi/7.3.1/thumb/v7e-m/fpv4-sp/hard/crti.o
 .ARM.attributes
                0x0000000000000022       0x34 c:/st/stm32cubeide_1.4.0/stm32cubeide/plugins/com.st.stm32cube.ide.mcu.externaltools.gnu-tools-for-stm32.7-2018-q2-update.win32_1.4.0.202007081208/tools/bin/../lib/gcc/arm-none-eabi/7.3.1/thumb/v7e-m/fpv4-sp/hard/crtbegin.o
 .ARM.attributes
                0x0000000000000056       0x39 Core/Src/FIFO.o
 .ARM.attributes
                0x000000000000008f       0x39 Core/Src/Interrupt.o
 .ARM.attributes
                0x00000000000000c8       0x39 Core/Src/Objects.o
 .ARM.attributes
                0x0000000000000101       0x39 Core/Src/gpio.o
 .ARM.attributes
                0x000000000000013a       0x39 Core/Src/main.o
 .ARM.attributes
                0x0000000000000173       0x39 Core/Src/motor.o
 .ARM.attributes
                0x00000000000001ac       0x39 Core/Src/self_timer.o
 .ARM.attributes
                0x00000000000001e5       0x39 Core/Src/setter.o
 .ARM.attributes
                0x000000000000021e       0x39 Core/Src/stm32f3xx_hal_msp.o
 .ARM.attributes
                0x0000000000000257       0x39 Core/Src/stm32f3xx_it.o
 .ARM.attributes
                0x0000000000000290       0x39 Core/Src/sysmem.o
 .ARM.attributes
                0x00000000000002c9       0x39 Core/Src/system_stm32f3xx.o
 .ARM.attributes
                0x0000000000000302       0x39 Core/Src/tim.o
 .ARM.attributes
                0x000000000000033b       0x39 Core/Src/usart.o
 .ARM.attributes
                0x0000000000000374       0x21 Core/Startup/startup_stm32f303retx.o
 .ARM.attributes
                0x0000000000000395       0x39 Drivers/STM32F3xx_HAL_Driver/Src/stm32f3xx_hal.o
 .ARM.attributes
                0x00000000000003ce       0x39 Drivers/STM32F3xx_HAL_Driver/Src/stm32f3xx_hal_cortex.o
 .ARM.attributes
                0x0000000000000407       0x39 Drivers/STM32F3xx_HAL_Driver/Src/stm32f3xx_hal_dma.o
 .ARM.attributes
                0x0000000000000440       0x39 Drivers/STM32F3xx_HAL_Driver/Src/stm32f3xx_hal_gpio.o
 .ARM.attributes
                0x0000000000000479       0x39 Drivers/STM32F3xx_HAL_Driver/Src/stm32f3xx_hal_rcc.o
 .ARM.attributes
                0x00000000000004b2       0x39 Drivers/STM32F3xx_HAL_Driver/Src/stm32f3xx_hal_rcc_ex.o
 .ARM.attributes
                0x00000000000004eb       0x39 Drivers/STM32F3xx_HAL_Driver/Src/stm32f3xx_hal_tim.o
 .ARM.attributes
                0x0000000000000524       0x39 Drivers/STM32F3xx_HAL_Driver/Src/stm32f3xx_hal_tim_ex.o
 .ARM.attributes
                0x000000000000055d       0x39 Drivers/STM32F3xx_HAL_Driver/Src/stm32f3xx_hal_uart.o
 .ARM.attributes
                0x0000000000000596       0x39 Drivers/STM32F3xx_HAL_Driver/Src/stm32f3xx_hal_uart_ex.o
 .ARM.attributes
                0x00000000000005cf       0x34 c:/st/stm32cubeide_1.4.0/stm32cubeide/plugins/com.st.stm32cube.ide.mcu.externaltools.gnu-tools-for-stm32.7-2018-q2-update.win32_1.4.0.202007081208/tools/bin/../lib/gcc/arm-none-eabi/7.3.1/../../../../arm-none-eabi/lib/thumb/v7e-m/fpv4-sp/hard\libc_nano.a(lib_a-errno.o)
 .ARM.attributes
                0x0000000000000603       0x34 c:/st/stm32cubeide_1.4.0/stm32cubeide/plugins/com.st.stm32cube.ide.mcu.externaltools.gnu-tools-for-stm32.7-2018-q2-update.win32_1.4.0.202007081208/tools/bin/../lib/gcc/arm-none-eabi/7.3.1/../../../../arm-none-eabi/lib/thumb/v7e-m/fpv4-sp/hard\libc_nano.a(lib_a-impure.o)
 .ARM.attributes
                0x0000000000000637       0x34 c:/st/stm32cubeide_1.4.0/stm32cubeide/plugins/com.st.stm32cube.ide.mcu.externaltools.gnu-tools-for-stm32.7-2018-q2-update.win32_1.4.0.202007081208/tools/bin/../lib/gcc/arm-none-eabi/7.3.1/../../../../arm-none-eabi/lib/thumb/v7e-m/fpv4-sp/hard\libc_nano.a(lib_a-init.o)
 .ARM.attributes
                0x000000000000066b       0x34 c:/st/stm32cubeide_1.4.0/stm32cubeide/plugins/com.st.stm32cube.ide.mcu.externaltools.gnu-tools-for-stm32.7-2018-q2-update.win32_1.4.0.202007081208/tools/bin/../lib/gcc/arm-none-eabi/7.3.1/../../../../arm-none-eabi/lib/thumb/v7e-m/fpv4-sp/hard\libc_nano.a(lib_a-malloc.o)
 .ARM.attributes
                0x000000000000069f       0x34 c:/st/stm32cubeide_1.4.0/stm32cubeide/plugins/com.st.stm32cube.ide.mcu.externaltools.gnu-tools-for-stm32.7-2018-q2-update.win32_1.4.0.202007081208/tools/bin/../lib/gcc/arm-none-eabi/7.3.1/../../../../arm-none-eabi/lib/thumb/v7e-m/fpv4-sp/hard\libc_nano.a(lib_a-memcpy-stub.o)
 .ARM.attributes
                0x00000000000006d3       0x34 c:/st/stm32cubeide_1.4.0/stm32cubeide/plugins/com.st.stm32cube.ide.mcu.externaltools.gnu-tools-for-stm32.7-2018-q2-update.win32_1.4.0.202007081208/tools/bin/../lib/gcc/arm-none-eabi/7.3.1/../../../../arm-none-eabi/lib/thumb/v7e-m/fpv4-sp/hard\libc_nano.a(lib_a-memset.o)
 .ARM.attributes
                0x0000000000000707       0x34 c:/st/stm32cubeide_1.4.0/stm32cubeide/plugins/com.st.stm32cube.ide.mcu.externaltools.gnu-tools-for-stm32.7-2018-q2-update.win32_1.4.0.202007081208/tools/bin/../lib/gcc/arm-none-eabi/7.3.1/../../../../arm-none-eabi/lib/thumb/v7e-m/fpv4-sp/hard\libc_nano.a(lib_a-nano-freer.o)
 .ARM.attributes
                0x000000000000073b       0x34 c:/st/stm32cubeide_1.4.0/stm32cubeide/plugins/com.st.stm32cube.ide.mcu.externaltools.gnu-tools-for-stm32.7-2018-q2-update.win32_1.4.0.202007081208/tools/bin/../lib/gcc/arm-none-eabi/7.3.1/../../../../arm-none-eabi/lib/thumb/v7e-m/fpv4-sp/hard\libc_nano.a(lib_a-nano-mallocr.o)
 .ARM.attributes
                0x000000000000076f       0x34 c:/st/stm32cubeide_1.4.0/stm32cubeide/plugins/com.st.stm32cube.ide.mcu.externaltools.gnu-tools-for-stm32.7-2018-q2-update.win32_1.4.0.202007081208/tools/bin/../lib/gcc/arm-none-eabi/7.3.1/../../../../arm-none-eabi/lib/thumb/v7e-m/fpv4-sp/hard\libc_nano.a(lib_a-sbrkr.o)
 .ARM.attributes
                0x00000000000007a3       0x34 c:/st/stm32cubeide_1.4.0/stm32cubeide/plugins/com.st.stm32cube.ide.mcu.externaltools.gnu-tools-for-stm32.7-2018-q2-update.win32_1.4.0.202007081208/tools/bin/../lib/gcc/arm-none-eabi/7.3.1/../../../../arm-none-eabi/lib/thumb/v7e-m/fpv4-sp/hard\libc_nano.a(lib_a-mlock.o)
 .ARM.attributes
                0x00000000000007d7       0x34 c:/st/stm32cubeide_1.4.0/stm32cubeide/plugins/com.st.stm32cube.ide.mcu.externaltools.gnu-tools-for-stm32.7-2018-q2-update.win32_1.4.0.202007081208/tools/bin/../lib/gcc/arm-none-eabi/7.3.1/../../../../arm-none-eabi/lib/thumb/v7e-m/fpv4-sp/hard\libc_nano.a(lib_a-reent.o)
 .ARM.attributes
                0x000000000000080b       0x34 c:/st/stm32cubeide_1.4.0/stm32cubeide/plugins/com.st.stm32cube.ide.mcu.externaltools.gnu-tools-for-stm32.7-2018-q2-update.win32_1.4.0.202007081208/tools/bin/../lib/gcc/arm-none-eabi/7.3.1/../../../../arm-none-eabi/lib/thumb/v7e-m/fpv4-sp/hard\libm.a(lib_a-s_ceil.o)
 .ARM.attributes
                0x000000000000083f       0x22 c:/st/stm32cubeide_1.4.0/stm32cubeide/plugins/com.st.stm32cube.ide.mcu.externaltools.gnu-tools-for-stm32.7-2018-q2-update.win32_1.4.0.202007081208/tools/bin/../lib/gcc/arm-none-eabi/7.3.1/thumb/v7e-m/fpv4-sp/hard\libgcc.a(_arm_addsubdf3.o)
 .ARM.attributes
                0x0000000000000861       0x22 c:/st/stm32cubeide_1.4.0/stm32cubeide/plugins/com.st.stm32cube.ide.mcu.externaltools.gnu-tools-for-stm32.7-2018-q2-update.win32_1.4.0.202007081208/tools/bin/../lib/gcc/arm-none-eabi/7.3.1/thumb/v7e-m/fpv4-sp/hard\libgcc.a(_arm_muldivdf3.o)
 .ARM.attributes
                0x0000000000000883       0x22 c:/st/stm32cubeide_1.4.0/stm32cubeide/plugins/com.st.stm32cube.ide.mcu.externaltools.gnu-tools-for-stm32.7-2018-q2-update.win32_1.4.0.202007081208/tools/bin/../lib/gcc/arm-none-eabi/7.3.1/thumb/v7e-m/fpv4-sp/hard\libgcc.a(_arm_cmpdf2.o)
 .ARM.attributes
                0x00000000000008a5       0x22 c:/st/stm32cubeide_1.4.0/stm32cubeide/plugins/com.st.stm32cube.ide.mcu.externaltools.gnu-tools-for-stm32.7-2018-q2-update.win32_1.4.0.202007081208/tools/bin/../lib/gcc/arm-none-eabi/7.3.1/thumb/v7e-m/fpv4-sp/hard\libgcc.a(_arm_fixdfsi.o)
 .ARM.attributes
                0x00000000000008c7       0x22 c:/st/stm32cubeide_1.4.0/stm32cubeide/plugins/com.st.stm32cube.ide.mcu.externaltools.gnu-tools-for-stm32.7-2018-q2-update.win32_1.4.0.202007081208/tools/bin/../lib/gcc/arm-none-eabi/7.3.1/thumb/v7e-m/fpv4-sp/hard\libgcc.a(_arm_fixunsdfsi.o)
 .ARM.attributes
                0x00000000000008e9       0x22 c:/st/stm32cubeide_1.4.0/stm32cubeide/plugins/com.st.stm32cube.ide.mcu.externaltools.gnu-tools-for-stm32.7-2018-q2-update.win32_1.4.0.202007081208/tools/bin/../lib/gcc/arm-none-eabi/7.3.1/thumb/v7e-m/fpv4-sp/hard/crtn.o
OUTPUT(Slider_Controller.elf elf32-littlearm)

.debug_info     0x0000000000000000    0x14c0b
 .debug_info    0x0000000000000000      0xa2a Core/Src/FIFO.o
 .debug_info    0x0000000000000a2a     0x134f Core/Src/Interrupt.o
 .debug_info    0x0000000000001d79     0x1240 Core/Src/Objects.o
 .debug_info    0x0000000000002fb9      0x407 Core/Src/gpio.o
 .debug_info    0x00000000000033c0     0x181a Core/Src/main.o
 .debug_info    0x0000000000004bda      0xefa Core/Src/motor.o
 .debug_info    0x0000000000005ad4     0x1358 Core/Src/self_timer.o
 .debug_info    0x0000000000006e2c     0x1323 Core/Src/setter.o
 .debug_info    0x000000000000814f      0x278 Core/Src/stm32f3xx_hal_msp.o
 .debug_info    0x00000000000083c7      0xa0e Core/Src/stm32f3xx_it.o
 .debug_info    0x0000000000008dd5      0x985 Core/Src/sysmem.o
 .debug_info    0x000000000000975a      0x45c Core/Src/system_stm32f3xx.o
 .debug_info    0x0000000000009bb6      0xa36 Core/Src/tim.o
 .debug_info    0x000000000000a5ec      0xb16 Core/Src/usart.o
 .debug_info    0x000000000000b102       0x22 Core/Startup/startup_stm32f303retx.o
 .debug_info    0x000000000000b124      0x812 Drivers/STM32F3xx_HAL_Driver/Src/stm32f3xx_hal.o
 .debug_info    0x000000000000b936      0xdc9 Drivers/STM32F3xx_HAL_Driver/Src/stm32f3xx_hal_cortex.o
 .debug_info    0x000000000000c6ff      0x7cb Drivers/STM32F3xx_HAL_Driver/Src/stm32f3xx_hal_dma.o
 .debug_info    0x000000000000ceca      0x7c1 Drivers/STM32F3xx_HAL_Driver/Src/stm32f3xx_hal_gpio.o
 .debug_info    0x000000000000d68b     0x181f Drivers/STM32F3xx_HAL_Driver/Src/stm32f3xx_hal_rcc.o
 .debug_info    0x000000000000eeaa      0x712 Drivers/STM32F3xx_HAL_Driver/Src/stm32f3xx_hal_rcc_ex.o
 .debug_info    0x000000000000f5bc     0x2648 Drivers/STM32F3xx_HAL_Driver/Src/stm32f3xx_hal_tim.o
 .debug_info    0x0000000000011c04     0x11d7 Drivers/STM32F3xx_HAL_Driver/Src/stm32f3xx_hal_tim_ex.o
 .debug_info    0x0000000000012ddb     0x1592 Drivers/STM32F3xx_HAL_Driver/Src/stm32f3xx_hal_uart.o
 .debug_info    0x000000000001436d      0x89e Drivers/STM32F3xx_HAL_Driver/Src/stm32f3xx_hal_uart_ex.o

.debug_abbrev   0x0000000000000000     0x2f8c
 .debug_abbrev  0x0000000000000000      0x20d Core/Src/FIFO.o
 .debug_abbrev  0x000000000000020d      0x28c Core/Src/Interrupt.o
 .debug_abbrev  0x0000000000000499      0x219 Core/Src/Objects.o
 .debug_abbrev  0x00000000000006b2      0x134 Core/Src/gpio.o
 .debug_abbrev  0x00000000000007e6      0x263 Core/Src/main.o
 .debug_abbrev  0x0000000000000a49      0x286 Core/Src/motor.o
 .debug_abbrev  0x0000000000000ccf      0x278 Core/Src/self_timer.o
 .debug_abbrev  0x0000000000000f47      0x26b Core/Src/setter.o
 .debug_abbrev  0x00000000000011b2      0x109 Core/Src/stm32f3xx_hal_msp.o
 .debug_abbrev  0x00000000000012bb      0x15a Core/Src/stm32f3xx_it.o
 .debug_abbrev  0x0000000000001415      0x19b Core/Src/sysmem.o
 .debug_abbrev  0x00000000000015b0      0x12b Core/Src/system_stm32f3xx.o
 .debug_abbrev  0x00000000000016db      0x1a4 Core/Src/tim.o
 .debug_abbrev  0x000000000000187f      0x1a2 Core/Src/usart.o
 .debug_abbrev  0x0000000000001a21       0x12 Core/Startup/startup_stm32f303retx.o
 .debug_abbrev  0x0000000000001a33      0x1c7 Drivers/STM32F3xx_HAL_Driver/Src/stm32f3xx_hal.o
 .debug_abbrev  0x0000000000001bfa      0x2fa Drivers/STM32F3xx_HAL_Driver/Src/stm32f3xx_hal_cortex.o
 .debug_abbrev  0x0000000000001ef4      0x1fe Drivers/STM32F3xx_HAL_Driver/Src/stm32f3xx_hal_dma.o
 .debug_abbrev  0x00000000000020f2      0x1c0 Drivers/STM32F3xx_HAL_Driver/Src/stm32f3xx_hal_gpio.o
 .debug_abbrev  0x00000000000022b2      0x28c Drivers/STM32F3xx_HAL_Driver/Src/stm32f3xx_hal_rcc.o
 .debug_abbrev  0x000000000000253e      0x219 Drivers/STM32F3xx_HAL_Driver/Src/stm32f3xx_hal_rcc_ex.o
 .debug_abbrev  0x0000000000002757      0x230 Drivers/STM32F3xx_HAL_Driver/Src/stm32f3xx_hal_tim.o
 .debug_abbrev  0x0000000000002987      0x21e Drivers/STM32F3xx_HAL_Driver/Src/stm32f3xx_hal_tim_ex.o
 .debug_abbrev  0x0000000000002ba5      0x205 Drivers/STM32F3xx_HAL_Driver/Src/stm32f3xx_hal_uart.o
 .debug_abbrev  0x0000000000002daa      0x1e2 Drivers/STM32F3xx_HAL_Driver/Src/stm32f3xx_hal_uart_ex.o

.debug_aranges  0x0000000000000000      0xe50
 .debug_aranges
                0x0000000000000000       0x40 Core/Src/FIFO.o
 .debug_aranges
                0x0000000000000040       0x28 Core/Src/Interrupt.o
 .debug_aranges
                0x0000000000000068       0x20 Core/Src/Objects.o
 .debug_aranges
                0x0000000000000088       0x20 Core/Src/gpio.o
 .debug_aranges
                0x00000000000000a8       0x30 Core/Src/main.o
 .debug_aranges
                0x00000000000000d8       0x70 Core/Src/motor.o
 .debug_aranges
                0x0000000000000148       0x40 Core/Src/self_timer.o
 .debug_aranges
                0x0000000000000188       0x38 Core/Src/setter.o
 .debug_aranges
                0x00000000000001c0       0x20 Core/Src/stm32f3xx_hal_msp.o
 .debug_aranges
                0x00000000000001e0       0x78 Core/Src/stm32f3xx_it.o
 .debug_aranges
                0x0000000000000258       0x20 Core/Src/sysmem.o
 .debug_aranges
                0x0000000000000278       0x28 Core/Src/system_stm32f3xx.o
 .debug_aranges
                0x00000000000002a0       0x38 Core/Src/tim.o
 .debug_aranges
                0x00000000000002d8       0x30 Core/Src/usart.o
 .debug_aranges
                0x0000000000000308       0x28 Core/Startup/startup_stm32f303retx.o
 .debug_aranges
                0x0000000000000330       0xe0 Drivers/STM32F3xx_HAL_Driver/Src/stm32f3xx_hal.o
 .debug_aranges
                0x0000000000000410      0x118 Drivers/STM32F3xx_HAL_Driver/Src/stm32f3xx_hal_cortex.o
 .debug_aranges
                0x0000000000000528       0x88 Drivers/STM32F3xx_HAL_Driver/Src/stm32f3xx_hal_dma.o
 .debug_aranges
                0x00000000000005b0       0x58 Drivers/STM32F3xx_HAL_Driver/Src/stm32f3xx_hal_gpio.o
 .debug_aranges
                0x0000000000000608       0x88 Drivers/STM32F3xx_HAL_Driver/Src/stm32f3xx_hal_rcc.o
 .debug_aranges
                0x0000000000000690       0x38 Drivers/STM32F3xx_HAL_Driver/Src/stm32f3xx_hal_rcc_ex.o
 .debug_aranges
                0x00000000000006c8      0x3c8 Drivers/STM32F3xx_HAL_Driver/Src/stm32f3xx_hal_tim.o
 .debug_aranges
                0x0000000000000a90      0x160 Drivers/STM32F3xx_HAL_Driver/Src/stm32f3xx_hal_tim_ex.o
 .debug_aranges
                0x0000000000000bf0      0x210 Drivers/STM32F3xx_HAL_Driver/Src/stm32f3xx_hal_uart.o
 .debug_aranges
                0x0000000000000e00       0x50 Drivers/STM32F3xx_HAL_Driver/Src/stm32f3xx_hal_uart_ex.o

.debug_ranges   0x0000000000000000      0xcc8
 .debug_ranges  0x0000000000000000       0x30 Core/Src/FIFO.o
 .debug_ranges  0x0000000000000030       0x18 Core/Src/Interrupt.o
 .debug_ranges  0x0000000000000048       0x10 Core/Src/Objects.o
 .debug_ranges  0x0000000000000058       0x10 Core/Src/gpio.o
 .debug_ranges  0x0000000000000068       0x20 Core/Src/main.o
 .debug_ranges  0x0000000000000088       0x60 Core/Src/motor.o
 .debug_ranges  0x00000000000000e8       0x30 Core/Src/self_timer.o
 .debug_ranges  0x0000000000000118       0x28 Core/Src/setter.o
 .debug_ranges  0x0000000000000140       0x10 Core/Src/stm32f3xx_hal_msp.o
 .debug_ranges  0x0000000000000150       0x68 Core/Src/stm32f3xx_it.o
 .debug_ranges  0x00000000000001b8       0x10 Core/Src/sysmem.o
 .debug_ranges  0x00000000000001c8       0x18 Core/Src/system_stm32f3xx.o
 .debug_ranges  0x00000000000001e0       0x28 Core/Src/tim.o
 .debug_ranges  0x0000000000000208       0x20 Core/Src/usart.o
 .debug_ranges  0x0000000000000228       0x20 Core/Startup/startup_stm32f303retx.o
 .debug_ranges  0x0000000000000248       0xd0 Drivers/STM32F3xx_HAL_Driver/Src/stm32f3xx_hal.o
 .debug_ranges  0x0000000000000318      0x108 Drivers/STM32F3xx_HAL_Driver/Src/stm32f3xx_hal_cortex.o
 .debug_ranges  0x0000000000000420       0x78 Drivers/STM32F3xx_HAL_Driver/Src/stm32f3xx_hal_dma.o
 .debug_ranges  0x0000000000000498       0x48 Drivers/STM32F3xx_HAL_Driver/Src/stm32f3xx_hal_gpio.o
 .debug_ranges  0x00000000000004e0       0x78 Drivers/STM32F3xx_HAL_Driver/Src/stm32f3xx_hal_rcc.o
 .debug_ranges  0x0000000000000558       0x28 Drivers/STM32F3xx_HAL_Driver/Src/stm32f3xx_hal_rcc_ex.o
 .debug_ranges  0x0000000000000580      0x3b8 Drivers/STM32F3xx_HAL_Driver/Src/stm32f3xx_hal_tim.o
 .debug_ranges  0x0000000000000938      0x150 Drivers/STM32F3xx_HAL_Driver/Src/stm32f3xx_hal_tim_ex.o
 .debug_ranges  0x0000000000000a88      0x200 Drivers/STM32F3xx_HAL_Driver/Src/stm32f3xx_hal_uart.o
 .debug_ranges  0x0000000000000c88       0x40 Drivers/STM32F3xx_HAL_Driver/Src/stm32f3xx_hal_uart_ex.o

.debug_macro    0x0000000000000000    0x1f60b
 .debug_macro   0x0000000000000000      0x1fc Core/Src/FIFO.o
 .debug_macro   0x00000000000001fc      0xa5a Core/Src/FIFO.o
 .debug_macro   0x0000000000000c56       0x22 Core/Src/FIFO.o
 .debug_macro   0x0000000000000c78       0x8e Core/Src/FIFO.o
 .debug_macro   0x0000000000000d06       0x51 Core/Src/FIFO.o
 .debug_macro   0x0000000000000d57       0xef Core/Src/FIFO.o
 .debug_macro   0x0000000000000e46       0x6a Core/Src/FIFO.o
 .debug_macro   0x0000000000000eb0      0x1df Core/Src/FIFO.o
 .debug_macro   0x000000000000108f       0x46 Core/Src/FIFO.o
 .debug_macro   0x00000000000010d5       0x18 Core/Src/FIFO.o
 .debug_macro   0x00000000000010ed       0x3c Core/Src/FIFO.o
 .debug_macro   0x0000000000001129       0x34 Core/Src/FIFO.o
 .debug_macro   0x000000000000115d       0x16 Core/Src/FIFO.o
 .debug_macro   0x0000000000001173       0x97 Core/Src/FIFO.o
 .debug_macro   0x000000000000120a      0x330 Core/Src/FIFO.o
 .debug_macro   0x000000000000153a       0xfd Core/Src/FIFO.o
 .debug_macro   0x0000000000001637       0x10 Core/Src/FIFO.o
 .debug_macro   0x0000000000001647       0x52 Core/Src/FIFO.o
 .debug_macro   0x0000000000001699       0x1f Core/Src/FIFO.o
 .debug_macro   0x00000000000016b8       0x43 Core/Src/FIFO.o
 .debug_macro   0x00000000000016fb       0x20 Core/Src/FIFO.o
 .debug_macro   0x000000000000171b      0x1a3 Core/Src/FIFO.o
 .debug_macro   0x00000000000018be       0x10 Core/Src/FIFO.o
 .debug_macro   0x00000000000018ce       0x1c Core/Src/FIFO.o
 .debug_macro   0x00000000000018ea       0x52 Core/Src/FIFO.o
 .debug_macro   0x000000000000193c       0x40 Core/Src/FIFO.o
 .debug_macro   0x000000000000197c       0x10 Core/Src/FIFO.o
 .debug_macro   0x000000000000198c       0x40 Core/Src/FIFO.o
 .debug_macro   0x00000000000019cc       0xd7 Core/Src/FIFO.o
 .debug_macro   0x0000000000001aa3       0x1c Core/Src/FIFO.o
 .debug_macro   0x0000000000001abf       0x3d Core/Src/FIFO.o
 .debug_macro   0x0000000000001afc       0x16 Core/Src/FIFO.o
 .debug_macro   0x0000000000001b12      0x145 Core/Src/FIFO.o
 .debug_macro   0x0000000000001c57       0x16 Core/Src/FIFO.o
 .debug_macro   0x0000000000001c6d       0x35 Core/Src/FIFO.o
 .debug_macro   0x0000000000001ca2       0x16 Core/Src/FIFO.o
 .debug_macro   0x0000000000001cb8       0x29 Core/Src/FIFO.o
 .debug_macro   0x0000000000001ce1      0x2c6 Core/Src/Interrupt.o
 .debug_macro   0x0000000000001fa7      0x157 Core/Src/Interrupt.o
 .debug_macro   0x00000000000020fe       0x2e Core/Src/Interrupt.o
 .debug_macro   0x000000000000212c       0x28 Core/Src/Interrupt.o
 .debug_macro   0x0000000000002154       0x1c Core/Src/Interrupt.o
 .debug_macro   0x0000000000002170       0x22 Core/Src/Interrupt.o
 .debug_macro   0x0000000000002192       0xdf Core/Src/Interrupt.o
 .debug_macro   0x0000000000002271     0x102d Core/Src/Interrupt.o
 .debug_macro   0x000000000000329e      0x11f Core/Src/Interrupt.o
 .debug_macro   0x00000000000033bd    0x15353 Core/Src/Interrupt.o
 .debug_macro   0x0000000000018710       0x43 Core/Src/Interrupt.o
 .debug_macro   0x0000000000018753      0x174 Core/Src/Interrupt.o
 .debug_macro   0x00000000000188c7       0x53 Core/Src/Interrupt.o
 .debug_macro   0x000000000001891a      0x954 Core/Src/Interrupt.o
 .debug_macro   0x000000000001926e      0x84a Core/Src/Interrupt.o
 .debug_macro   0x0000000000019ab8      0x12f Core/Src/Interrupt.o
 .debug_macro   0x0000000000019be7      0x23a Core/Src/Interrupt.o
 .debug_macro   0x0000000000019e21      0x1ea Core/Src/Interrupt.o
 .debug_macro   0x000000000001a00b      0x1bc Core/Src/Interrupt.o
 .debug_macro   0x000000000001a1c7       0x30 Core/Src/Interrupt.o
 .debug_macro   0x000000000001a1f7       0x3c Core/Src/Interrupt.o
 .debug_macro   0x000000000001a233      0x236 Core/Src/Interrupt.o
 .debug_macro   0x000000000001a469       0xc5 Core/Src/Interrupt.o
 .debug_macro   0x000000000001a52e      0x21d Core/Src/Interrupt.o
 .debug_macro   0x000000000001a74b      0x22c Core/Src/Interrupt.o
 .debug_macro   0x000000000001a977       0x5b Core/Src/Interrupt.o
 .debug_macro   0x000000000001a9d2       0xa5 Core/Src/Interrupt.o
 .debug_macro   0x000000000001aa77       0x81 Core/Src/Interrupt.o
 .debug_macro   0x000000000001aaf8       0xd3 Core/Src/Interrupt.o
 .debug_macro   0x000000000001abcb      0x9e9 Core/Src/Interrupt.o
 .debug_macro   0x000000000001b5b4       0xbb Core/Src/Interrupt.o
 .debug_macro   0x000000000001b66f      0x589 Core/Src/Interrupt.o
 .debug_macro   0x000000000001bbf8       0x44 Core/Src/Interrupt.o
 .debug_macro   0x000000000001bc3c      0x347 Core/Src/Interrupt.o
 .debug_macro   0x000000000001bf83      0x12a Core/Src/Interrupt.o
 .debug_macro   0x000000000001c0ad      0x32a Core/Src/Interrupt.o
 .debug_macro   0x000000000001c3d7      0x1e1 Core/Src/Interrupt.o
 .debug_macro   0x000000000001c5b8       0x22 Core/Src/Interrupt.o
 .debug_macro   0x000000000001c5da       0x34 Core/Src/Interrupt.o
 .debug_macro   0x000000000001c60e       0x10 Core/Src/Interrupt.o
 .debug_macro   0x000000000001c61e      0x2b5 Core/Src/Objects.o
 .debug_macro   0x000000000001c8d3      0x124 Core/Src/Objects.o
 .debug_macro   0x000000000001c9f7      0x1e7 Core/Src/gpio.o
 .debug_macro   0x000000000001cbde      0x2ea Core/Src/main.o
 .debug_macro   0x000000000001cec8      0x29b Core/Src/motor.o
 .debug_macro   0x000000000001d163      0x2ba Core/Src/self_timer.o
 .debug_macro   0x000000000001d41d      0x2b5 Core/Src/setter.o
 .debug_macro   0x000000000001d6d2      0x1dd Core/Src/stm32f3xx_hal_msp.o
 .debug_macro   0x000000000001d8af      0x1e7 Core/Src/stm32f3xx_it.o
 .debug_macro   0x000000000001da96       0xee Core/Src/sysmem.o
 .debug_macro   0x000000000001db84      0x23b Core/Src/sysmem.o
 .debug_macro   0x000000000001ddbf      0x1d4 Core/Src/system_stm32f3xx.o
 .debug_macro   0x000000000001df93      0x1e7 Core/Src/tim.o
 .debug_macro   0x000000000001e17a      0x1e7 Core/Src/usart.o
 .debug_macro   0x000000000001e361      0x1f2 Drivers/STM32F3xx_HAL_Driver/Src/stm32f3xx_hal.o
 .debug_macro   0x000000000001e553      0x1ce Drivers/STM32F3xx_HAL_Driver/Src/stm32f3xx_hal_cortex.o
 .debug_macro   0x000000000001e721      0x1ce Drivers/STM32F3xx_HAL_Driver/Src/stm32f3xx_hal_dma.o
 .debug_macro   0x000000000001e8ef      0x206 Drivers/STM32F3xx_HAL_Driver/Src/stm32f3xx_hal_gpio.o
 .debug_macro   0x000000000001eaf5      0x1f2 Drivers/STM32F3xx_HAL_Driver/Src/stm32f3xx_hal_rcc.o
 .debug_macro   0x000000000001ece7      0x1ce Drivers/STM32F3xx_HAL_Driver/Src/stm32f3xx_hal_rcc_ex.o
 .debug_macro   0x000000000001eeb5      0x1cf Drivers/STM32F3xx_HAL_Driver/Src/stm32f3xx_hal_tim.o
 .debug_macro   0x000000000001f084      0x1ce Drivers/STM32F3xx_HAL_Driver/Src/stm32f3xx_hal_tim_ex.o
 .debug_macro   0x000000000001f252      0x1eb Drivers/STM32F3xx_HAL_Driver/Src/stm32f3xx_hal_uart.o
 .debug_macro   0x000000000001f43d      0x1ce Drivers/STM32F3xx_HAL_Driver/Src/stm32f3xx_hal_uart_ex.o

.debug_line     0x0000000000000000     0xe6d2
 .debug_line    0x0000000000000000      0x602 Core/Src/FIFO.o
 .debug_line    0x0000000000000602      0x891 Core/Src/Interrupt.o
 .debug_line    0x0000000000000e93      0x806 Core/Src/Objects.o
 .debug_line    0x0000000000001699      0x6c8 Core/Src/gpio.o
 .debug_line    0x0000000000001d61      0x8a3 Core/Src/main.o
 .debug_line    0x0000000000002604      0x948 Core/Src/motor.o
 .debug_line    0x0000000000002f4c      0x887 Core/Src/self_timer.o
 .debug_line    0x00000000000037d3      0x872 Core/Src/setter.o
 .debug_line    0x0000000000004045      0x6ab Core/Src/stm32f3xx_hal_msp.o
 .debug_line    0x00000000000046f0      0x785 Core/Src/stm32f3xx_it.o
 .debug_line    0x0000000000004e75      0x4c7 Core/Src/sysmem.o
 .debug_line    0x000000000000533c      0x6cb Core/Src/system_stm32f3xx.o
 .debug_line    0x0000000000005a07      0x705 Core/Src/tim.o
 .debug_line    0x000000000000610c      0x6e4 Core/Src/usart.o
 .debug_line    0x00000000000067f0       0x85 Core/Startup/startup_stm32f303retx.o
 .debug_line    0x0000000000006875      0x886 Drivers/STM32F3xx_HAL_Driver/Src/stm32f3xx_hal.o
 .debug_line    0x00000000000070fb      0x9bb Drivers/STM32F3xx_HAL_Driver/Src/stm32f3xx_hal_cortex.o
 .debug_line    0x0000000000007ab6      0x8c5 Drivers/STM32F3xx_HAL_Driver/Src/stm32f3xx_hal_dma.o
 .debug_line    0x000000000000837b      0x861 Drivers/STM32F3xx_HAL_Driver/Src/stm32f3xx_hal_gpio.o
 .debug_line    0x0000000000008bdc      0xe01 Drivers/STM32F3xx_HAL_Driver/Src/stm32f3xx_hal_rcc.o
 .debug_line    0x00000000000099dd      0xa27 Drivers/STM32F3xx_HAL_Driver/Src/stm32f3xx_hal_rcc_ex.o
 .debug_line    0x000000000000a404     0x1be3 Drivers/STM32F3xx_HAL_Driver/Src/stm32f3xx_hal_tim.o
 .debug_line    0x000000000000bfe7      0xd5b Drivers/STM32F3xx_HAL_Driver/Src/stm32f3xx_hal_tim_ex.o
 .debug_line    0x000000000000cd42     0x11ec Drivers/STM32F3xx_HAL_Driver/Src/stm32f3xx_hal_uart.o
 .debug_line    0x000000000000df2e      0x7a4 Drivers/STM32F3xx_HAL_Driver/Src/stm32f3xx_hal_uart_ex.o

.debug_str      0x0000000000000000    0xb12fe
 .debug_str     0x0000000000000000     0x7f31 Core/Src/FIFO.o
                                       0x81ab (size before relaxing)
 .debug_str     0x0000000000007f31    0xa536c Core/Src/Interrupt.o
                                      0xac6d5 (size before relaxing)
 .debug_str     0x00000000000ad29d       0x4b Core/Src/Objects.o
                                      0xac63b (size before relaxing)
 .debug_str     0x00000000000ad2e8       0xd6 Core/Src/gpio.o
                                      0xa88c7 (size before relaxing)
 .debug_str     0x00000000000ad3be      0x530 Core/Src/main.o
                                      0xacbb8 (size before relaxing)
 .debug_str     0x00000000000ad8ee       0xa2 Core/Src/motor.o
                                      0xac294 (size before relaxing)
 .debug_str     0x00000000000ad990       0x6b Core/Src/self_timer.o
                                      0xac6d9 (size before relaxing)
 .debug_str     0x00000000000ad9fb       0x55 Core/Src/setter.o
                                      0xac678 (size before relaxing)
 .debug_str     0x00000000000ada50       0x2c Core/Src/stm32f3xx_hal_msp.o
                                      0xa882c (size before relaxing)
 .debug_str     0x00000000000ada7c       0xcf Core/Src/stm32f3xx_it.o
                                      0xa8ea4 (size before relaxing)
 .debug_str     0x00000000000adb4b      0x4e9 Core/Src/sysmem.o
                                       0x5f68 (size before relaxing)
 .debug_str     0x00000000000ae034       0xd1 Core/Src/system_stm32f3xx.o
                                      0xa83a9 (size before relaxing)
 .debug_str     0x00000000000ae105      0x42d Core/Src/tim.o
                                      0xa9192 (size before relaxing)
 .debug_str     0x00000000000ae532       0x57 Core/Src/usart.o
                                      0xa916f (size before relaxing)
 .debug_str     0x00000000000ae589       0x36 Core/Startup/startup_stm32f303retx.o
                                         0x75 (size before relaxing)
 .debug_str     0x00000000000ae5bf      0x3d9 Drivers/STM32F3xx_HAL_Driver/Src/stm32f3xx_hal.o
                                      0xa8b9c (size before relaxing)
 .debug_str     0x00000000000ae998      0x3cd Drivers/STM32F3xx_HAL_Driver/Src/stm32f3xx_hal_cortex.o
                                      0xa8caa (size before relaxing)
 .debug_str     0x00000000000aed65      0x248 Drivers/STM32F3xx_HAL_Driver/Src/stm32f3xx_hal_dma.o
                                      0xa870f (size before relaxing)
 .debug_str     0x00000000000aefad      0x255 Drivers/STM32F3xx_HAL_Driver/Src/stm32f3xx_hal_gpio.o
                                      0xa8673 (size before relaxing)
 .debug_str     0x00000000000af202      0x31f Drivers/STM32F3xx_HAL_Driver/Src/stm32f3xx_hal_rcc.o
                                      0xa8807 (size before relaxing)
 .debug_str     0x00000000000af521       0xd8 Drivers/STM32F3xx_HAL_Driver/Src/stm32f3xx_hal_rcc_ex.o
                                      0xa8651 (size before relaxing)
 .debug_str     0x00000000000af5f9      0xe0f Drivers/STM32F3xx_HAL_Driver/Src/stm32f3xx_hal_tim.o
                                      0xa9596 (size before relaxing)
 .debug_str     0x00000000000b0408      0x591 Drivers/STM32F3xx_HAL_Driver/Src/stm32f3xx_hal_tim_ex.o
                                      0xa8d9d (size before relaxing)
 .debug_str     0x00000000000b0999      0x805 Drivers/STM32F3xx_HAL_Driver/Src/stm32f3xx_hal_uart.o
                                      0xa8f63 (size before relaxing)
 .debug_str     0x00000000000b119e      0x160 Drivers/STM32F3xx_HAL_Driver/Src/stm32f3xx_hal_uart_ex.o
                                      0xa882b (size before relaxing)

.comment        0x0000000000000000       0x7b
 .comment       0x0000000000000000       0x7b Core/Src/FIFO.o
                                         0x7c (size before relaxing)
 .comment       0x000000000000007b       0x7c Core/Src/Interrupt.o
 .comment       0x000000000000007b       0x7c Core/Src/Objects.o
 .comment       0x000000000000007b       0x7c Core/Src/gpio.o
 .comment       0x000000000000007b       0x7c Core/Src/main.o
 .comment       0x000000000000007b       0x7c Core/Src/motor.o
 .comment       0x000000000000007b       0x7c Core/Src/self_timer.o
 .comment       0x000000000000007b       0x7c Core/Src/setter.o
 .comment       0x000000000000007b       0x7c Core/Src/stm32f3xx_hal_msp.o
 .comment       0x000000000000007b       0x7c Core/Src/stm32f3xx_it.o
 .comment       0x000000000000007b       0x7c Core/Src/sysmem.o
 .comment       0x000000000000007b       0x7c Core/Src/system_stm32f3xx.o
 .comment       0x000000000000007b       0x7c Core/Src/tim.o
 .comment       0x000000000000007b       0x7c Core/Src/usart.o
 .comment       0x000000000000007b       0x7c Drivers/STM32F3xx_HAL_Driver/Src/stm32f3xx_hal.o
 .comment       0x000000000000007b       0x7c Drivers/STM32F3xx_HAL_Driver/Src/stm32f3xx_hal_cortex.o
 .comment       0x000000000000007b       0x7c Drivers/STM32F3xx_HAL_Driver/Src/stm32f3xx_hal_dma.o
 .comment       0x000000000000007b       0x7c Drivers/STM32F3xx_HAL_Driver/Src/stm32f3xx_hal_gpio.o
 .comment       0x000000000000007b       0x7c Drivers/STM32F3xx_HAL_Driver/Src/stm32f3xx_hal_rcc.o
 .comment       0x000000000000007b       0x7c Drivers/STM32F3xx_HAL_Driver/Src/stm32f3xx_hal_rcc_ex.o
 .comment       0x000000000000007b       0x7c Drivers/STM32F3xx_HAL_Driver/Src/stm32f3xx_hal_tim.o
 .comment       0x000000000000007b       0x7c Drivers/STM32F3xx_HAL_Driver/Src/stm32f3xx_hal_tim_ex.o
 .comment       0x000000000000007b       0x7c Drivers/STM32F3xx_HAL_Driver/Src/stm32f3xx_hal_uart.o
 .comment       0x000000000000007b       0x7c Drivers/STM32F3xx_HAL_Driver/Src/stm32f3xx_hal_uart_ex.o

.debug_frame    0x0000000000000000     0x3cb8
 .debug_frame   0x0000000000000000       0xd0 Core/Src/FIFO.o
 .debug_frame   0x00000000000000d0       0x5c Core/Src/Interrupt.o
 .debug_frame   0x000000000000012c       0x34 Core/Src/Objects.o
 .debug_frame   0x0000000000000160       0x34 Core/Src/gpio.o
 .debug_frame   0x0000000000000194       0x78 Core/Src/main.o
 .debug_frame   0x000000000000020c      0x1b0 Core/Src/motor.o
 .debug_frame   0x00000000000003bc       0xcc Core/Src/self_timer.o
 .debug_frame   0x0000000000000488       0xac Core/Src/setter.o
 .debug_frame   0x0000000000000534       0x38 Core/Src/stm32f3xx_hal_msp.o
 .debug_frame   0x000000000000056c      0x160 Core/Src/stm32f3xx_it.o
 .debug_frame   0x00000000000006cc       0x34 Core/Src/sysmem.o
 .debug_frame   0x0000000000000700       0x58 Core/Src/system_stm32f3xx.o
 .debug_frame   0x0000000000000758       0xa0 Core/Src/tim.o
 .debug_frame   0x00000000000007f8       0x74 Core/Src/usart.o
 .debug_frame   0x000000000000086c      0x334 Drivers/STM32F3xx_HAL_Driver/Src/stm32f3xx_hal.o
 .debug_frame   0x0000000000000ba0      0x498 Drivers/STM32F3xx_HAL_Driver/Src/stm32f3xx_hal_cortex.o
 .debug_frame   0x0000000000001038      0x224 Drivers/STM32F3xx_HAL_Driver/Src/stm32f3xx_hal_dma.o
 .debug_frame   0x000000000000125c      0x14c Drivers/STM32F3xx_HAL_Driver/Src/stm32f3xx_hal_gpio.o
 .debug_frame   0x00000000000013a8      0x214 Drivers/STM32F3xx_HAL_Driver/Src/stm32f3xx_hal_rcc.o
 .debug_frame   0x00000000000015bc       0xb4 Drivers/STM32F3xx_HAL_Driver/Src/stm32f3xx_hal_rcc_ex.o
 .debug_frame   0x0000000000001670     0x1190 Drivers/STM32F3xx_HAL_Driver/Src/stm32f3xx_hal_tim.o
 .debug_frame   0x0000000000002800      0x610 Drivers/STM32F3xx_HAL_Driver/Src/stm32f3xx_hal_tim_ex.o
 .debug_frame   0x0000000000002e10      0x970 Drivers/STM32F3xx_HAL_Driver/Src/stm32f3xx_hal_uart.o
 .debug_frame   0x0000000000003780      0x120 Drivers/STM32F3xx_HAL_Driver/Src/stm32f3xx_hal_uart_ex.o
 .debug_frame   0x00000000000038a0       0x20 c:/st/stm32cubeide_1.4.0/stm32cubeide/plugins/com.st.stm32cube.ide.mcu.externaltools.gnu-tools-for-stm32.7-2018-q2-update.win32_1.4.0.202007081208/tools/bin/../lib/gcc/arm-none-eabi/7.3.1/../../../../arm-none-eabi/lib/thumb/v7e-m/fpv4-sp/hard\libc_nano.a(lib_a-errno.o)
 .debug_frame   0x00000000000038c0       0x2c c:/st/stm32cubeide_1.4.0/stm32cubeide/plugins/com.st.stm32cube.ide.mcu.externaltools.gnu-tools-for-stm32.7-2018-q2-update.win32_1.4.0.202007081208/tools/bin/../lib/gcc/arm-none-eabi/7.3.1/../../../../arm-none-eabi/lib/thumb/v7e-m/fpv4-sp/hard\libc_nano.a(lib_a-init.o)
 .debug_frame   0x00000000000038ec       0x30 c:/st/stm32cubeide_1.4.0/stm32cubeide/plugins/com.st.stm32cube.ide.mcu.externaltools.gnu-tools-for-stm32.7-2018-q2-update.win32_1.4.0.202007081208/tools/bin/../lib/gcc/arm-none-eabi/7.3.1/../../../../arm-none-eabi/lib/thumb/v7e-m/fpv4-sp/hard\libc_nano.a(lib_a-malloc.o)
 .debug_frame   0x000000000000391c       0x28 c:/st/stm32cubeide_1.4.0/stm32cubeide/plugins/com.st.stm32cube.ide.mcu.externaltools.gnu-tools-for-stm32.7-2018-q2-update.win32_1.4.0.202007081208/tools/bin/../lib/gcc/arm-none-eabi/7.3.1/../../../../arm-none-eabi/lib/thumb/v7e-m/fpv4-sp/hard\libc_nano.a(lib_a-memcpy-stub.o)
 .debug_frame   0x0000000000003944       0x20 c:/st/stm32cubeide_1.4.0/stm32cubeide/plugins/com.st.stm32cube.ide.mcu.externaltools.gnu-tools-for-stm32.7-2018-q2-update.win32_1.4.0.202007081208/tools/bin/../lib/gcc/arm-none-eabi/7.3.1/../../../../arm-none-eabi/lib/thumb/v7e-m/fpv4-sp/hard\libc_nano.a(lib_a-memset.o)
 .debug_frame   0x0000000000003964       0x38 c:/st/stm32cubeide_1.4.0/stm32cubeide/plugins/com.st.stm32cube.ide.mcu.externaltools.gnu-tools-for-stm32.7-2018-q2-update.win32_1.4.0.202007081208/tools/bin/../lib/gcc/arm-none-eabi/7.3.1/../../../../arm-none-eabi/lib/thumb/v7e-m/fpv4-sp/hard\libc_nano.a(lib_a-nano-freer.o)
 .debug_frame   0x000000000000399c       0x2c c:/st/stm32cubeide_1.4.0/stm32cubeide/plugins/com.st.stm32cube.ide.mcu.externaltools.gnu-tools-for-stm32.7-2018-q2-update.win32_1.4.0.202007081208/tools/bin/../lib/gcc/arm-none-eabi/7.3.1/../../../../arm-none-eabi/lib/thumb/v7e-m/fpv4-sp/hard\libc_nano.a(lib_a-nano-mallocr.o)
 .debug_frame   0x00000000000039c8       0x2c c:/st/stm32cubeide_1.4.0/stm32cubeide/plugins/com.st.stm32cube.ide.mcu.externaltools.gnu-tools-for-stm32.7-2018-q2-update.win32_1.4.0.202007081208/tools/bin/../lib/gcc/arm-none-eabi/7.3.1/../../../../arm-none-eabi/lib/thumb/v7e-m/fpv4-sp/hard\libc_nano.a(lib_a-sbrkr.o)
 .debug_frame   0x00000000000039f4       0x30 c:/st/stm32cubeide_1.4.0/stm32cubeide/plugins/com.st.stm32cube.ide.mcu.externaltools.gnu-tools-for-stm32.7-2018-q2-update.win32_1.4.0.202007081208/tools/bin/../lib/gcc/arm-none-eabi/7.3.1/../../../../arm-none-eabi/lib/thumb/v7e-m/fpv4-sp/hard\libc_nano.a(lib_a-mlock.o)
 .debug_frame   0x0000000000003a24       0x5c c:/st/stm32cubeide_1.4.0/stm32cubeide/plugins/com.st.stm32cube.ide.mcu.externaltools.gnu-tools-for-stm32.7-2018-q2-update.win32_1.4.0.202007081208/tools/bin/../lib/gcc/arm-none-eabi/7.3.1/../../../../arm-none-eabi/lib/thumb/v7e-m/fpv4-sp/hard\libc_nano.a(lib_a-reent.o)
 .debug_frame   0x0000000000003a80       0x30 c:/st/stm32cubeide_1.4.0/stm32cubeide/plugins/com.st.stm32cube.ide.mcu.externaltools.gnu-tools-for-stm32.7-2018-q2-update.win32_1.4.0.202007081208/tools/bin/../lib/gcc/arm-none-eabi/7.3.1/../../../../arm-none-eabi/lib/thumb/v7e-m/fpv4-sp/hard\libm.a(lib_a-s_ceil.o)
 .debug_frame   0x0000000000003ab0       0xac c:/st/stm32cubeide_1.4.0/stm32cubeide/plugins/com.st.stm32cube.ide.mcu.externaltools.gnu-tools-for-stm32.7-2018-q2-update.win32_1.4.0.202007081208/tools/bin/../lib/gcc/arm-none-eabi/7.3.1/thumb/v7e-m/fpv4-sp/hard\libgcc.a(_arm_addsubdf3.o)
 .debug_frame   0x0000000000003b5c       0x50 c:/st/stm32cubeide_1.4.0/stm32cubeide/plugins/com.st.stm32cube.ide.mcu.externaltools.gnu-tools-for-stm32.7-2018-q2-update.win32_1.4.0.202007081208/tools/bin/../lib/gcc/arm-none-eabi/7.3.1/thumb/v7e-m/fpv4-sp/hard\libgcc.a(_arm_muldivdf3.o)
 .debug_frame   0x0000000000003bac       0xc4 c:/st/stm32cubeide_1.4.0/stm32cubeide/plugins/com.st.stm32cube.ide.mcu.externaltools.gnu-tools-for-stm32.7-2018-q2-update.win32_1.4.0.202007081208/tools/bin/../lib/gcc/arm-none-eabi/7.3.1/thumb/v7e-m/fpv4-sp/hard\libgcc.a(_arm_cmpdf2.o)
 .debug_frame   0x0000000000003c70       0x24 c:/st/stm32cubeide_1.4.0/stm32cubeide/plugins/com.st.stm32cube.ide.mcu.externaltools.gnu-tools-for-stm32.7-2018-q2-update.win32_1.4.0.202007081208/tools/bin/../lib/gcc/arm-none-eabi/7.3.1/thumb/v7e-m/fpv4-sp/hard\libgcc.a(_arm_fixdfsi.o)
 .debug_frame   0x0000000000003c94       0x24 c:/st/stm32cubeide_1.4.0/stm32cubeide/plugins/com.st.stm32cube.ide.mcu.externaltools.gnu-tools-for-stm32.7-2018-q2-update.win32_1.4.0.202007081208/tools/bin/../lib/gcc/arm-none-eabi/7.3.1/thumb/v7e-m/fpv4-sp/hard\libgcc.a(_arm_fixunsdfsi.o)
