Archive member included to satisfy reference by file (symbol)

c:/st/stm32cubeide_1.4.0/stm32cubeide/plugins/com.st.stm32cube.ide.mcu.externaltools.gnu-tools-for-stm32.7-2018-q2-update.win32_1.5.0.202011040924/tools/bin/../lib/gcc/arm-none-eabi/7.3.1/../../../../arm-none-eabi/lib/thumb/v7e-m/fpv4-sp/hard\libc_nano.a(lib_a-errno.o)
                              Core/Src/syscalls.o (__errno)
c:/st/stm32cubeide_1.4.0/stm32cubeide/plugins/com.st.stm32cube.ide.mcu.externaltools.gnu-tools-for-stm32.7-2018-q2-update.win32_1.5.0.202011040924/tools/bin/../lib/gcc/arm-none-eabi/7.3.1/../../../../arm-none-eabi/lib/thumb/v7e-m/fpv4-sp/hard\libc_nano.a(lib_a-exit.o)
                              c:/st/stm32cubeide_1.4.0/stm32cubeide/plugins/com.st.stm32cube.ide.mcu.externaltools.gnu-tools-for-stm32.7-2018-q2-update.win32_1.5.0.202011040924/tools/bin/../lib/gcc/arm-none-eabi/7.3.1/../../../../arm-none-eabi/lib/thumb/v7e-m/fpv4-sp/hard/crt0.o (exit)
c:/st/stm32cubeide_1.4.0/stm32cubeide/plugins/com.st.stm32cube.ide.mcu.externaltools.gnu-tools-for-stm32.7-2018-q2-update.win32_1.5.0.202011040924/tools/bin/../lib/gcc/arm-none-eabi/7.3.1/../../../../arm-none-eabi/lib/thumb/v7e-m/fpv4-sp/hard\libc_nano.a(lib_a-impure.o)
                              c:/st/stm32cubeide_1.4.0/stm32cubeide/plugins/com.st.stm32cube.ide.mcu.externaltools.gnu-tools-for-stm32.7-2018-q2-update.win32_1.5.0.202011040924/tools/bin/../lib/gcc/arm-none-eabi/7.3.1/../../../../arm-none-eabi/lib/thumb/v7e-m/fpv4-sp/hard\libc_nano.a(lib_a-exit.o) (_global_impure_ptr)
c:/st/stm32cubeide_1.4.0/stm32cubeide/plugins/com.st.stm32cube.ide.mcu.externaltools.gnu-tools-for-stm32.7-2018-q2-update.win32_1.5.0.202011040924/tools/bin/../lib/gcc/arm-none-eabi/7.3.1/../../../../arm-none-eabi/lib/thumb/v7e-m/fpv4-sp/hard\libc_nano.a(lib_a-init.o)
                              c:/st/stm32cubeide_1.4.0/stm32cubeide/plugins/com.st.stm32cube.ide.mcu.externaltools.gnu-tools-for-stm32.7-2018-q2-update.win32_1.5.0.202011040924/tools/bin/../lib/gcc/arm-none-eabi/7.3.1/../../../../arm-none-eabi/lib/thumb/v7e-m/fpv4-sp/hard/crt0.o (__libc_init_array)
c:/st/stm32cubeide_1.4.0/stm32cubeide/plugins/com.st.stm32cube.ide.mcu.externaltools.gnu-tools-for-stm32.7-2018-q2-update.win32_1.5.0.202011040924/tools/bin/../lib/gcc/arm-none-eabi/7.3.1/../../../../arm-none-eabi/lib/thumb/v7e-m/fpv4-sp/hard\libc_nano.a(lib_a-malloc.o)
                              Core/Src/FIFO.o (malloc)
c:/st/stm32cubeide_1.4.0/stm32cubeide/plugins/com.st.stm32cube.ide.mcu.externaltools.gnu-tools-for-stm32.7-2018-q2-update.win32_1.5.0.202011040924/tools/bin/../lib/gcc/arm-none-eabi/7.3.1/../../../../arm-none-eabi/lib/thumb/v7e-m/fpv4-sp/hard\libc_nano.a(lib_a-memcpy-stub.o)
                              Core/Src/Objects.o (memcpy)
c:/st/stm32cubeide_1.4.0/stm32cubeide/plugins/com.st.stm32cube.ide.mcu.externaltools.gnu-tools-for-stm32.7-2018-q2-update.win32_1.5.0.202011040924/tools/bin/../lib/gcc/arm-none-eabi/7.3.1/../../../../arm-none-eabi/lib/thumb/v7e-m/fpv4-sp/hard\libc_nano.a(lib_a-memset.o)
                              c:/st/stm32cubeide_1.4.0/stm32cubeide/plugins/com.st.stm32cube.ide.mcu.externaltools.gnu-tools-for-stm32.7-2018-q2-update.win32_1.5.0.202011040924/tools/bin/../lib/gcc/arm-none-eabi/7.3.1/../../../../arm-none-eabi/lib/thumb/v7e-m/fpv4-sp/hard/crt0.o (memset)
c:/st/stm32cubeide_1.4.0/stm32cubeide/plugins/com.st.stm32cube.ide.mcu.externaltools.gnu-tools-for-stm32.7-2018-q2-update.win32_1.5.0.202011040924/tools/bin/../lib/gcc/arm-none-eabi/7.3.1/../../../../arm-none-eabi/lib/thumb/v7e-m/fpv4-sp/hard\libc_nano.a(lib_a-nano-freer.o)
                              c:/st/stm32cubeide_1.4.0/stm32cubeide/plugins/com.st.stm32cube.ide.mcu.externaltools.gnu-tools-for-stm32.7-2018-q2-update.win32_1.5.0.202011040924/tools/bin/../lib/gcc/arm-none-eabi/7.3.1/../../../../arm-none-eabi/lib/thumb/v7e-m/fpv4-sp/hard\libc_nano.a(lib_a-malloc.o) (_free_r)
c:/st/stm32cubeide_1.4.0/stm32cubeide/plugins/com.st.stm32cube.ide.mcu.externaltools.gnu-tools-for-stm32.7-2018-q2-update.win32_1.5.0.202011040924/tools/bin/../lib/gcc/arm-none-eabi/7.3.1/../../../../arm-none-eabi/lib/thumb/v7e-m/fpv4-sp/hard\libc_nano.a(lib_a-nano-mallocr.o)
                              c:/st/stm32cubeide_1.4.0/stm32cubeide/plugins/com.st.stm32cube.ide.mcu.externaltools.gnu-tools-for-stm32.7-2018-q2-update.win32_1.5.0.202011040924/tools/bin/../lib/gcc/arm-none-eabi/7.3.1/../../../../arm-none-eabi/lib/thumb/v7e-m/fpv4-sp/hard\libc_nano.a(lib_a-malloc.o) (_malloc_r)
c:/st/stm32cubeide_1.4.0/stm32cubeide/plugins/com.st.stm32cube.ide.mcu.externaltools.gnu-tools-for-stm32.7-2018-q2-update.win32_1.5.0.202011040924/tools/bin/../lib/gcc/arm-none-eabi/7.3.1/../../../../arm-none-eabi/lib/thumb/v7e-m/fpv4-sp/hard\libc_nano.a(lib_a-sbrkr.o)
[...]
Memory Configuration

Name             Origin             Length             Attributes
CCMRAM           0x0000000010000000 0x0000000000004000 xrw
RAM              0x0000000020000000 0x0000000000010000 xrw
FLASH            0x0000000008000000 0x0000000000080000 xr
*default*        0x0000000000000000 0xffffffffffffffff

Linker script and memory map

LOAD c:/st/stm32cubeide_1.4.0/stm32cubeide/plugins/com.st.stm32cube.ide.mcu.externaltools.gnu-tools-for-stm32.7-2018-q2-update.win32_1.5.0.202011040924/tools/bin/../lib/gcc/arm-none-eabi/7.3.1/thumb/v7e-m/fpv4-sp/hard/crti.o
LOAD c:/st/stm32cubeide_1.4.0/stm32cubeide/plugins/com.st.stm32cube.ide.mcu.externaltools.gnu-tools-for-stm32.7-2018-q2-update.win32_1.5.0.202011040924/tools/bin/../lib/gcc/arm-none-eabi/7.3.1/thumb/v7e-m/fpv4-sp/hard/crtbegin.o
LOAD c:/st/stm32cubeide_1.4.0/stm32cubeide/plugins/com.st.stm32cube.ide.mcu.externaltools.gnu-tools-for-stm32.7-2018-q2-update.win32_1.5.0.202011040924/tools/bin/../lib/gcc/arm-none-eabi/7.3.1/../../../../arm-none-eabi/lib/thumb/v7e-m/fpv4-sp/hard/crt0.o
LOAD Core/Src/FIFO.o
LOAD Core/Src/Interrupt.o
LOAD Core/Src/Objects.o
LOAD Core/Src/gpio.o
LOAD Core/Src/main.o
LOAD Core/Src/motor.o
LOAD Core/Src/parametr.o
LOAD Core/Src/self_timer.o
LOAD Core/Src/setter.o
LOAD Core/Src/stm32f3xx_hal_msp.o
LOAD Core/Src/stm32f3xx_it.o
LOAD Core/Src/syscalls.o
LOAD Core/Src/sysmem.o
LOAD Core/Src/system_stm32f3xx.o
LOAD Core/Src/tim.o
LOAD Core/Src/usart.o
LOAD Core/Startup/startup_stm32f303retx.o
LOAD Drivers/STM32F3xx_HAL_Driver/Src/stm32f3xx_hal.o
LOAD Drivers/STM32F3xx_HAL_Driver/Src/stm32f3xx_hal_cortex.o
LOAD Drivers/STM32F3xx_HAL_Driver/Src/stm32f3xx_hal_dma.o
LOAD Drivers/STM32F3xx_HAL_Driver/Src/stm32f3xx_hal_exti.o
LOAD Drivers/STM32F3xx_HAL_Driver/Src/stm32f3xx_hal_flash.o
LOAD Drivers/STM32F3xx_HAL_Driver/Src/stm32f3xx_hal_flash_ex.o
LOAD Drivers/STM32F3xx_HAL_Driver/Src/stm32f3xx_hal_gpio.o
LOAD Drivers/STM32F3xx_HAL_Driver/Src/stm32f3xx_hal_i2c.o
LOAD Drivers/STM32F3xx_HAL_Driver/Src/stm32f3xx_hal_i2c_ex.o
LOAD Drivers/STM32F3xx_HAL_Driver/Src/stm32f3xx_hal_pwr.o
LOAD Drivers/STM32F3xx_HAL_Driver/Src/stm32f3xx_hal_pwr_ex.o
LOAD Drivers/STM32F3xx_HAL_Driver/Src/stm32f3xx_hal_rcc.o
LOAD Drivers/STM32F3xx_HAL_Driver/Src/stm32f3xx_hal_rcc_ex.o
LOAD Drivers/STM32F3xx_HAL_Driver/Src/stm32f3xx_hal_tim.o
LOAD Drivers/STM32F3xx_HAL_Driver/Src/stm32f3xx_hal_tim_ex.o
LOAD Drivers/STM32F3xx_HAL_Driver/Src/stm32f3xx_hal_uart.o
LOAD Drivers/STM32F3xx_HAL_Driver/Src/stm32f3xx_hal_uart_ex.o
START GROUP
LOAD c:/st/stm32cubeide_1.4.0/stm32cubeide/plugins/com.st.stm32cube.ide.mcu.externaltools.gnu-tools-for-stm32.7-2018-q2-update.win32_1.5.0.202011040924/tools/bin/../lib/gcc/arm-none-eabi/7.3.1/../../../../arm-none-eabi/lib/thumb/v7e-m/fpv4-sp/hard\libc_nano.a
LOAD c:/st/stm32cubeide_1.4.0/stm32cubeide/plugins/com.st.stm32cube.ide.mcu.externaltools.gnu-tools-for-stm32.7-2018-q2-update.win32_1.5.0.202011040924/tools/bin/../lib/gcc/arm-none-eabi/7.3.1/../../../../arm-none-eabi/lib/thumb/v7e-m/fpv4-sp/hard\libm.a
END GROUP
START GROUP
LOAD c:/st/stm32cubeide_1.4.0/stm32cubeide/plugins/com.st.stm32cube.ide.mcu.externaltools.gnu-tools-for-stm32.7-2018-q2-update.win32_1.5.0.202011040924/tools/bin/../lib/gcc/arm-none-eabi/7.3.1/thumb/v7e-m/fpv4-sp/hard\libgcc.a
LOAD c:/st/stm32cubeide_1.4.0/stm32cubeide/plugins/com.st.stm32cube.ide.mcu.externaltools.gnu-tools-for-stm32.7-2018-q2-update.win32_1.5.0.202011040924/tools/bin/../lib/gcc/arm-none-eabi/7.3.1/../../../../arm-none-eabi/lib/thumb/v7e-m/fpv4-sp/hard\libc_nano.a
END GROUP
START GROUP
LOAD c:/st/stm32cubeide_1.4.0/stm32cubeide/plugins/com.st.stm32cube.ide.mcu.externaltools.gnu-tools-for-stm32.7-2018-q2-update.win32_1.5.0.202011040924/tools/bin/../lib/gcc/arm-none-eabi/7.3.1/thumb/v7e-m/fpv4-sp/hard\libgcc.a
LOAD c:/st/stm32cubeide_1.4.0/stm32cubeide/plugins/com.st.stm32cube.ide.mcu.externaltools.gnu-tools-for-stm32.7-2018-q2-update.win32_1.5.0.202011040924/tools/bin/../lib/gcc/arm-none-eabi/7.3.1/../../../../arm-none-eabi/lib/thumb/v7e-m/fpv4-sp/hard\libc_nano.a
LOAD c:/st/stm32cubeide_1.4.0/stm32cubeide/plugins/com.st.stm32cube.ide.mcu.externaltools.gnu-tools-for-stm32.7-2018-q2-update.win32_1.5.0.202011040924/tools/bin/../lib/gcc/arm-none-eabi/7.3.1/../../../../arm-none-eabi/lib/thumb/v7e-m/fpv4-sp/hard\libnosys.a
END GROUP
START GROUP
LOAD c:/st/stm32cubeide_1.4.0/stm32cubeide/plugins/com.st.stm32cube.ide.mcu.externaltools.gnu-tools-for-stm32.7-2018-q2-update.win32_1.5.0.202011040924/tools/bin/../lib/gcc/arm-none-eabi/7.3.1/thumb/v7e-m/fpv4-sp/hard\libgcc.a
LOAD c:/st/stm32cubeide_1.4.0/stm32cubeide/plugins/com.st.stm32cube.ide.mcu.externaltools.gnu-tools-for-stm32.7-2018-q2-update.win32_1.5.0.202011040924/tools/bin/../lib/gcc/arm-none-eabi/7.3.1/../../../../arm-none-eabi/lib/thumb/v7e-m/fpv4-sp/hard\libc_nano.a
LOAD c:/st/stm32cubeide_1.4.0/stm32cubeide/plugins/com.st.stm32cube.ide.mcu.externaltools.gnu-tools-for-stm32.7-2018-q2-update.win32_1.5.0.202011040924/tools/bin/../lib/gcc/arm-none-eabi/7.3.1/../../../../arm-none-eabi/lib/thumb/v7e-m/fpv4-sp/hard\libnosys.a
END GROUP
LOAD c:/st/stm32cubeide_1.4.0/stm32cubeide/plugins/com.st.stm32cube.ide.mcu.externaltools.gnu-tools-for-stm32.7-2018-q2-update.win32_1.5.0.202011040924/tools/bin/../lib/gcc/arm-none-eabi/7.3.1/thumb/v7e-m/fpv4-sp/hard/crtend.o
LOAD c:/st/stm32cubeide_1.4.0/stm32cubeide/plugins/com.st.stm32cube.ide.mcu.externaltools.gnu-tools-for-stm32.7-2018-q2-update.win32_1.5.0.202011040924/tools/bin/../lib/gcc/arm-none-eabi/7.3.1/thumb/v7e-m/fpv4-sp/hard/crtn.o
                0x0000000020010000                _estack = (ORIGIN (RAM) + LENGTH (RAM))
                0x0000000000000200                _Min_Heap_Size = 0x200
                0x0000000000000400                _Min_Stack_Size = 0x400

.isr_vector     0x0000000008000000      0x194
                0x0000000008000000                . = ALIGN (0x4)
 *(.isr_vector)
 .isr_vector    0x0000000008000000      0x194 Core/Startup/startup_stm32f303retx.o
                0x0000000008000000                g_pfnVectors
                0x0000000008000194                . = ALIGN (0x4)

.text           0x0000000008000198     0x65ac
                0x0000000008000198                . = ALIGN (0x4)
 *(.text)
 .text          0x0000000008000198       0x40 c:/st/stm32cubeide_1.4.0/stm32cubeide/plugins/com.st.stm32cube.ide.mcu.externaltools.gnu-tools-for-stm32.7-2018-q2-update.win32_1.5.0.202011040924/tools/bin/../lib/gcc/arm-none-eabi/7.3.1/thumb/v7e-m/fpv4-sp/hard/crtbegin.o
 .text          0x00000000080001d8      0x378 c:/st/stm32cubeide_1.4.0/stm32cubeide/plugins/com.st.stm32cube.ide.mcu.externaltools.gnu-tools-for-stm32.7-2018-q2-update.win32_1.5.0.202011040924/tools/bin/../lib/gcc/arm-none-eabi/7.3.1/thumb/v7e-m/fpv4-sp/hard\libgcc.a(_arm_addsubdf3.o)
                0x00000000080001d8                __aeabi_drsub
                0x00000000080001e0                __aeabi_dsub
                0x00000000080001e0                __subdf3
                0x00000000080001e4                __aeabi_dadd
                0x00000000080001e4                __adddf3
                0x000000000800045c                __floatunsidf
                0x000000000800045c                __aeabi_ui2d
                0x000000000800047c                __floatsidf
                0x000000000800047c                __aeabi_i2d
                0x00000000080004a0                __aeabi_f2d
                0x00000000080004a0                __extendsfdf2
                0x00000000080004e4                __floatundidf
                0x00000000080004e4                __aeabi_ul2d
                0x00000000080004f4                __floatdidf
                0x00000000080004f4                __aeabi_l2d
 .text          0x0000000008000550      0x424 c:/st/stm32cubeide_1.4.0/stm32cubeide/plugins/com.st.stm32cube.ide.mcu.externaltools.gnu-tools-for-stm32.7-2018-q2-update.win32_1.5.0.202011040924/tools/bin/../lib/gcc/arm-none-eabi/7.3.1/thumb/v7e-m/fpv4-sp/hard\libgcc.a(_arm_muldivdf3.o)
                0x0000000008000550                __aeabi_dmul
                0x0000000008000550                __muldf3
                0x00000000080007a4                __divdf3
                0x00000000080007a4                __aeabi_ddiv
 .text          0x0000000008000974      0x110 c:/st/stm32cubeide_1.4.0/stm32cubeide/plugins/com.st.stm32cube.ide.mcu.externaltools.gnu-tools-for-stm32.7-2018-q2-update.win32_1.5.0.202011040924/tools/bin/../lib/gcc/arm-none-eabi/7.3.1/thumb/v7e-m/fpv4-sp/hard\libgcc.a(_arm_cmpdf2.o)
                0x0000000008000974                __gtdf2
                0x0000000008000974                __gedf2
                0x000000000800097c                __ltdf2
                0x000000000800097c                __ledf2
                0x0000000008000984                __nedf2
                0x0000000008000984                __eqdf2
                0x0000000008000984                __cmpdf2
                0x0000000008000a00                __aeabi_cdrcmple
                0x0000000008000a10                __aeabi_cdcmpeq
                0x0000000008000a10                __aeabi_cdcmple
                0x0000000008000a20                __aeabi_dcmpeq
                0x0000000008000a34                __aeabi_dcmplt
                0x0000000008000a48                __aeabi_dcmple
                0x0000000008000a5c                __aeabi_dcmpge
                0x0000000008000a70                __aeabi_dcmpgt
 .text          0x0000000008000a84       0x2c c:/st/stm32cubeide_1.4.0/stm32cubeide/plugins/com.st.stm32cube.ide.mcu.externaltools.gnu-tools-for-stm32.7-2018-q2-update.win32_1.5.0.202011040924/tools/bin/../lib/gcc/arm-none-eabi/7.3.1/thumb/v7e-m/fpv4-sp/hard\libgcc.a(_arm_unorddf2.o)
                0x0000000008000a84                __unorddf2
                0x0000000008000a84                __aeabi_dcmpun
 .text          0x0000000008000ab0       0x50 c:/st/stm32cubeide_1.4.0/stm32cubeide/plugins/com.st.stm32cube.ide.mcu.externaltools.gnu-tools-for-stm32.7-2018-q2-update.win32_1.5.0.202011040924/tools/bin/../lib/gcc/arm-none-eabi/7.3.1/thumb/v7e-m/fpv4-sp/hard\libgcc.a(_arm_fixdfsi.o)
                0x0000000008000ab0                __aeabi_d2iz
                0x0000000008000ab0                __fixdfsi
 .text          0x0000000008000b00       0x40 c:/st/stm32cubeide_1.4.0/stm32cubeide/plugins/com.st.stm32cube.ide.mcu.externaltools.gnu-tools-for-stm32.7-2018-q2-update.win32_1.5.0.202011040924/tools/bin/../lib/gcc/arm-none-eabi/7.3.1/thumb/v7e-m/fpv4-sp/hard\libgcc.a(_arm_fixunsdfsi.o)
                0x0000000008000b00                __aeabi_d2uiz
                0x0000000008000b00                __fixunsdfsi
 *(.text*)
 .text.get_amount_of_times
                0x0000000008000b40       0x38 Core/Src/FIFO.o
                0x0000000008000b40                get_amount_of_times
 .text.read_data
                0x0000000008000b78       0x5e Core/Src/FIFO.o
                0x0000000008000b78                read_data
 .text.getLast  0x0000000008000bd6       0x2c Core/Src/FIFO.o
 .text.write_data_to_FIFO
                0x0000000008000c02       0x7a Core/Src/FIFO.o
                0x0000000008000c02                write_data_to_FIFO
 .text.read_time
                0x0000000008000c7c       0x3c Core/Src/FIFO.o
                0x0000000008000c7c                read_time
 .text.HAL_TIM_PeriodElapsedCallback
                0x0000000008000cb8      0x114 Core/Src/Interrupt.o
                0x0000000008000cb8                HAL_TIM_PeriodElapsedCallback
 .text.HAL_UART_RxCpltCallback
                0x0000000008000dcc       0x48 Core/Src/Interrupt.o
                0x0000000008000dcc                HAL_UART_RxCpltCallback
 .text.add_motors
                0x0000000008000e14       0x50 Core/Src/Objects.o
                0x0000000008000e14                add_motors
 .text.MX_GPIO_Init
                0x0000000008000e64      0x178 Core/Src/gpio.o
                0x0000000008000e64                MX_GPIO_Init
 .text.main     0x0000000008000fdc      0x140 Core/Src/main.o
                0x0000000008000fdc                main
 .text.SystemClock_Config
                0x000000000800111c       0xbc Core/Src/main.o
                0x000000000800111c                SystemClock_Config
 .text.Error_Handler
                0x00000000080011d8        0xe Core/Src/main.o
                0x00000000080011d8                Error_Handler
 .text.Motor_PinMode
                0x00000000080011e6       0x90 Core/Src/motor.o
                0x00000000080011e6                Motor_PinMode
 *fill*         0x0000000008001276        0x2 
 .text.Motor_MicroPinSet
                0x0000000008001278      0x13c Core/Src/motor.o
                0x0000000008001278                Motor_MicroPinSet
 .text.Motor_Init
                0x00000000080013b4       0x86 Core/Src/motor.o
                0x00000000080013b4                Motor_Init
 .text.motorStop
                0x000000000800143a       0x5a Core/Src/motor.o
                0x000000000800143a                motorStop
 .text.motorRun
                0x0000000008001494      0x132 Core/Src/motor.o
                0x0000000008001494                motorRun
 .text.motorStartMove
                0x00000000080015c6       0x72 Core/Src/motor.o
                0x00000000080015c6                motorStartMove
 .text.prepareMotor
                0x0000000008001638      0x122 Core/Src/motor.o
                0x0000000008001638                prepareMotor
 *fill*         0x000000000800175a        0x2 
 .text.UART_Confirm
                0x000000000800175c       0x3c Core/Src/parametr.o
                0x000000000800175c                UART_Confirm
 .text.UART_startmove
                0x0000000008001798       0x40 Core/Src/parametr.o
                0x0000000008001798                UART_startmove
 .text.UART_WriteData
                0x00000000080017d8       0xac Core/Src/parametr.o
                0x00000000080017d8                UART_WriteData
 .text.DataReceive
                0x0000000008001884       0x72 Core/Src/parametr.o
                0x0000000008001884                DataReceive
 .text.device_choose
                0x00000000080018f6       0x2e Core/Src/self_timer.o
                0x00000000080018f6                device_choose
 .text.calculate_intterupts
                0x0000000008001924       0x22 Core/Src/self_timer.o
                0x0000000008001924                calculate_intterupts
 *fill*         0x0000000008001946        0x2 
 .text.run_trigger
                0x0000000008001948       0x90 Core/Src/self_timer.o
                0x0000000008001948                run_trigger
 .text.set_trigger
                0x00000000080019d8       0x3e Core/Src/self_timer.o
                0x00000000080019d8                set_trigger
 .text.init_t   0x0000000008001a16       0x26 Core/Src/self_timer.o
                0x0000000008001a16                init_t
 .text.set      0x0000000008001a3c       0xd8 Core/Src/setter.o
                0x0000000008001a3c                set
 .text.set_for_angle
                0x0000000008001b14       0xe0 Core/Src/setter.o
                0x0000000008001b14                set_for_angle
 .text.set_stepLeft
                0x0000000008001bf4       0x32 Core/Src/setter.o
                0x0000000008001bf4                set_stepLeft
 *fill*         0x0000000008001c26        0x2 
 .text.set_pulse
                0x0000000008001c28       0x88 Core/Src/setter.o
                0x0000000008001c28                set_pulse
 .text.HAL_MspInit
                0x0000000008001cb0       0x48 Core/Src/stm32f3xx_hal_msp.o
                0x0000000008001cb0                HAL_MspInit
 .text.NMI_Handler
                0x0000000008001cf8        0xe Core/Src/stm32f3xx_it.o
                0x0000000008001cf8                NMI_Handler
 .text.HardFault_Handler
                0x0000000008001d06        0x6 Core/Src/stm32f3xx_it.o
                0x0000000008001d06                HardFault_Handler
 .text.MemManage_Handler
                0x0000000008001d0c        0x6 Core/Src/stm32f3xx_it.o
                0x0000000008001d0c                MemManage_Handler
 .text.BusFault_Handler
                0x0000000008001d12        0x6 Core/Src/stm32f3xx_it.o
                0x0000000008001d12                BusFault_Handler
 .text.UsageFault_Handler
                0x0000000008001d18        0x6 Core/Src/stm32f3xx_it.o
                0x0000000008001d18                UsageFault_Handler
 .text.SVC_Handler
                0x0000000008001d1e        0xe Core/Src/stm32f3xx_it.o
                0x0000000008001d1e                SVC_Handler
 .text.DebugMon_Handler
                0x0000000008001d2c        0xe Core/Src/stm32f3xx_it.o
                0x0000000008001d2c                DebugMon_Handler
 .text.PendSV_Handler
                0x0000000008001d3a        0xe Core/Src/stm32f3xx_it.o
                0x0000000008001d3a                PendSV_Handler
 .text.SysTick_Handler
                0x0000000008001d48        0xc Core/Src/stm32f3xx_it.o
                0x0000000008001d48                SysTick_Handler
 .text.USART3_IRQHandler
                0x0000000008001d54       0x14 Core/Src/stm32f3xx_it.o
                0x0000000008001d54                USART3_IRQHandler
 .text.TIM6_DAC_IRQHandler
                0x0000000008001d68       0x14 Core/Src/stm32f3xx_it.o
                0x0000000008001d68                TIM6_DAC_IRQHandler
 .text.TIM7_IRQHandler
                0x0000000008001d7c       0x14 Core/Src/stm32f3xx_it.o
                0x0000000008001d7c                TIM7_IRQHandler
 .text._sbrk    0x0000000008001d90       0x6c Core/Src/sysmem.o
                0x0000000008001d90                _sbrk
 .text.SystemInit
                0x0000000008001dfc       0x2c Core/Src/system_stm32f3xx.o
                0x0000000008001dfc                SystemInit
 .text.MX_TIM6_Init
                0x0000000008001e28       0x6c Core/Src/tim.o
                0x0000000008001e28                MX_TIM6_Init
 .text.MX_TIM7_Init
                0x0000000008001e94       0x6c Core/Src/tim.o
                0x0000000008001e94                MX_TIM7_Init
 .text.HAL_TIM_Base_MspInit
                0x0000000008001f00       0x84 Core/Src/tim.o
                0x0000000008001f00                HAL_TIM_Base_MspInit
 .text.MX_USART3_UART_Init
                0x0000000008001f84       0x60 Core/Src/usart.o
                0x0000000008001f84                MX_USART3_UART_Init
 .text.HAL_UART_MspInit
                0x0000000008001fe4       0x98 Core/Src/usart.o
                0x0000000008001fe4                HAL_UART_MspInit
 .text.Reset_Handler
                0x000000000800207c       0x50 Core/Startup/startup_stm32f303retx.o
                0x000000000800207c                Reset_Handler
 .text.Default_Handler
                0x00000000080020cc        0x2 Core/Startup/startup_stm32f303retx.o
                0x00000000080020cc                RTC_Alarm_IRQHandler
                0x00000000080020cc                TIM8_TRG_COM_IRQHandler
                0x00000000080020cc                TIM8_CC_IRQHandler
                0x00000000080020cc                SPI4_IRQHandler
                0x00000000080020cc                TIM1_CC_IRQHandler
                0x00000000080020cc                USB_HP_IRQHandler
                0x00000000080020cc                PVD_IRQHandler
                0x00000000080020cc                TAMP_STAMP_IRQHandler
                0x00000000080020cc                EXTI3_IRQHandler
                0x00000000080020cc                I2C3_ER_IRQHandler
                0x00000000080020cc                USB_HP_CAN_TX_IRQHandler
                0x00000000080020cc                EXTI0_IRQHandler
                0x00000000080020cc                I2C2_EV_IRQHandler
                0x00000000080020cc                FPU_IRQHandler
                0x00000000080020cc                TIM1_UP_TIM16_IRQHandler
                0x00000000080020cc                ADC1_2_IRQHandler
                0x00000000080020cc                SPI1_IRQHandler
                0x00000000080020cc                CAN_SCE_IRQHandler
                0x00000000080020cc                TIM8_UP_IRQHandler
                0x00000000080020cc                DMA2_Channel2_IRQHandler
                0x00000000080020cc                DMA1_Channel4_IRQHandler
                0x00000000080020cc                TIM20_TRG_COM_IRQHandler
                0x00000000080020cc                DMA1_Channel7_IRQHandler
                0x00000000080020cc                UART5_IRQHandler
                0x00000000080020cc                ADC3_IRQHandler
                0x00000000080020cc                TIM4_IRQHandler
                0x00000000080020cc                CAN_RX1_IRQHandler
                0x00000000080020cc                DMA2_Channel1_IRQHandler
                0x00000000080020cc                I2C1_EV_IRQHandler
                0x00000000080020cc                DMA1_Channel6_IRQHandler
                0x00000000080020cc                UART4_IRQHandler
                0x00000000080020cc                DMA2_Channel4_IRQHandler
                0x00000000080020cc                TIM3_IRQHandler
                0x00000000080020cc                RCC_IRQHandler
                0x00000000080020cc                TIM20_UP_IRQHandler
                0x00000000080020cc                DMA1_Channel1_IRQHandler
                0x00000000080020cc                Default_Handler
                0x00000000080020cc                USBWakeUp_RMP_IRQHandler
                0x00000000080020cc                EXTI15_10_IRQHandler
                0x00000000080020cc                I2C3_EV_IRQHandler
                0x00000000080020cc                EXTI9_5_IRQHandler
                0x00000000080020cc                RTC_WKUP_IRQHandler
                0x00000000080020cc                SPI2_IRQHandler
                0x00000000080020cc                USB_LP_CAN_RX0_IRQHandler
                0x00000000080020cc                DMA2_Channel5_IRQHandler
                0x00000000080020cc                DMA1_Channel5_IRQHandler
                0x00000000080020cc                USB_LP_IRQHandler
                0x00000000080020cc                EXTI4_IRQHandler
                0x00000000080020cc                TIM1_TRG_COM_TIM17_IRQHandler
                0x00000000080020cc                DMA1_Channel3_IRQHandler
                0x00000000080020cc                ADC4_IRQHandler
                0x00000000080020cc                WWDG_IRQHandler
                0x00000000080020cc                TIM2_IRQHandler
                0x00000000080020cc                COMP7_IRQHandler
                0x00000000080020cc                COMP1_2_3_IRQHandler
                0x00000000080020cc                EXTI1_IRQHandler
                0x00000000080020cc                USART2_IRQHandler
                0x00000000080020cc                COMP4_5_6_IRQHandler
                0x00000000080020cc                TIM20_BRK_IRQHandler
                0x00000000080020cc                I2C2_ER_IRQHandler
                0x00000000080020cc                DMA1_Channel2_IRQHandler
                0x00000000080020cc                TIM8_BRK_IRQHandler
                0x00000000080020cc                FLASH_IRQHandler
                0x00000000080020cc                TIM20_CC_IRQHandler
                0x00000000080020cc                USART1_IRQHandler
                0x00000000080020cc                SPI3_IRQHandler
                0x00000000080020cc                I2C1_ER_IRQHandler
                0x00000000080020cc                FMC_IRQHandler
                0x00000000080020cc                USBWakeUp_IRQHandler
                0x00000000080020cc                DMA2_Channel3_IRQHandler
                0x00000000080020cc                EXTI2_TSC_IRQHandler
                0x00000000080020cc                TIM1_BRK_TIM15_IRQHandler
 *fill*         0x00000000080020ce        0x2 
 .text.HAL_Init
                0x00000000080020d0       0x2c Drivers/STM32F3xx_HAL_Driver/Src/stm32f3xx_hal.o
                0x00000000080020d0                HAL_Init
 .text.HAL_InitTick
                0x00000000080020fc       0x60 Drivers/STM32F3xx_HAL_Driver/Src/stm32f3xx_hal.o
                0x00000000080020fc                HAL_InitTick
 .text.HAL_IncTick
                0x000000000800215c       0x28 Drivers/STM32F3xx_HAL_Driver/Src/stm32f3xx_hal.o
                0x000000000800215c                HAL_IncTick
 .text.HAL_GetTick
                0x0000000008002184       0x18 Drivers/STM32F3xx_HAL_Driver/Src/stm32f3xx_hal.o
                0x0000000008002184                HAL_GetTick
 .text.HAL_Delay
                0x000000000800219c       0x44 Drivers/STM32F3xx_HAL_Driver/Src/stm32f3xx_hal.o
                0x000000000800219c                HAL_Delay
 .text.__NVIC_SetPriorityGrouping
                0x00000000080021e0       0x48 Drivers/STM32F3xx_HAL_Driver/Src/stm32f3xx_hal_cortex.o
 .text.__NVIC_GetPriorityGrouping
                0x0000000008002228       0x1c Drivers/STM32F3xx_HAL_Driver/Src/stm32f3xx_hal_cortex.o
 .text.__NVIC_EnableIRQ
                0x0000000008002244       0x3c Drivers/STM32F3xx_HAL_Driver/Src/stm32f3xx_hal_cortex.o
 .text.__NVIC_SetPriority
                0x0000000008002280       0x54 Drivers/STM32F3xx_HAL_Driver/Src/stm32f3xx_hal_cortex.o
 .text.NVIC_EncodePriority
                0x00000000080022d4       0x66 Drivers/STM32F3xx_HAL_Driver/Src/stm32f3xx_hal_cortex.o
 *fill*         0x000000000800233a        0x2 
 .text.SysTick_Config
                0x000000000800233c       0x44 Drivers/STM32F3xx_HAL_Driver/Src/stm32f3xx_hal_cortex.o
 .text.HAL_NVIC_SetPriorityGrouping
                0x0000000008002380       0x16 Drivers/STM32F3xx_HAL_Driver/Src/stm32f3xx_hal_cortex.o
                0x0000000008002380                HAL_NVIC_SetPriorityGrouping
 .text.HAL_NVIC_SetPriority
                0x0000000008002396       0x38 Drivers/STM32F3xx_HAL_Driver/Src/stm32f3xx_hal_cortex.o
                0x0000000008002396                HAL_NVIC_SetPriority
 .text.HAL_NVIC_EnableIRQ
                0x00000000080023ce       0x1c Drivers/STM32F3xx_HAL_Driver/Src/stm32f3xx_hal_cortex.o
                0x00000000080023ce                HAL_NVIC_EnableIRQ
 .text.HAL_SYSTICK_Config
                0x00000000080023ea       0x18 Drivers/STM32F3xx_HAL_Driver/Src/stm32f3xx_hal_cortex.o
                0x00000000080023ea                HAL_SYSTICK_Config
 .text.HAL_DMA_Abort_IT
                0x0000000008002402       0x7c Drivers/STM32F3xx_HAL_Driver/Src/stm32f3xx_hal_dma.o
                0x0000000008002402                HAL_DMA_Abort_IT
 *fill*         0x000000000800247e        0x2 
 .text.HAL_GPIO_Init
                0x0000000008002480      0x314 Drivers/STM32F3xx_HAL_Driver/Src/stm32f3xx_hal_gpio.o
                0x0000000008002480                HAL_GPIO_Init
 .text.HAL_GPIO_WritePin
                0x0000000008002794       0x30 Drivers/STM32F3xx_HAL_Driver/Src/stm32f3xx_hal_gpio.o
                0x0000000008002794                HAL_GPIO_WritePin
 .text.HAL_RCC_OscConfig
                0x00000000080027c4      0xe2c Drivers/STM32F3xx_HAL_Driver/Src/stm32f3xx_hal_rcc.o
                0x00000000080027c4                HAL_RCC_OscConfig
 .text.HAL_RCC_ClockConfig
                0x00000000080035f0      0x2f8 Drivers/STM32F3xx_HAL_Driver/Src/stm32f3xx_hal_rcc.o
                0x00000000080035f0                HAL_RCC_ClockConfig
 .text.HAL_RCC_GetSysClockFreq
                0x00000000080038e8       0xd4 Drivers/STM32F3xx_HAL_Driver/Src/stm32f3xx_hal_rcc.o
                0x00000000080038e8                HAL_RCC_GetSysClockFreq
 .text.HAL_RCC_GetHCLKFreq
                0x00000000080039bc       0x18 Drivers/STM32F3xx_HAL_Driver/Src/stm32f3xx_hal_rcc.o
                0x00000000080039bc                HAL_RCC_GetHCLKFreq
 .text.HAL_RCC_GetPCLK1Freq
                0x00000000080039d4       0x44 Drivers/STM32F3xx_HAL_Driver/Src/stm32f3xx_hal_rcc.o
                0x00000000080039d4                HAL_RCC_GetPCLK1Freq
 .text.HAL_RCC_GetPCLK2Freq
                0x0000000008003a18       0x44 Drivers/STM32F3xx_HAL_Driver/Src/stm32f3xx_hal_rcc.o
                0x0000000008003a18                HAL_RCC_GetPCLK2Freq
 .text.HAL_RCCEx_PeriphCLKConfig
                0x0000000008003a5c      0x43c Drivers/STM32F3xx_HAL_Driver/Src/stm32f3xx_hal_rcc_ex.o
                0x0000000008003a5c                HAL_RCCEx_PeriphCLKConfig
 .text.HAL_TIM_Base_Init
                0x0000000008003e98       0x56 Drivers/STM32F3xx_HAL_Driver/Src/stm32f3xx_hal_tim.o
                0x0000000008003e98                HAL_TIM_Base_Init
 *fill*         0x0000000008003eee        0x2 
 .text.HAL_TIM_Base_Start_IT
                0x0000000008003ef0       0x54 Drivers/STM32F3xx_HAL_Driver/Src/stm32f3xx_hal_tim.o
                0x0000000008003ef0                HAL_TIM_Base_Start_IT
 .text.HAL_TIM_Base_Stop_IT
                0x0000000008003f44       0x56 Drivers/STM32F3xx_HAL_Driver/Src/stm32f3xx_hal_tim.o
                0x0000000008003f44                HAL_TIM_Base_Stop_IT
 .text.HAL_TIM_IRQHandler
                0x0000000008003f9a      0x23e Drivers/STM32F3xx_HAL_Driver/Src/stm32f3xx_hal_tim.o
                0x0000000008003f9a                HAL_TIM_IRQHandler
 .text.HAL_TIM_OC_DelayElapsedCallback
                0x00000000080041d8       0x14 Drivers/STM32F3xx_HAL_Driver/Src/stm32f3xx_hal_tim.o
                0x00000000080041d8                HAL_TIM_OC_DelayElapsedCallback
 .text.HAL_TIM_IC_CaptureCallback
                0x00000000080041ec       0x14 Drivers/STM32F3xx_HAL_Driver/Src/stm32f3xx_hal_tim.o
                0x00000000080041ec                HAL_TIM_IC_CaptureCallback
 .text.HAL_TIM_PWM_PulseFinishedCallback
                0x0000000008004200       0x14 Drivers/STM32F3xx_HAL_Driver/Src/stm32f3xx_hal_tim.o
                0x0000000008004200                HAL_TIM_PWM_PulseFinishedCallback
 .text.HAL_TIM_TriggerCallback
                0x0000000008004214       0x14 Drivers/STM32F3xx_HAL_Driver/Src/stm32f3xx_hal_tim.o
                0x0000000008004214                HAL_TIM_TriggerCallback
 .text.TIM_Base_SetConfig
                0x0000000008004228      0x13c Drivers/STM32F3xx_HAL_Driver/Src/stm32f3xx_hal_tim.o
                0x0000000008004228                TIM_Base_SetConfig
 .text.HAL_TIMEx_MasterConfigSynchronization
                0x0000000008004364      0x118 Drivers/STM32F3xx_HAL_Driver/Src/stm32f3xx_hal_tim_ex.o
                0x0000000008004364                HAL_TIMEx_MasterConfigSynchronization
 .text.HAL_TIMEx_CommutCallback
                0x000000000800447c       0x14 Drivers/STM32F3xx_HAL_Driver/Src/stm32f3xx_hal_tim_ex.o
                0x000000000800447c                HAL_TIMEx_CommutCallback
 .text.HAL_TIMEx_BreakCallback
                0x0000000008004490       0x14 Drivers/STM32F3xx_HAL_Driver/Src/stm32f3xx_hal_tim_ex.o
                0x0000000008004490                HAL_TIMEx_BreakCallback
 .text.HAL_TIMEx_Break2Callback
                0x00000000080044a4       0x14 Drivers/STM32F3xx_HAL_Driver/Src/stm32f3xx_hal_tim_ex.o
                0x00000000080044a4                HAL_TIMEx_Break2Callback
 .text.HAL_UART_Init
                0x00000000080044b8       0x9c Drivers/STM32F3xx_HAL_Driver/Src/stm32f3xx_hal_uart.o
                0x00000000080044b8                HAL_UART_Init
 .text.HAL_UART_Transmit
                0x0000000008004554      0x126 Drivers/STM32F3xx_HAL_Driver/Src/stm32f3xx_hal_uart.o
                0x0000000008004554                HAL_UART_Transmit
 *fill*         0x000000000800467a        0x2 
 .text.HAL_UART_Receive_IT
                0x000000000800467c      0x144 Drivers/STM32F3xx_HAL_Driver/Src/stm32f3xx_hal_uart.o
                0x000000000800467c                HAL_UART_Receive_IT
 .text.HAL_UART_IRQHandler
                0x00000000080047c0      0x28c Drivers/STM32F3xx_HAL_Driver/Src/stm32f3xx_hal_uart.o
                0x00000000080047c0                HAL_UART_IRQHandler
 .text.HAL_UART_TxCpltCallback
                0x0000000008004a4c       0x14 Drivers/STM32F3xx_HAL_Driver/Src/stm32f3xx_hal_uart.o
                0x0000000008004a4c                HAL_UART_TxCpltCallback
 .text.HAL_UART_ErrorCallback
                0x0000000008004a60       0x14 Drivers/STM32F3xx_HAL_Driver/Src/stm32f3xx_hal_uart.o
                0x0000000008004a60                HAL_UART_ErrorCallback
 .text.UART_SetConfig
                0x0000000008004a74      0x434 Drivers/STM32F3xx_HAL_Driver/Src/stm32f3xx_hal_uart.o
                0x0000000008004a74                UART_SetConfig
 .text.UART_AdvFeatureConfig
                0x0000000008004ea8      0x144 Drivers/STM32F3xx_HAL_Driver/Src/stm32f3xx_hal_uart.o
                0x0000000008004ea8                UART_AdvFeatureConfig
 .text.UART_CheckIdleState
                0x0000000008004fec       0x8a Drivers/STM32F3xx_HAL_Driver/Src/stm32f3xx_hal_uart.o
                0x0000000008004fec                UART_CheckIdleState
 .text.UART_WaitOnFlagUntilTimeout
                0x0000000008005076       0xf6 Drivers/STM32F3xx_HAL_Driver/Src/stm32f3xx_hal_uart.o
                0x0000000008005076                UART_WaitOnFlagUntilTimeout
 .text.UART_EndRxTransfer
                0x000000000800516c       0x40 Drivers/STM32F3xx_HAL_Driver/Src/stm32f3xx_hal_uart.o
 .text.UART_DMAAbortOnError
                0x00000000080051ac       0x2c Drivers/STM32F3xx_HAL_Driver/Src/stm32f3xx_hal_uart.o
 .text.UART_EndTransmit_IT
                0x00000000080051d8       0x32 Drivers/STM32F3xx_HAL_Driver/Src/stm32f3xx_hal_uart.o
 .text.UART_RxISR_8BIT
                0x000000000800520a       0xa6 Drivers/STM32F3xx_HAL_Driver/Src/stm32f3xx_hal_uart.o
 .text.UART_RxISR_16BIT
                0x00000000080052b0       0xa6 Drivers/STM32F3xx_HAL_Driver/Src/stm32f3xx_hal_uart.o
 .text.HAL_UARTEx_WakeupCallback
                0x0000000008005356       0x14 Drivers/STM32F3xx_HAL_Driver/Src/stm32f3xx_hal_uart_ex.o
                0x0000000008005356                HAL_UARTEx_WakeupCallback
 *fill*         0x000000000800536a        0x2 
 .text.__errno  0x000000000800536c        0xc c:/st/stm32cubeide_1.4.0/stm32cubeide/plugins/com.st.stm32cube.ide.mcu.externaltools.gnu-tools-for-stm32.7-2018-q2-update.win32_1.5.0.202011040924/tools/bin/../lib/gcc/arm-none-eabi/7.3.1/../../../../arm-none-eabi/lib/thumb/v7e-m/fpv4-sp/hard\libc_nano.a(lib_a-errno.o)
                0x000000000800536c                __errno
 .text.__libc_init_array
                0x0000000008005378       0x48 c:/st/stm32cubeide_1.4.0/stm32cubeide/plugins/com.st.stm32cube.ide.mcu.externaltools.gnu-tools-for-stm32.7-2018-q2-update.win32_1.5.0.202011040924/tools/bin/../lib/gcc/arm-none-eabi/7.3.1/../../../../arm-none-eabi/lib/thumb/v7e-m/fpv4-sp/hard\libc_nano.a(lib_a-init.o)
                0x0000000008005378                __libc_init_array
 .text.malloc   0x00000000080053c0       0x10 c:/st/stm32cubeide_1.4.0/stm32cubeide/plugins/com.st.stm32cube.ide.mcu.externaltools.gnu-tools-for-stm32.7-2018-q2-update.win32_1.5.0.202011040924/tools/bin/../lib/gcc/arm-none-eabi/7.3.1/../../../../arm-none-eabi/lib/thumb/v7e-m/fpv4-sp/hard\libc_nano.a(lib_a-malloc.o)
                0x00000000080053c0                malloc
 .text.free     0x00000000080053d0       0x10 c:/st/stm32cubeide_1.4.0/stm32cubeide/plugins/com.st.stm32cube.ide.mcu.externaltools.gnu-tools-for-stm32.7-2018-q2-update.win32_1.5.0.202011040924/tools/bin/../lib/gcc/arm-none-eabi/7.3.1/../../../../arm-none-eabi/lib/thumb/v7e-m/fpv4-sp/hard\libc_nano.a(lib_a-malloc.o)
                0x00000000080053d0                free
 .text.memcpy   0x00000000080053e0       0x16 c:/st/stm32cubeide_1.4.0/stm32cubeide/plugins/com.st.stm32cube.ide.mcu.externaltools.gnu-tools-for-stm32.7-2018-q2-update.win32_1.5.0.202011040924/tools/bin/../lib/gcc/arm-none-eabi/7.3.1/../../../../arm-none-eabi/lib/thumb/v7e-m/fpv4-sp/hard\libc_nano.a(lib_a-memcpy-stub.o)
                0x00000000080053e0                memcpy
 .text.memset   0x00000000080053f6       0x10 c:/st/stm32cubeide_1.4.0/stm32cubeide/plugins/com.st.stm32cube.ide.mcu.externaltools.gnu-tools-for-stm32.7-2018-q2-update.win32_1.5.0.202011040924/tools/bin/../lib/gcc/arm-none-eabi/7.3.1/../../../../arm-none-eabi/lib/thumb/v7e-m/fpv4-sp/hard\libc_nano.a(lib_a-memset.o)
                0x00000000080053f6                memset
 *fill*         0x0000000008005406        0x2 
 .text._free_r  0x0000000008005408       0x9c c:/st/stm32cubeide_1.4.0/stm32cubeide/plugins/com.st.stm32cube.ide.mcu.externaltools.gnu-tools-for-stm32.7-2018-q2-update.win32_1.5.0.202011040924/tools/bin/../lib/gcc/arm-none-eabi/7.3.1/../../../../arm-none-eabi/lib/thumb/v7e-m/fpv4-sp/hard\libc_nano.a(lib_a-nano-freer.o)
                0x0000000008005408                _free_r
 .text._malloc_r
                0x00000000080054a4       0xb4 c:/st/stm32cubeide_1.4.0/stm32cubeide/plugins/com.st.stm32cube.ide.mcu.externaltools.gnu-tools-for-stm32.7-2018-q2-update.win32_1.5.0.202011040924/tools/bin/../lib/gcc/arm-none-eabi/7.3.1/../../../../arm-none-eabi/lib/thumb/v7e-m/fpv4-sp/hard\libc_nano.a(lib_a-nano-mallocr.o)
                0x00000000080054a4                _malloc_r
 .text._sbrk_r  0x0000000008005558       0x20 c:/st/stm32cubeide_1.4.0/stm32cubeide/plugins/com.st.stm32cube.ide.mcu.externaltools.gnu-tools-for-stm32.7-2018-q2-update.win32_1.5.0.202011040924/tools/bin/../lib/gcc/arm-none-eabi/7.3.1/../../../../arm-none-eabi/lib/thumb/v7e-m/fpv4-sp/hard\libc_nano.a(lib_a-sbrkr.o)
                0x0000000008005558                _sbrk_r
 .text.__malloc_lock
                0x0000000008005578        0x2 c:/st/stm32cubeide_1.4.0/stm32cubeide/plugins/com.st.stm32cube.ide.mcu.externaltools.gnu-tools-for-stm32.7-2018-q2-update.win32_1.5.0.202011040924/tools/bin/../lib/gcc/arm-none-eabi/7.3.1/../../../../arm-none-eabi/lib/thumb/v7e-m/fpv4-sp/hard\libc_nano.a(lib_a-mlock.o)
                0x0000000008005578                __malloc_lock
 .text.__malloc_unlock
                0x000000000800557a        0x2 c:/st/stm32cubeide_1.4.0/stm32cubeide/plugins/com.st.stm32cube.ide.mcu.externaltools.gnu-tools-for-stm32.7-2018-q2-update.win32_1.5.0.202011040924/tools/bin/../lib/gcc/arm-none-eabi/7.3.1/../../../../arm-none-eabi/lib/thumb/v7e-m/fpv4-sp/hard\libc_nano.a(lib_a-mlock.o)
                0x000000000800557a                __malloc_unlock
 *fill*         0x000000000800557c        0x4 
 .text.ceil     0x0000000008005580      0x100 c:/st/stm32cubeide_1.4.0/stm32cubeide/plugins/com.st.stm32cube.ide.mcu.externaltools.gnu-tools-for-stm32.7-2018-q2-update.win32_1.5.0.202011040924/tools/bin/../lib/gcc/arm-none-eabi/7.3.1/../../../../arm-none-eabi/lib/thumb/v7e-m/fpv4-sp/hard\libm.a(lib_a-s_ceil.o)
                0x0000000008005580                ceil
 .text.pow      0x0000000008005680      0x2e0 c:/st/stm32cubeide_1.4.0/stm32cubeide/plugins/com.st.stm32cube.ide.mcu.externaltools.gnu-tools-for-stm32.7-2018-q2-update.win32_1.5.0.202011040924/tools/bin/../lib/gcc/arm-none-eabi/7.3.1/../../../../arm-none-eabi/lib/thumb/v7e-m/fpv4-sp/hard\libm.a(lib_a-w_pow.o)
                0x0000000008005680                pow
 .text.__ieee754_pow
                0x0000000008005960      0xa1c c:/st/stm32cubeide_1.4.0/stm32cubeide/plugins/com.st.stm32cube.ide.mcu.externaltools.gnu-tools-for-stm32.7-2018-q2-update.win32_1.5.0.202011040924/tools/bin/../lib/gcc/arm-none-eabi/7.3.1/../../../../arm-none-eabi/lib/thumb/v7e-m/fpv4-sp/hard\libm.a(lib_a-e_pow.o)
                0x0000000008005960                __ieee754_pow
 .text.__ieee754_sqrt
                0x000000000800637c      0x160 c:/st/stm32cubeide_1.4.0/stm32cubeide/plugins/com.st.stm32cube.ide.mcu.externaltools.gnu-tools-for-stm32.7-2018-q2-update.win32_1.5.0.202011040924/tools/bin/../lib/gcc/arm-none-eabi/7.3.1/../../../../arm-none-eabi/lib/thumb/v7e-m/fpv4-sp/hard\libm.a(lib_a-e_sqrt.o)
                0x000000000800637c                __ieee754_sqrt
 .text.fabs     0x00000000080064dc       0x12 c:/st/stm32cubeide_1.4.0/stm32cubeide/plugins/com.st.stm32cube.ide.mcu.externaltools.gnu-tools-for-stm32.7-2018-q2-update.win32_1.5.0.202011040924/tools/bin/../lib/gcc/arm-none-eabi/7.3.1/../../../../arm-none-eabi/lib/thumb/v7e-m/fpv4-sp/hard\libm.a(lib_a-s_fabs.o)
                0x00000000080064dc                fabs
 .text.finite   0x00000000080064ee       0x10 c:/st/stm32cubeide_1.4.0/stm32cubeide/plugins/com.st.stm32cube.ide.mcu.externaltools.gnu-tools-for-stm32.7-2018-q2-update.win32_1.5.0.202011040924/tools/bin/../lib/gcc/arm-none-eabi/7.3.1/../../../../arm-none-eabi/lib/thumb/v7e-m/fpv4-sp/hard\libm.a(lib_a-s_finite.o)
                0x00000000080064ee                finite
 .text.matherr  0x00000000080064fe        0x4 c:/st/stm32cubeide_1.4.0/stm32cubeide/plugins/com.st.stm32cube.ide.mcu.externaltools.gnu-tools-for-stm32.7-2018-q2-update.win32_1.5.0.202011040924/tools/bin/../lib/gcc/arm-none-eabi/7.3.1/../../../../arm-none-eabi/lib/thumb/v7e-m/fpv4-sp/hard\libm.a(lib_a-s_matherr.o)
                0x00000000080064fe                matherr
 *fill*         0x0000000008006502        0x6 
 .text.nan      0x0000000008006508       0x10 c:/st/stm32cubeide_1.4.0/stm32cubeide/plugins/com.st.stm32cube.ide.mcu.externaltools.gnu-tools-for-stm32.7-2018-q2-update.win32_1.5.0.202011040924/tools/bin/../lib/gcc/arm-none-eabi/7.3.1/../../../../arm-none-eabi/lib/thumb/v7e-m/fpv4-sp/hard\libm.a(lib_a-s_nan.o)
                0x0000000008006508                nan
 .text.rint     0x0000000008006518      0x108 c:/st/stm32cubeide_1.4.0/stm32cubeide/plugins/com.st.stm32cube.ide.mcu.externaltools.gnu-tools-for-stm32.7-2018-q2-update.win32_1.5.0.202011040924/tools/bin/../lib/gcc/arm-none-eabi/7.3.1/../../../../arm-none-eabi/lib/thumb/v7e-m/fpv4-sp/hard\libm.a(lib_a-s_rint.o)
                0x0000000008006518                rint
 .text.scalbn   0x0000000008006620       0xec c:/st/stm32cubeide_1.4.0/stm32cubeide/plugins/com.st.stm32cube.ide.mcu.externaltools.gnu-tools-for-stm32.7-2018-q2-update.win32_1.5.0.202011040924/tools/bin/../lib/gcc/arm-none-eabi/7.3.1/../../../../arm-none-eabi/lib/thumb/v7e-m/fpv4-sp/hard\libm.a(lib_a-s_scalbn.o)
                0x0000000008006620                scalbn
 .text.copysign
                0x000000000800670c       0x1e c:/st/stm32cubeide_1.4.0/stm32cubeide/plugins/com.st.stm32cube.ide.mcu.externaltools.gnu-tools-for-stm32.7-2018-q2-update.win32_1.5.0.202011040924/tools/bin/../lib/gcc/arm-none-eabi/7.3.1/../../../../arm-none-eabi/lib/thumb/v7e-m/fpv4-sp/hard\libm.a(lib_a-s_copysign.o)
                0x000000000800670c                copysign
 *(.glue_7)
 .glue_7        0x000000000800672a        0x0 linker stubs
 *(.glue_7t)
 .glue_7t       0x000000000800672a        0x0 linker stubs
 *(.eh_frame)
 *fill*         0x000000000800672a        0x2 
 .eh_frame      0x000000000800672c        0x0 c:/st/stm32cubeide_1.4.0/stm32cubeide/plugins/com.st.stm32cube.ide.mcu.externaltools.gnu-tools-for-stm32.7-2018-q2-update.win32_1.5.0.202011040924/tools/bin/../lib/gcc/arm-none-eabi/7.3.1/thumb/v7e-m/fpv4-sp/hard/crtbegin.o
 *(.init)
 .init          0x000000000800672c        0x4 c:/st/stm32cubeide_1.4.0/stm32cubeide/plugins/com.st.stm32cube.ide.mcu.externaltools.gnu-tools-for-stm32.7-2018-q2-update.win32_1.5.0.202011040924/tools/bin/../lib/gcc/arm-none-eabi/7.3.1/thumb/v7e-m/fpv4-sp/hard/crti.o
                0x000000000800672c                _init
 .init          0x0000000008006730        0x8 c:/st/stm32cubeide_1.4.0/stm32cubeide/plugins/com.st.stm32cube.ide.mcu.externaltools.gnu-tools-for-stm32.7-2018-q2-update.win32_1.5.0.202011040924/tools/bin/../lib/gcc/arm-none-eabi/7.3.1/thumb/v7e-m/fpv4-sp/hard/crtn.o
 *(.fini)
 .fini          0x0000000008006738        0x4 c:/st/stm32cubeide_1.4.0/stm32cubeide/plugins/com.st.stm32cube.ide.mcu.externaltools.gnu-tools-for-stm32.7-2018-q2-update.win32_1.5.0.202011040924/tools/bin/../lib/gcc/arm-none-eabi/7.3.1/thumb/v7e-m/fpv4-sp/hard/crti.o
                0x0000000008006738                _fini
 .fini          0x000000000800673c        0x8 c:/st/stm32cubeide_1.4.0/stm32cubeide/plugins/com.st.stm32cube.ide.mcu.externaltools.gnu-tools-for-stm32.7-2018-q2-update.win32_1.5.0.202011040924/tools/bin/../lib/gcc/arm-none-eabi/7.3.1/thumb/v7e-m/fpv4-sp/hard/crtn.o
                0x0000000008006744                . = ALIGN (0x4)
                0x0000000008006744                _etext = .

.vfp11_veneer   0x0000000008006744        0x0
 .vfp11_veneer  0x0000000008006744        0x0 linker stubs

.v4_bx          0x0000000008006744        0x0
 .v4_bx         0x0000000008006744        0x0 linker stubs

.iplt           0x0000000008006744        0x0
 .iplt          0x0000000008006744        0x0 c:/st/stm32cubeide_1.4.0/stm32cubeide/plugins/com.st.stm32cube.ide.mcu.externaltools.gnu-tools-for-stm32.7-2018-q2-update.win32_1.5.0.202011040924/tools/bin/../lib/gcc/arm-none-eabi/7.3.1/thumb/v7e-m/fpv4-sp/hard/crtbegin.o

.rodata         0x0000000008006748       0x88
                0x0000000008006748                . = ALIGN (0x4)
 *(.rodata)
 .rodata        0x0000000008006748        0xa Core/Src/parametr.o
 *(.rodata*)
 *fill*         0x0000000008006752        0x2 
 .rodata.AHBPrescTable
                0x0000000008006754       0x10 Core/Src/system_stm32f3xx.o
                0x0000000008006754                AHBPrescTable
 .rodata.APBPrescTable
                0x0000000008006764        0x8 Core/Src/system_stm32f3xx.o
                0x0000000008006764                APBPrescTable
 .rodata.aPLLMULFactorTable
                0x000000000800676c       0x10 Drivers/STM32F3xx_HAL_Driver/Src/stm32f3xx_hal_rcc.o
                0x000000000800676c                aPLLMULFactorTable
 .rodata.aPredivFactorTable
                0x000000000800677c       0x10 Drivers/STM32F3xx_HAL_Driver/Src/stm32f3xx_hal_rcc.o
                0x000000000800677c                aPredivFactorTable
 .rodata.pow.str1.1
                0x000000000800678c        0x4 c:/st/stm32cubeide_1.4.0/stm32cubeide/plugins/com.st.stm32cube.ide.mcu.externaltools.gnu-tools-for-stm32.7-2018-q2-update.win32_1.5.0.202011040924/tools/bin/../lib/gcc/arm-none-eabi/7.3.1/../../../../arm-none-eabi/lib/thumb/v7e-m/fpv4-sp/hard\libm.a(lib_a-w_pow.o)
 .rodata.__ieee754_pow.str1.1
                0x0000000008006790        0x4 c:/st/stm32cubeide_1.4.0/stm32cubeide/plugins/com.st.stm32cube.ide.mcu.externaltools.gnu-tools-for-stm32.7-2018-q2-update.win32_1.5.0.202011040924/tools/bin/../lib/gcc/arm-none-eabi/7.3.1/../../../../arm-none-eabi/lib/thumb/v7e-m/fpv4-sp/hard\libm.a(lib_a-e_pow.o)
                                          0x1 (size before relaxing)
 .rodata.bp     0x0000000008006790       0x10 c:/st/stm32cubeide_1.4.0/stm32cubeide/plugins/com.st.stm32cube.ide.mcu.externaltools.gnu-tools-for-stm32.7-2018-q2-update.win32_1.5.0.202011040924/tools/bin/../lib/gcc/arm-none-eabi/7.3.1/../../../../arm-none-eabi/lib/thumb/v7e-m/fpv4-sp/hard\libm.a(lib_a-e_pow.o)
 .rodata.dp_h   0x00000000080067a0       0x10 c:/st/stm32cubeide_1.4.0/stm32cubeide/plugins/com.st.stm32cube.ide.mcu.externaltools.gnu-tools-for-stm32.7-2018-q2-update.win32_1.5.0.202011040924/tools/bin/../lib/gcc/arm-none-eabi/7.3.1/../../../../arm-none-eabi/lib/thumb/v7e-m/fpv4-sp/hard\libm.a(lib_a-e_pow.o)
 .rodata.dp_l   0x00000000080067b0       0x10 c:/st/stm32cubeide_1.4.0/stm32cubeide/plugins/com.st.stm32cube.ide.mcu.externaltools.gnu-tools-for-stm32.7-2018-q2-update.win32_1.5.0.202011040924/tools/bin/../lib/gcc/arm-none-eabi/7.3.1/../../../../arm-none-eabi/lib/thumb/v7e-m/fpv4-sp/hard\libm.a(lib_a-e_pow.o)
 .rodata.TWO52  0x00000000080067c0       0x10 c:/st/stm32cubeide_1.4.0/stm32cubeide/plugins/com.st.stm32cube.ide.mcu.externaltools.gnu-tools-for-stm32.7-2018-q2-update.win32_1.5.0.202011040924/tools/bin/../lib/gcc/arm-none-eabi/7.3.1/../../../../arm-none-eabi/lib/thumb/v7e-m/fpv4-sp/hard\libm.a(lib_a-s_rint.o)
                0x00000000080067d0                . = ALIGN (0x4)

.rel.dyn        0x00000000080067d0        0x0
 .rel.iplt      0x00000000080067d0        0x0 c:/st/stm32cubeide_1.4.0/stm32cubeide/plugins/com.st.stm32cube.ide.mcu.externaltools.gnu-tools-for-stm32.7-2018-q2-update.win32_1.5.0.202011040924/tools/bin/../lib/gcc/arm-none-eabi/7.3.1/thumb/v7e-m/fpv4-sp/hard/crtbegin.o

.ARM.extab      0x00000000080067d0        0x0
                0x00000000080067d0                . = ALIGN (0x4)
 *(.ARM.extab* .gnu.linkonce.armextab.*)
                0x00000000080067d0                . = ALIGN (0x4)

.ARM            0x00000000080067d0        0x0
                0x00000000080067d0                . = ALIGN (0x4)
                0x00000000080067d0                __exidx_start = .
 *(.ARM.exidx*)
                0x00000000080067d0                __exidx_end = .
                0x00000000080067d0                . = ALIGN (0x4)

.preinit_array  0x00000000080067d0        0x0
                0x00000000080067d0                . = ALIGN (0x4)
                0x00000000080067d0                PROVIDE (__preinit_array_start = .)
 *(.preinit_array*)
                0x00000000080067d0                PROVIDE (__preinit_array_end = .)
                0x00000000080067d0                . = ALIGN (0x4)

.init_array     0x00000000080067d0        0x4
                0x00000000080067d0                . = ALIGN (0x4)
                0x00000000080067d0                PROVIDE (__init_array_start = .)
 *(SORT_BY_NAME(.init_array.*))
 *(.init_array*)
 .init_array    0x00000000080067d0        0x4 c:/st/stm32cubeide_1.4.0/stm32cubeide/plugins/com.st.stm32cube.ide.mcu.externaltools.gnu-tools-for-stm32.7-2018-q2-update.win32_1.5.0.202011040924/tools/bin/../lib/gcc/arm-none-eabi/7.3.1/thumb/v7e-m/fpv4-sp/hard/crtbegin.o
                0x00000000080067d4                PROVIDE (__init_array_end = .)
                0x00000000080067d4                . = ALIGN (0x4)

.fini_array     0x00000000080067d4        0x4
                0x00000000080067d4                . = ALIGN (0x4)
                [!provide]                        PROVIDE (__fini_array_start = .)
 *(SORT_BY_NAME(.fini_array.*))
 *(.fini_array*)
 .fini_array    0x00000000080067d4        0x4 c:/st/stm32cubeide_1.4.0/stm32cubeide/plugins/com.st.stm32cube.ide.mcu.externaltools.gnu-tools-for-stm32.7-2018-q2-update.win32_1.5.0.202011040924/tools/bin/../lib/gcc/arm-none-eabi/7.3.1/thumb/v7e-m/fpv4-sp/hard/crtbegin.o
                [!provide]                        PROVIDE (__fini_array_end = .)
                0x00000000080067d8                . = ALIGN (0x4)
                0x00000000080067d8                _sidata = LOADADDR (.data)

.data           0x0000000020000000      0x1cc load address 0x00000000080067d8
                0x0000000020000000                . = ALIGN (0x4)
                0x0000000020000000                _sdata = .
 *(.data)
 *(.data*)
 .data.DataRead
                0x0000000020000000        0x1 Core/Src/Interrupt.o
                0x0000000020000000                DataRead
 .data.state.9060
                0x0000000020000001        0x1 Core/Src/Interrupt.o
 *fill*         0x0000000020000002        0x2 
 .data.idx.9071
                0x0000000020000004        0x4 Core/Src/Interrupt.o
 .data.motor1   0x0000000020000008       0x70 Core/Src/Objects.o
                0x0000000020000008                motor1
 .data.motor2   0x0000000020000078       0x70 Core/Src/Objects.o
                0x0000000020000078                motor2
 .data.motor3   0x00000000200000e8       0x70 Core/Src/Objects.o
                0x00000000200000e8                motor3
 .data.SystemCoreClock
                0x0000000020000158        0x4 Core/Src/system_stm32f3xx.o
                0x0000000020000158                SystemCoreClock
 .data.uwTickPrio
                0x000000002000015c        0x4 Drivers/STM32F3xx_HAL_Driver/Src/stm32f3xx_hal.o
                0x000000002000015c                uwTickPrio
 .data.uwTickFreq
                0x0000000020000160        0x1 Drivers/STM32F3xx_HAL_Driver/Src/stm32f3xx_hal.o
                0x0000000020000160                uwTickFreq
 *fill*         0x0000000020000161        0x3 
 .data._impure_ptr
                0x0000000020000164        0x4 c:/st/stm32cubeide_1.4.0/stm32cubeide/plugins/com.st.stm32cube.ide.mcu.externaltools.gnu-tools-for-stm32.7-2018-q2-update.win32_1.5.0.202011040924/tools/bin/../lib/gcc/arm-none-eabi/7.3.1/../../../../arm-none-eabi/lib/thumb/v7e-m/fpv4-sp/hard\libc_nano.a(lib_a-impure.o)
                0x0000000020000164                _impure_ptr
 .data.impure_data
                0x0000000020000168       0x60 c:/st/stm32cubeide_1.4.0/stm32cubeide/plugins/com.st.stm32cube.ide.mcu.externaltools.gnu-tools-for-stm32.7-2018-q2-update.win32_1.5.0.202011040924/tools/bin/../lib/gcc/arm-none-eabi/7.3.1/../../../../arm-none-eabi/lib/thumb/v7e-m/fpv4-sp/hard\libc_nano.a(lib_a-impure.o)
 .data.__fdlib_version
                0x00000000200001c8        0x1 c:/st/stm32cubeide_1.4.0/stm32cubeide/plugins/com.st.stm32cube.ide.mcu.externaltools.gnu-tools-for-stm32.7-2018-q2-update.win32_1.5.0.202011040924/tools/bin/../lib/gcc/arm-none-eabi/7.3.1/../../../../arm-none-eabi/lib/thumb/v7e-m/fpv4-sp/hard\libm.a(lib_a-s_lib_ver.o)
                0x00000000200001c8                __fdlib_version
                0x00000000200001cc                . = ALIGN (0x4)
 *fill*         0x00000000200001c9        0x3 
                0x00000000200001cc                _edata = .

.igot.plt       0x00000000200001cc        0x0 load address 0x00000000080069a4
 .igot.plt      0x00000000200001cc        0x0 c:/st/stm32cubeide_1.4.0/stm32cubeide/plugins/com.st.stm32cube.ide.mcu.externaltools.gnu-tools-for-stm32.7-2018-q2-update.win32_1.5.0.202011040924/tools/bin/../lib/gcc/arm-none-eabi/7.3.1/thumb/v7e-m/fpv4-sp/hard/crtbegin.o
                0x00000000200001cc                . = ALIGN (0x4)

.bss            0x00000000200001d0      0x2f4 load address 0x00000000080069a4
                0x00000000200001d0                _sbss = .
                0x00000000200001d0                __bss_start__ = _sbss
 *(.bss)
 .bss           0x00000000200001d0       0x1c c:/st/stm32cubeide_1.4.0/stm32cubeide/plugins/com.st.stm32cube.ide.mcu.externaltools.gnu-tools-for-stm32.7-2018-q2-update.win32_1.5.0.202011040924/tools/bin/../lib/gcc/arm-none-eabi/7.3.1/thumb/v7e-m/fpv4-sp/hard/crtbegin.o
 *(.bss*)
 .bss.retval    0x00000000200001ec        0x1 Core/Src/Interrupt.o
                0x00000000200001ec                retval
 .bss.stoppingPoint
                0x00000000200001ed        0x1 Core/Src/setter.o
 *fill*         0x00000000200001ee        0x2 
 .bss.__sbrk_heap_end
                0x00000000200001f0        0x4 Core/Src/sysmem.o
 .bss.__malloc_free_list
                0x00000000200001f4        0x4 c:/st/stm32cubeide_1.4.0/stm32cubeide/plugins/com.st.stm32cube.ide.mcu.externaltools.gnu-tools-for-stm32.7-2018-q2-update.win32_1.5.0.202011040924/tools/bin/../lib/gcc/arm-none-eabi/7.3.1/../../../../arm-none-eabi/lib/thumb/v7e-m/fpv4-sp/hard\libc_nano.a(lib_a-nano-mallocr.o)
                0x00000000200001f4                __malloc_free_list
 .bss.__malloc_sbrk_start
                0x00000000200001f8        0x4 c:/st/stm32cubeide_1.4.0/stm32cubeide/plugins/com.st.stm32cube.ide.mcu.externaltools.gnu-tools-for-stm32.7-2018-q2-update.win32_1.5.0.202011040924/tools/bin/../lib/gcc/arm-none-eabi/7.3.1/../../../../arm-none-eabi/lib/thumb/v7e-m/fpv4-sp/hard\libc_nano.a(lib_a-nano-mallocr.o)
                0x00000000200001f8                __malloc_sbrk_start
 *(COMMON)
 *fill*         0x00000000200001fc        0x4 
 COMMON         0x0000000020000200      0x1b9 Core/Src/Interrupt.o
                0x0000000020000200                timer_T
                0x0000000020000218                msg_size2
                0x000000002000021c                msg
                0x0000000020000230                msg_v2
                0x000000002000023c                data
                0x0000000020000262                msg_size
                0x0000000020000268                Motor_set
                0x00000000200003b8                Err_Mode
 *fill*         0x00000000200003b9        0x1 
 COMMON         0x00000000200003ba        0x2 Core/Src/setter.o
                0x00000000200003ba                time
 COMMON         0x00000000200003bc       0x80 Core/Src/tim.o
                0x00000000200003bc                htim6
                0x00000000200003fc                htim7
 COMMON         0x000000002000043c       0x80 Core/Src/usart.o
                0x000000002000043c                huart3
 COMMON         0x00000000200004bc        0x4 Drivers/STM32F3xx_HAL_Driver/Src/stm32f3xx_hal.o
                0x00000000200004bc                uwTick
 COMMON         0x00000000200004c0        0x4 c:/st/stm32cubeide_1.4.0/stm32cubeide/plugins/com.st.stm32cube.ide.mcu.externaltools.gnu-tools-for-stm32.7-2018-q2-update.win32_1.5.0.202011040924/tools/bin/../lib/gcc/arm-none-eabi/7.3.1/../../../../arm-none-eabi/lib/thumb/v7e-m/fpv4-sp/hard\libc_nano.a(lib_a-reent.o)
                0x00000000200004c0                errno
                0x00000000200004c4                . = ALIGN (0x4)
                0x00000000200004c4                _ebss = .
                0x00000000200004c4                __bss_end__ = _ebss

._user_heap_stack
                0x00000000200004c4      0x604 load address 0x00000000080069a4
                0x00000000200004c8                . = ALIGN (0x8)
 *fill*         0x00000000200004c4        0x4 
                [!provide]                        PROVIDE (end = .)
                0x00000000200004c8                PROVIDE (_end = .)
                0x00000000200006c8                . = (. + _Min_Heap_Size)
 *fill*         0x00000000200004c8      0x200 
                0x0000000020000ac8                . = (. + _Min_Stack_Size)
 *fill*         0x00000000200006c8      0x400 
                0x0000000020000ac8                . = ALIGN (0x8)

/DISCARD/
 libc.a(*)
 libm.a(*)
 libgcc.a(*)

.ARM.attributes
                0x0000000000000000       0x30
 *(.ARM.attributes)
 .ARM.attributes
                0x0000000000000000       0x22 c:/st/stm32cubeide_1.4.0/stm32cubeide/plugins/com.st.stm32cube.ide.mcu.externaltools.gnu-tools-for-stm32.7-2018-q2-update.win32_1.5.0.202011040924/tools/bin/../lib/gcc/arm-none-eabi/7.3.1/thumb/v7e-m/fpv4-sp/hard/crti.o
 .ARM.attributes
                0x0000000000000022       0x34 c:/st/stm32cubeide_1.4.0/stm32cubeide/plugins/com.st.stm32cube.ide.mcu.externaltools.gnu-tools-for-stm32.7-2018-q2-update.win32_1.5.0.202011040924/tools/bin/../lib/gcc/arm-none-eabi/7.3.1/thumb/v7e-m/fpv4-sp/hard/crtbegin.o
 .ARM.attributes
                0x0000000000000056       0x39 Core/Src/FIFO.o
 .ARM.attributes
                0x000000000000008f       0x39 Core/Src/Interrupt.o
 .ARM.attributes
                0x00000000000000c8       0x39 Core/Src/Objects.o
 .ARM.attributes
                0x0000000000000101       0x39 Core/Src/gpio.o
 .ARM.attributes
                0x000000000000013a       0x39 Core/Src/main.o
 .ARM.attributes
                0x0000000000000173       0x39 Core/Src/motor.o
 .ARM.attributes
                0x00000000000001ac       0x39 Core/Src/parametr.o
 .ARM.attributes
                0x00000000000001e5       0x39 Core/Src/self_timer.o
 .ARM.attributes
                0x000000000000021e       0x39 Core/Src/setter.o
 .ARM.attributes
                0x0000000000000257       0x39 Core/Src/stm32f3xx_hal_msp.o
 .ARM.attributes
                0x0000000000000290       0x39 Core/Src/stm32f3xx_it.o
 .ARM.attributes
                0x00000000000002c9       0x39 Core/Src/sysmem.o
 .ARM.attributes
                0x0000000000000302       0x39 Core/Src/system_stm32f3xx.o
 .ARM.attributes
                0x000000000000033b       0x39 Core/Src/tim.o
 .ARM.attributes
                0x0000000000000374       0x39 Core/Src/usart.o
 .ARM.attributes
                0x00000000000003ad       0x21 Core/Startup/startup_stm32f303retx.o
 .ARM.attributes
                0x00000000000003ce       0x39 Drivers/STM32F3xx_HAL_Driver/Src/stm32f3xx_hal.o
 .ARM.attributes
                0x0000000000000407       0x39 Drivers/STM32F3xx_HAL_Driver/Src/stm32f3xx_hal_cortex.o
 .ARM.attributes
                0x0000000000000440       0x39 Drivers/STM32F3xx_HAL_Driver/Src/stm32f3xx_hal_dma.o
 .ARM.attributes
                0x0000000000000479       0x39 Drivers/STM32F3xx_HAL_Driver/Src/stm32f3xx_hal_gpio.o
 .ARM.attributes
                0x00000000000004b2       0x39 Drivers/STM32F3xx_HAL_Driver/Src/stm32f3xx_hal_rcc.o
 .ARM.attributes
                0x00000000000004eb       0x39 Drivers/STM32F3xx_HAL_Driver/Src/stm32f3xx_hal_rcc_ex.o
 .ARM.attributes
                0x0000000000000524       0x39 Drivers/STM32F3xx_HAL_Driver/Src/stm32f3xx_hal_tim.o
 .ARM.attributes
                0x000000000000055d       0x39 Drivers/STM32F3xx_HAL_Driver/Src/stm32f3xx_hal_tim_ex.o
 .ARM.attributes
                0x0000000000000596       0x39 Drivers/STM32F3xx_HAL_Driver/Src/stm32f3xx_hal_uart.o
 .ARM.attributes
                0x00000000000005cf       0x39 Drivers/STM32F3xx_HAL_Driver/Src/stm32f3xx_hal_uart_ex.o
 .ARM.attributes
                0x0000000000000608       0x34 c:/st/stm32cubeide_1.4.0/stm32cubeide/plugins/com.st.stm32cube.ide.mcu.externaltools.gnu-tools-for-stm32.7-2018-q2-update.win32_1.5.0.202011040924/tools/bin/../lib/gcc/arm-none-eabi/7.3.1/../../../../arm-none-eabi/lib/thumb/v7e-m/fpv4-sp/hard\libc_nano.a(lib_a-errno.o)
 .ARM.attributes
                0x000000000000063c       0x34 c:/st/stm32cubeide_1.4.0/stm32cubeide/plugins/com.st.stm32cube.ide.mcu.externaltools.gnu-tools-for-stm32.7-2018-q2-update.win32_1.5.0.202011040924/tools/bin/../lib/gcc/arm-none-eabi/7.3.1/../../../../arm-none-eabi/lib/thumb/v7e-m/fpv4-sp/hard\libc_nano.a(lib_a-impure.o)
 .ARM.attributes
                0x0000000000000670       0x34 c:/st/stm32cubeide_1.4.0/stm32cubeide/plugins/com.st.stm32cube.ide.mcu.externaltools.gnu-tools-for-stm32.7-2018-q2-update.win32_1.5.0.202011040924/tools/bin/../lib/gcc/arm-none-eabi/7.3.1/../../../../arm-none-eabi/lib/thumb/v7e-m/fpv4-sp/hard\libc_nano.a(lib_a-init.o)
 .ARM.attributes
                0x00000000000006a4       0x34 c:/st/stm32cubeide_1.4.0/stm32cubeide/plugins/com.st.stm32cube.ide.mcu.externaltools.gnu-tools-for-stm32.7-2018-q2-update.win32_1.5.0.202011040924/tools/bin/../lib/gcc/arm-none-eabi/7.3.1/../../../../arm-none-eabi/lib/thumb/v7e-m/fpv4-sp/hard\libc_nano.a(lib_a-malloc.o)
 .ARM.attributes
                0x00000000000006d8       0x34 c:/st/stm32cubeide_1.4.0/stm32cubeide/plugins/com.st.stm32cube.ide.mcu.externaltools.gnu-tools-for-stm32.7-2018-q2-update.win32_1.5.0.202011040924/tools/bin/../lib/gcc/arm-none-eabi/7.3.1/../../../../arm-none-eabi/lib/thumb/v7e-m/fpv4-sp/hard\libc_nano.a(lib_a-memcpy-stub.o)
 .ARM.attributes
                0x000000000000070c       0x34 c:/st/stm32cubeide_1.4.0/stm32cubeide/plugins/com.st.stm32cube.ide.mcu.externaltools.gnu-tools-for-stm32.7-2018-q2-update.win32_1.5.0.202011040924/tools/bin/../lib/gcc/arm-none-eabi/7.3.1/../../../../arm-none-eabi/lib/thumb/v7e-m/fpv4-sp/hard\libc_nano.a(lib_a-memset.o)
 .ARM.attributes
                0x0000000000000740       0x34 c:/st/stm32cubeide_1.4.0/stm32cubeide/plugins/com.st.stm32cube.ide.mcu.externaltools.gnu-tools-for-stm32.7-2018-q2-update.win32_1.5.0.202011040924/tools/bin/../lib/gcc/arm-none-eabi/7.3.1/../../../../arm-none-eabi/lib/thumb/v7e-m/fpv4-sp/hard\libc_nano.a(lib_a-nano-freer.o)
 .ARM.attributes
                0x0000000000000774       0x34 c:/st/stm32cubeide_1.4.0/stm32cubeide/plugins/com.st.stm32cube.ide.mcu.externaltools.gnu-tools-for-stm32.7-2018-q2-update.win32_1.5.0.202011040924/tools/bin/../lib/gcc/arm-none-eabi/7.3.1/../../../../arm-none-eabi/lib/thumb/v7e-m/fpv4-sp/hard\libc_nano.a(lib_a-nano-mallocr.o)
 .ARM.attributes
                0x00000000000007a8       0x34 c:/st/stm32cubeide_1.4.0/stm32cubeide/plugins/com.st.stm32cube.ide.mcu.externaltools.gnu-tools-for-stm32.7-2018-q2-update.win32_1.5.0.202011040924/tools/bin/../lib/gcc/arm-none-eabi/7.3.1/../../../../arm-none-eabi/lib/thumb/v7e-m/fpv4-sp/hard\libc_nano.a(lib_a-sbrkr.o)
 .ARM.attributes
                0x00000000000007dc       0x34 c:/st/stm32cubeide_1.4.0/stm32cubeide/plugins/com.st.stm32cube.ide.mcu.externaltools.gnu-tools-for-stm32.7-2018-q2-update.win32_1.5.0.202011040924/tools/bin/../lib/gcc/arm-none-eabi/7.3.1/../../../../arm-none-eabi/lib/thumb/v7e-m/fpv4-sp/hard\libc_nano.a(lib_a-mlock.o)
 .ARM.attributes
                0x0000000000000810       0x34 c:/st/stm32cubeide_1.4.0/stm32cubeide/plugins/com.st.stm32cube.ide.mcu.externaltools.gnu-tools-for-stm32.7-2018-q2-update.win32_1.5.0.202011040924/tools/bin/../lib/gcc/arm-none-eabi/7.3.1/../../../../arm-none-eabi/lib/thumb/v7e-m/fpv4-sp/hard\libc_nano.a(lib_a-reent.o)
 .ARM.attributes
                0x0000000000000844       0x34 c:/st/stm32cubeide_1.4.0/stm32cubeide/plugins/com.st.stm32cube.ide.mcu.externaltools.gnu-tools-for-stm32.7-2018-q2-update.win32_1.5.0.202011040924/tools/bin/../lib/gcc/arm-none-eabi/7.3.1/../../../../arm-none-eabi/lib/thumb/v7e-m/fpv4-sp/hard\libm.a(lib_a-s_ceil.o)
 .ARM.attributes
                0x0000000000000878       0x34 c:/st/stm32cubeide_1.4.0/stm32cubeide/plugins/com.st.stm32cube.ide.mcu.externaltools.gnu-tools-for-stm32.7-2018-q2-update.win32_1.5.0.202011040924/tools/bin/../lib/gcc/arm-none-eabi/7.3.1/../../../../arm-none-eabi/lib/thumb/v7e-m/fpv4-sp/hard\libm.a(lib_a-w_pow.o)
 .ARM.attributes
                0x00000000000008ac       0x34 c:/st/stm32cubeide_1.4.0/stm32cubeide/plugins/com.st.stm32cube.ide.mcu.externaltools.gnu-tools-for-stm32.7-2018-q2-update.win32_1.5.0.202011040924/tools/bin/../lib/gcc/arm-none-eabi/7.3.1/../../../../arm-none-eabi/lib/thumb/v7e-m/fpv4-sp/hard\libm.a(lib_a-e_pow.o)
 .ARM.attributes
                0x00000000000008e0       0x34 c:/st/stm32cubeide_1.4.0/stm32cubeide/plugins/com.st.stm32cube.ide.mcu.externaltools.gnu-tools-for-stm32.7-2018-q2-update.win32_1.5.0.202011040924/tools/bin/../lib/gcc/arm-none-eabi/7.3.1/../../../../arm-none-eabi/lib/thumb/v7e-m/fpv4-sp/hard\libm.a(lib_a-e_sqrt.o)
 .ARM.attributes
                0x0000000000000914       0x34 c:/st/stm32cubeide_1.4.0/stm32cubeide/plugins/com.st.stm32cube.ide.mcu.externaltools.gnu-tools-for-stm32.7-2018-q2-update.win32_1.5.0.202011040924/tools/bin/../lib/gcc/arm-none-eabi/7.3.1/../../../../arm-none-eabi/lib/thumb/v7e-m/fpv4-sp/hard\libm.a(lib_a-s_fabs.o)
 .ARM.attributes
                0x0000000000000948       0x34 c:/st/stm32cubeide_1.4.0/stm32cubeide/plugins/com.st.stm32cube.ide.mcu.externaltools.gnu-tools-for-stm32.7-2018-q2-update.win32_1.5.0.202011040924/tools/bin/../lib/gcc/arm-none-eabi/7.3.1/../../../../arm-none-eabi/lib/thumb/v7e-m/fpv4-sp/hard\libm.a(lib_a-s_finite.o)
 .ARM.attributes
                0x000000000000097c       0x34 c:/st/stm32cubeide_1.4.0/stm32cubeide/plugins/com.st.stm32cube.ide.mcu.externaltools.gnu-tools-for-stm32.7-2018-q2-update.win32_1.5.0.202011040924/tools/bin/../lib/gcc/arm-none-eabi/7.3.1/../../../../arm-none-eabi/lib/thumb/v7e-m/fpv4-sp/hard\libm.a(lib_a-s_lib_ver.o)
 .ARM.attributes
                0x00000000000009b0       0x34 c:/st/stm32cubeide_1.4.0/stm32cubeide/plugins/com.st.stm32cube.ide.mcu.externaltools.gnu-tools-for-stm32.7-2018-q2-update.win32_1.5.0.202011040924/tools/bin/../lib/gcc/arm-none-eabi/7.3.1/../../../../arm-none-eabi/lib/thumb/v7e-m/fpv4-sp/hard\libm.a(lib_a-s_matherr.o)
 .ARM.attributes
                0x00000000000009e4       0x34 c:/st/stm32cubeide_1.4.0/stm32cubeide/plugins/com.st.stm32cube.ide.mcu.externaltools.gnu-tools-for-stm32.7-2018-q2-update.win32_1.5.0.202011040924/tools/bin/../lib/gcc/arm-none-eabi/7.3.1/../../../../arm-none-eabi/lib/thumb/v7e-m/fpv4-sp/hard\libm.a(lib_a-s_nan.o)
 .ARM.attributes
                0x0000000000000a18       0x34 c:/st/stm32cubeide_1.4.0/stm32cubeide/plugins/com.st.stm32cube.ide.mcu.externaltools.gnu-tools-for-stm32.7-2018-q2-update.win32_1.5.0.202011040924/tools/bin/../lib/gcc/arm-none-eabi/7.3.1/../../../../arm-none-eabi/lib/thumb/v7e-m/fpv4-sp/hard\libm.a(lib_a-s_rint.o)
 .ARM.attributes
                0x0000000000000a4c       0x34 c:/st/stm32cubeide_1.4.0/stm32cubeide/plugins/com.st.stm32cube.ide.mcu.externaltools.gnu-tools-for-stm32.7-2018-q2-update.win32_1.5.0.202011040924/tools/bin/../lib/gcc/arm-none-eabi/7.3.1/../../../../arm-none-eabi/lib/thumb/v7e-m/fpv4-sp/hard\libm.a(lib_a-s_scalbn.o)
 .ARM.attributes
                0x0000000000000a80       0x34 c:/st/stm32cubeide_1.4.0/stm32cubeide/plugins/com.st.stm32cube.ide.mcu.externaltools.gnu-tools-for-stm32.7-2018-q2-update.win32_1.5.0.202011040924/tools/bin/../lib/gcc/arm-none-eabi/7.3.1/../../../../arm-none-eabi/lib/thumb/v7e-m/fpv4-sp/hard\libm.a(lib_a-s_copysign.o)
 .ARM.attributes
                0x0000000000000ab4       0x22 c:/st/stm32cubeide_1.4.0/stm32cubeide/plugins/com.st.stm32cube.ide.mcu.externaltools.gnu-tools-for-stm32.7-2018-q2-update.win32_1.5.0.202011040924/tools/bin/../lib/gcc/arm-none-eabi/7.3.1/thumb/v7e-m/fpv4-sp/hard\libgcc.a(_arm_addsubdf3.o)
 .ARM.attributes
                0x0000000000000ad6       0x22 c:/st/stm32cubeide_1.4.0/stm32cubeide/plugins/com.st.stm32cube.ide.mcu.externaltools.gnu-tools-for-stm32.7-2018-q2-update.win32_1.5.0.202011040924/tools/bin/../lib/gcc/arm-none-eabi/7.3.1/thumb/v7e-m/fpv4-sp/hard\libgcc.a(_arm_muldivdf3.o)
 .ARM.attributes
                0x0000000000000af8       0x22 c:/st/stm32cubeide_1.4.0/stm32cubeide/plugins/com.st.stm32cube.ide.mcu.externaltools.gnu-tools-for-stm32.7-2018-q2-update.win32_1.5.0.202011040924/tools/bin/../lib/gcc/arm-none-eabi/7.3.1/thumb/v7e-m/fpv4-sp/hard\libgcc.a(_arm_cmpdf2.o)
 .ARM.attributes
                0x0000000000000b1a       0x22 c:/st/stm32cubeide_1.4.0/stm32cubeide/plugins/com.st.stm32cube.ide.mcu.externaltools.gnu-tools-for-stm32.7-2018-q2-update.win32_1.5.0.202011040924/tools/bin/../lib/gcc/arm-none-eabi/7.3.1/thumb/v7e-m/fpv4-sp/hard\libgcc.a(_arm_unorddf2.o)
 .ARM.attributes
                0x0000000000000b3c       0x22 c:/st/stm32cubeide_1.4.0/stm32cubeide/plugins/com.st.stm32cube.ide.mcu.externaltools.gnu-tools-for-stm32.7-2018-q2-update.win32_1.5.0.202011040924/tools/bin/../lib/gcc/arm-none-eabi/7.3.1/thumb/v7e-m/fpv4-sp/hard\libgcc.a(_arm_fixdfsi.o)
 .ARM.attributes
                0x0000000000000b5e       0x22 c:/st/stm32cubeide_1.4.0/stm32cubeide/plugins/com.st.stm32cube.ide.mcu.externaltools.gnu-tools-for-stm32.7-2018-q2-update.win32_1.5.0.202011040924/tools/bin/../lib/gcc/arm-none-eabi/7.3.1/thumb/v7e-m/fpv4-sp/hard\libgcc.a(_arm_fixunsdfsi.o)
 .ARM.attributes
                0x0000000000000b80       0x22 c:/st/stm32cubeide_1.4.0/stm32cubeide/plugins/com.st.stm32cube.ide.mcu.externaltools.gnu-tools-for-stm32.7-2018-q2-update.win32_1.5.0.202011040924/tools/bin/../lib/gcc/arm-none-eabi/7.3.1/thumb/v7e-m/fpv4-sp/hard/crtn.o
OUTPUT(Slider_Controller.elf elf32-littlearm)

.debug_info     0x0000000000000000    0x16913
 .debug_info    0x0000000000000000      0xa5b Core/Src/FIFO.o
 .debug_info    0x0000000000000a5b     0x1774 Core/Src/Interrupt.o
 .debug_info    0x00000000000021cf     0x1262 Core/Src/Objects.o
 .debug_info    0x0000000000003431      0x407 Core/Src/gpio.o
 .debug_info    0x0000000000003838     0x191c Core/Src/main.o
 .debug_info    0x0000000000005154      0xf1c Core/Src/motor.o
 .debug_info    0x0000000000006070     0x16f0 Core/Src/parametr.o
 .debug_info    0x0000000000007760     0x137a Core/Src/self_timer.o
 .debug_info    0x0000000000008ada     0x137d Core/Src/setter.o
 .debug_info    0x0000000000009e57      0x278 Core/Src/stm32f3xx_hal_msp.o
 .debug_info    0x000000000000a0cf      0xa0e Core/Src/stm32f3xx_it.o
 .debug_info    0x000000000000aadd      0x985 Core/Src/sysmem.o
 .debug_info    0x000000000000b462      0x45c Core/Src/system_stm32f3xx.o
 .debug_info    0x000000000000b8be      0xa36 Core/Src/tim.o
 .debug_info    0x000000000000c2f4      0xb16 Core/Src/usart.o
 .debug_info    0x000000000000ce0a       0x22 Core/Startup/startup_stm32f303retx.o
 .debug_info    0x000000000000ce2c      0x812 Drivers/STM32F3xx_HAL_Driver/Src/stm32f3xx_hal.o
 .debug_info    0x000000000000d63e      0xdc9 Drivers/STM32F3xx_HAL_Driver/Src/stm32f3xx_hal_cortex.o
 .debug_info    0x000000000000e407      0x7cb Drivers/STM32F3xx_HAL_Driver/Src/stm32f3xx_hal_dma.o
 .debug_info    0x000000000000ebd2      0x7c1 Drivers/STM32F3xx_HAL_Driver/Src/stm32f3xx_hal_gpio.o
 .debug_info    0x000000000000f393     0x181f Drivers/STM32F3xx_HAL_Driver/Src/stm32f3xx_hal_rcc.o
 .debug_info    0x0000000000010bb2      0x712 Drivers/STM32F3xx_HAL_Driver/Src/stm32f3xx_hal_rcc_ex.o
 .debug_info    0x00000000000112c4     0x2648 Drivers/STM32F3xx_HAL_Driver/Src/stm32f3xx_hal_tim.o
 .debug_info    0x000000000001390c     0x11d7 Drivers/STM32F3xx_HAL_Driver/Src/stm32f3xx_hal_tim_ex.o
 .debug_info    0x0000000000014ae3     0x1592 Drivers/STM32F3xx_HAL_Driver/Src/stm32f3xx_hal_uart.o
 .debug_info    0x0000000000016075      0x89e Drivers/STM32F3xx_HAL_Driver/Src/stm32f3xx_hal_uart_ex.o

.debug_abbrev   0x0000000000000000     0x3267
 .debug_abbrev  0x0000000000000000      0x218 Core/Src/FIFO.o
 .debug_abbrev  0x0000000000000218      0x29d Core/Src/Interrupt.o
 .debug_abbrev  0x00000000000004b5      0x219 Core/Src/Objects.o
 .debug_abbrev  0x00000000000006ce      0x134 Core/Src/gpio.o
 .debug_abbrev  0x0000000000000802      0x27f Core/Src/main.o
 .debug_abbrev  0x0000000000000a81      0x286 Core/Src/motor.o
 .debug_abbrev  0x0000000000000d07      0x294 Core/Src/parametr.o
 .debug_abbrev  0x0000000000000f9b      0x278 Core/Src/self_timer.o
 .debug_abbrev  0x0000000000001213      0x27a Core/Src/setter.o
 .debug_abbrev  0x000000000000148d      0x109 Core/Src/stm32f3xx_hal_msp.o
 .debug_abbrev  0x0000000000001596      0x15a Core/Src/stm32f3xx_it.o
 .debug_abbrev  0x00000000000016f0      0x19b Core/Src/sysmem.o
 .debug_abbrev  0x000000000000188b      0x12b Core/Src/system_stm32f3xx.o
 .debug_abbrev  0x00000000000019b6      0x1a4 Core/Src/tim.o
 .debug_abbrev  0x0000000000001b5a      0x1a2 Core/Src/usart.o
 .debug_abbrev  0x0000000000001cfc       0x12 Core/Startup/startup_stm32f303retx.o
 .debug_abbrev  0x0000000000001d0e      0x1c7 Drivers/STM32F3xx_HAL_Driver/Src/stm32f3xx_hal.o
 .debug_abbrev  0x0000000000001ed5      0x2fa Drivers/STM32F3xx_HAL_Driver/Src/stm32f3xx_hal_cortex.o
 .debug_abbrev  0x00000000000021cf      0x1fe Drivers/STM32F3xx_HAL_Driver/Src/stm32f3xx_hal_dma.o
 .debug_abbrev  0x00000000000023cd      0x1c0 Drivers/STM32F3xx_HAL_Driver/Src/stm32f3xx_hal_gpio.o
 .debug_abbrev  0x000000000000258d      0x28c Drivers/STM32F3xx_HAL_Driver/Src/stm32f3xx_hal_rcc.o
 .debug_abbrev  0x0000000000002819      0x219 Drivers/STM32F3xx_HAL_Driver/Src/stm32f3xx_hal_rcc_ex.o
 .debug_abbrev  0x0000000000002a32      0x230 Drivers/STM32F3xx_HAL_Driver/Src/stm32f3xx_hal_tim.o
 .debug_abbrev  0x0000000000002c62      0x21e Drivers/STM32F3xx_HAL_Driver/Src/stm32f3xx_hal_tim_ex.o
 .debug_abbrev  0x0000000000002e80      0x205 Drivers/STM32F3xx_HAL_Driver/Src/stm32f3xx_hal_uart.o
 .debug_abbrev  0x0000000000003085      0x1e2 Drivers/STM32F3xx_HAL_Driver/Src/stm32f3xx_hal_uart_ex.o

.debug_aranges  0x0000000000000000      0xe90
 .debug_aranges
                0x0000000000000000       0x40 Core/Src/FIFO.o
 .debug_aranges
                0x0000000000000040       0x30 Core/Src/Interrupt.o
 .debug_aranges
                0x0000000000000070       0x20 Core/Src/Objects.o
 .debug_aranges
                0x0000000000000090       0x20 Core/Src/gpio.o
 .debug_aranges
                0x00000000000000b0       0x30 Core/Src/main.o
 .debug_aranges
                0x00000000000000e0       0x70 Core/Src/motor.o
 .debug_aranges
                0x0000000000000150       0x38 Core/Src/parametr.o
 .debug_aranges
                0x0000000000000188       0x40 Core/Src/self_timer.o
 .debug_aranges
                0x00000000000001c8       0x38 Core/Src/setter.o
 .debug_aranges
                0x0000000000000200       0x20 Core/Src/stm32f3xx_hal_msp.o
 .debug_aranges
                0x0000000000000220       0x78 Core/Src/stm32f3xx_it.o
 .debug_aranges
                0x0000000000000298       0x20 Core/Src/sysmem.o
 .debug_aranges
                0x00000000000002b8       0x28 Core/Src/system_stm32f3xx.o
 .debug_aranges
                0x00000000000002e0       0x38 Core/Src/tim.o
 .debug_aranges
                0x0000000000000318       0x30 Core/Src/usart.o
 .debug_aranges
                0x0000000000000348       0x28 Core/Startup/startup_stm32f303retx.o
 .debug_aranges
                0x0000000000000370       0xe0 Drivers/STM32F3xx_HAL_Driver/Src/stm32f3xx_hal.o
 .debug_aranges
                0x0000000000000450      0x118 Drivers/STM32F3xx_HAL_Driver/Src/stm32f3xx_hal_cortex.o
 .debug_aranges
                0x0000000000000568       0x88 Drivers/STM32F3xx_HAL_Driver/Src/stm32f3xx_hal_dma.o
 .debug_aranges
                0x00000000000005f0       0x58 Drivers/STM32F3xx_HAL_Driver/Src/stm32f3xx_hal_gpio.o
 .debug_aranges
                0x0000000000000648       0x88 Drivers/STM32F3xx_HAL_Driver/Src/stm32f3xx_hal_rcc.o
 .debug_aranges
                0x00000000000006d0       0x38 Drivers/STM32F3xx_HAL_Driver/Src/stm32f3xx_hal_rcc_ex.o
 .debug_aranges
                0x0000000000000708      0x3c8 Drivers/STM32F3xx_HAL_Driver/Src/stm32f3xx_hal_tim.o
 .debug_aranges
                0x0000000000000ad0      0x160 Drivers/STM32F3xx_HAL_Driver/Src/stm32f3xx_hal_tim_ex.o
 .debug_aranges
                0x0000000000000c30      0x210 Drivers/STM32F3xx_HAL_Driver/Src/stm32f3xx_hal_uart.o
 .debug_aranges
                0x0000000000000e40       0x50 Drivers/STM32F3xx_HAL_Driver/Src/stm32f3xx_hal_uart_ex.o

.debug_ranges   0x0000000000000000      0xcf8
 .debug_ranges  0x0000000000000000       0x30 Core/Src/FIFO.o
 .debug_ranges  0x0000000000000030       0x20 Core/Src/Interrupt.o
 .debug_ranges  0x0000000000000050       0x10 Core/Src/Objects.o
 .debug_ranges  0x0000000000000060       0x10 Core/Src/gpio.o
 .debug_ranges  0x0000000000000070       0x20 Core/Src/main.o
 .debug_ranges  0x0000000000000090       0x60 Core/Src/motor.o
 .debug_ranges  0x00000000000000f0       0x28 Core/Src/parametr.o
 .debug_ranges  0x0000000000000118       0x30 Core/Src/self_timer.o
 .debug_ranges  0x0000000000000148       0x28 Core/Src/setter.o
 .debug_ranges  0x0000000000000170       0x10 Core/Src/stm32f3xx_hal_msp.o
 .debug_ranges  0x0000000000000180       0x68 Core/Src/stm32f3xx_it.o
 .debug_ranges  0x00000000000001e8       0x10 Core/Src/sysmem.o
 .debug_ranges  0x00000000000001f8       0x18 Core/Src/system_stm32f3xx.o
 .debug_ranges  0x0000000000000210       0x28 Core/Src/tim.o
 .debug_ranges  0x0000000000000238       0x20 Core/Src/usart.o
 .debug_ranges  0x0000000000000258       0x20 Core/Startup/startup_stm32f303retx.o
 .debug_ranges  0x0000000000000278       0xd0 Drivers/STM32F3xx_HAL_Driver/Src/stm32f3xx_hal.o
 .debug_ranges  0x0000000000000348      0x108 Drivers/STM32F3xx_HAL_Driver/Src/stm32f3xx_hal_cortex.o
 .debug_ranges  0x0000000000000450       0x78 Drivers/STM32F3xx_HAL_Driver/Src/stm32f3xx_hal_dma.o
 .debug_ranges  0x00000000000004c8       0x48 Drivers/STM32F3xx_HAL_Driver/Src/stm32f3xx_hal_gpio.o
 .debug_ranges  0x0000000000000510       0x78 Drivers/STM32F3xx_HAL_Driver/Src/stm32f3xx_hal_rcc.o
 .debug_ranges  0x0000000000000588       0x28 Drivers/STM32F3xx_HAL_Driver/Src/stm32f3xx_hal_rcc_ex.o
 .debug_ranges  0x00000000000005b0      0x3b8 Drivers/STM32F3xx_HAL_Driver/Src/stm32f3xx_hal_tim.o
 .debug_ranges  0x0000000000000968      0x150 Drivers/STM32F3xx_HAL_Driver/Src/stm32f3xx_hal_tim_ex.o
 .debug_ranges  0x0000000000000ab8      0x200 Drivers/STM32F3xx_HAL_Driver/Src/stm32f3xx_hal_uart.o
 .debug_ranges  0x0000000000000cb8       0x40 Drivers/STM32F3xx_HAL_Driver/Src/stm32f3xx_hal_uart_ex.o

.debug_macro    0x0000000000000000    0x1f9f0
 .debug_macro   0x0000000000000000      0x1fc Core/Src/FIFO.o
 .debug_macro   0x00000000000001fc      0xa5a Core/Src/FIFO.o
 .debug_macro   0x0000000000000c56       0x22 Core/Src/FIFO.o
 .debug_macro   0x0000000000000c78       0x8e Core/Src/FIFO.o
 .debug_macro   0x0000000000000d06       0x51 Core/Src/FIFO.o
 .debug_macro   0x0000000000000d57       0xef Core/Src/FIFO.o
 .debug_macro   0x0000000000000e46       0x6a Core/Src/FIFO.o
 .debug_macro   0x0000000000000eb0      0x1df Core/Src/FIFO.o
 .debug_macro   0x000000000000108f       0x46 Core/Src/FIFO.o
 .debug_macro   0x00000000000010d5       0x18 Core/Src/FIFO.o
 .debug_macro   0x00000000000010ed       0x3c Core/Src/FIFO.o
 .debug_macro   0x0000000000001129       0x34 Core/Src/FIFO.o
 .debug_macro   0x000000000000115d       0x16 Core/Src/FIFO.o
 .debug_macro   0x0000000000001173       0x97 Core/Src/FIFO.o
 .debug_macro   0x000000000000120a      0x330 Core/Src/FIFO.o
 .debug_macro   0x000000000000153a       0xfd Core/Src/FIFO.o
 .debug_macro   0x0000000000001637       0x10 Core/Src/FIFO.o
 .debug_macro   0x0000000000001647       0x52 Core/Src/FIFO.o
 .debug_macro   0x0000000000001699       0x1f Core/Src/FIFO.o
 .debug_macro   0x00000000000016b8       0x43 Core/Src/FIFO.o
 .debug_macro   0x00000000000016fb       0x20 Core/Src/FIFO.o
 .debug_macro   0x000000000000171b      0x1a3 Core/Src/FIFO.o
 .debug_macro   0x00000000000018be       0x10 Core/Src/FIFO.o
 .debug_macro   0x00000000000018ce       0x1c Core/Src/FIFO.o
 .debug_macro   0x00000000000018ea       0x52 Core/Src/FIFO.o
 .debug_macro   0x000000000000193c       0x40 Core/Src/FIFO.o
 .debug_macro   0x000000000000197c       0x10 Core/Src/FIFO.o
 .debug_macro   0x000000000000198c       0x40 Core/Src/FIFO.o
 .debug_macro   0x00000000000019cc       0xd7 Core/Src/FIFO.o
 .debug_macro   0x0000000000001aa3       0x1c Core/Src/FIFO.o
 .debug_macro   0x0000000000001abf       0x3d Core/Src/FIFO.o
 .debug_macro   0x0000000000001afc       0x16 Core/Src/FIFO.o
 .debug_macro   0x0000000000001b12      0x145 Core/Src/FIFO.o
 .debug_macro   0x0000000000001c57       0x16 Core/Src/FIFO.o
 .debug_macro   0x0000000000001c6d       0x35 Core/Src/FIFO.o
 .debug_macro   0x0000000000001ca2       0x16 Core/Src/FIFO.o
 .debug_macro   0x0000000000001cb8       0x29 Core/Src/FIFO.o
 .debug_macro   0x0000000000001ce1      0x2e4 Core/Src/Interrupt.o
 .debug_macro   0x0000000000001fc5      0x157 Core/Src/Interrupt.o
 .debug_macro   0x000000000000211c       0x2e Core/Src/Interrupt.o
 .debug_macro   0x000000000000214a       0x28 Core/Src/Interrupt.o
 .debug_macro   0x0000000000002172       0x1c Core/Src/Interrupt.o
 .debug_macro   0x000000000000218e       0x22 Core/Src/Interrupt.o
 .debug_macro   0x00000000000021b0       0xdf Core/Src/Interrupt.o
 .debug_macro   0x000000000000228f     0x102d Core/Src/Interrupt.o
 .debug_macro   0x00000000000032bc      0x11f Core/Src/Interrupt.o
 .debug_macro   0x00000000000033db    0x15353 Core/Src/Interrupt.o
 .debug_macro   0x000000000001872e       0x43 Core/Src/Interrupt.o
 .debug_macro   0x0000000000018771      0x174 Core/Src/Interrupt.o
 .debug_macro   0x00000000000188e5       0x53 Core/Src/Interrupt.o
 .debug_macro   0x0000000000018938      0x954 Core/Src/Interrupt.o
 .debug_macro   0x000000000001928c      0x84a Core/Src/Interrupt.o
 .debug_macro   0x0000000000019ad6      0x12f Core/Src/Interrupt.o
 .debug_macro   0x0000000000019c05      0x23a Core/Src/Interrupt.o
 .debug_macro   0x0000000000019e3f      0x1ea Core/Src/Interrupt.o
 .debug_macro   0x000000000001a029      0x1bc Core/Src/Interrupt.o
 .debug_macro   0x000000000001a1e5       0x30 Core/Src/Interrupt.o
 .debug_macro   0x000000000001a215       0x3c Core/Src/Interrupt.o
 .debug_macro   0x000000000001a251      0x236 Core/Src/Interrupt.o
 .debug_macro   0x000000000001a487       0xc5 Core/Src/Interrupt.o
 .debug_macro   0x000000000001a54c      0x21d Core/Src/Interrupt.o
 .debug_macro   0x000000000001a769      0x22c Core/Src/Interrupt.o
 .debug_macro   0x000000000001a995       0x5b Core/Src/Interrupt.o
 .debug_macro   0x000000000001a9f0       0xa5 Core/Src/Interrupt.o
 .debug_macro   0x000000000001aa95       0x81 Core/Src/Interrupt.o
 .debug_macro   0x000000000001ab16       0xd3 Core/Src/Interrupt.o
 .debug_macro   0x000000000001abe9      0x9e9 Core/Src/Interrupt.o
 .debug_macro   0x000000000001b5d2       0xbb Core/Src/Interrupt.o
 .debug_macro   0x000000000001b68d      0x589 Core/Src/Interrupt.o
 .debug_macro   0x000000000001bc16       0x44 Core/Src/Interrupt.o
 .debug_macro   0x000000000001bc5a      0x347 Core/Src/Interrupt.o
 .debug_macro   0x000000000001bfa1      0x12a Core/Src/Interrupt.o
 .debug_macro   0x000000000001c0cb      0x32a Core/Src/Interrupt.o
 .debug_macro   0x000000000001c3f5      0x1e1 Core/Src/Interrupt.o
 .debug_macro   0x000000000001c5d6       0x22 Core/Src/Interrupt.o
 .debug_macro   0x000000000001c5f8       0x34 Core/Src/Interrupt.o
 .debug_macro   0x000000000001c62c       0x10 Core/Src/Interrupt.o
 .debug_macro   0x000000000001c63c      0x2b5 Core/Src/Objects.o
 .debug_macro   0x000000000001c8f1      0x124 Core/Src/Objects.o
 .debug_macro   0x000000000001ca15      0x1e7 Core/Src/gpio.o
 .debug_macro   0x000000000001cbfc      0x302 Core/Src/main.o
 .debug_macro   0x000000000001cefe      0x29b Core/Src/motor.o
 .debug_macro   0x000000000001d199      0x393 Core/Src/parametr.o
 .debug_macro   0x000000000001d52c       0x1c Core/Src/parametr.o
 .debug_macro   0x000000000001d548      0x2ba Core/Src/self_timer.o
 .debug_macro   0x000000000001d802      0x2b5 Core/Src/setter.o
 .debug_macro   0x000000000001dab7      0x1dd Core/Src/stm32f3xx_hal_msp.o
 .debug_macro   0x000000000001dc94      0x1e7 Core/Src/stm32f3xx_it.o
 .debug_macro   0x000000000001de7b       0xee Core/Src/sysmem.o
 .debug_macro   0x000000000001df69      0x23b Core/Src/sysmem.o
 .debug_macro   0x000000000001e1a4      0x1d4 Core/Src/system_stm32f3xx.o
 .debug_macro   0x000000000001e378      0x1e7 Core/Src/tim.o
 .debug_macro   0x000000000001e55f      0x1e7 Core/Src/usart.o
 .debug_macro   0x000000000001e746      0x1f2 Drivers/STM32F3xx_HAL_Driver/Src/stm32f3xx_hal.o
 .debug_macro   0x000000000001e938      0x1ce Drivers/STM32F3xx_HAL_Driver/Src/stm32f3xx_hal_cortex.o
 .debug_macro   0x000000000001eb06      0x1ce Drivers/STM32F3xx_HAL_Driver/Src/stm32f3xx_hal_dma.o
 .debug_macro   0x000000000001ecd4      0x206 Drivers/STM32F3xx_HAL_Driver/Src/stm32f3xx_hal_gpio.o
 .debug_macro   0x000000000001eeda      0x1f2 Drivers/STM32F3xx_HAL_Driver/Src/stm32f3xx_hal_rcc.o
 .debug_macro   0x000000000001f0cc      0x1ce Drivers/STM32F3xx_HAL_Driver/Src/stm32f3xx_hal_rcc_ex.o
 .debug_macro   0x000000000001f29a      0x1cf Drivers/STM32F3xx_HAL_Driver/Src/stm32f3xx_hal_tim.o
 .debug_macro   0x000000000001f469      0x1ce Drivers/STM32F3xx_HAL_Driver/Src/stm32f3xx_hal_tim_ex.o
 .debug_macro   0x000000000001f637      0x1eb Drivers/STM32F3xx_HAL_Driver/Src/stm32f3xx_hal_uart.o
 .debug_macro   0x000000000001f822      0x1ce Drivers/STM32F3xx_HAL_Driver/Src/stm32f3xx_hal_uart_ex.o

.debug_line     0x0000000000000000     0xf075
 .debug_line    0x0000000000000000      0x60c Core/Src/FIFO.o
 .debug_line    0x000000000000060c      0x8bd Core/Src/Interrupt.o
 .debug_line    0x0000000000000ec9      0x806 Core/Src/Objects.o
 .debug_line    0x00000000000016cf      0x6c8 Core/Src/gpio.o
 .debug_line    0x0000000000001d97      0x8c2 Core/Src/main.o
 .debug_line    0x0000000000002659      0x948 Core/Src/motor.o
 .debug_line    0x0000000000002fa1      0x948 Core/Src/parametr.o
 .debug_line    0x00000000000038e9      0x885 Core/Src/self_timer.o
 .debug_line    0x000000000000416e      0x87a Core/Src/setter.o
 .debug_line    0x00000000000049e8      0x6ab Core/Src/stm32f3xx_hal_msp.o
 .debug_line    0x0000000000005093      0x785 Core/Src/stm32f3xx_it.o
 .debug_line    0x0000000000005818      0x4c7 Core/Src/sysmem.o
 .debug_line    0x0000000000005cdf      0x6cb Core/Src/system_stm32f3xx.o
 .debug_line    0x00000000000063aa      0x705 Core/Src/tim.o
 .debug_line    0x0000000000006aaf      0x6e4 Core/Src/usart.o
 .debug_line    0x0000000000007193       0x85 Core/Startup/startup_stm32f303retx.o
 .debug_line    0x0000000000007218      0x886 Drivers/STM32F3xx_HAL_Driver/Src/stm32f3xx_hal.o
 .debug_line    0x0000000000007a9e      0x9bb Drivers/STM32F3xx_HAL_Driver/Src/stm32f3xx_hal_cortex.o
 .debug_line    0x0000000000008459      0x8c5 Drivers/STM32F3xx_HAL_Driver/Src/stm32f3xx_hal_dma.o
 .debug_line    0x0000000000008d1e      0x861 Drivers/STM32F3xx_HAL_Driver/Src/stm32f3xx_hal_gpio.o
 .debug_line    0x000000000000957f      0xe01 Drivers/STM32F3xx_HAL_Driver/Src/stm32f3xx_hal_rcc.o
 .debug_line    0x000000000000a380      0xa27 Drivers/STM32F3xx_HAL_Driver/Src/stm32f3xx_hal_rcc_ex.o
 .debug_line    0x000000000000ada7     0x1be3 Drivers/STM32F3xx_HAL_Driver/Src/stm32f3xx_hal_tim.o
 .debug_line    0x000000000000c98a      0xd5b Drivers/STM32F3xx_HAL_Driver/Src/stm32f3xx_hal_tim_ex.o
 .debug_line    0x000000000000d6e5     0x11ec Drivers/STM32F3xx_HAL_Driver/Src/stm32f3xx_hal_uart.o
 .debug_line    0x000000000000e8d1      0x7a4 Drivers/STM32F3xx_HAL_Driver/Src/stm32f3xx_hal_uart_ex.o

.debug_str      0x0000000000000000    0xb13e1
 .debug_str     0x0000000000000000     0x7f32 Core/Src/FIFO.o
                                       0x81b2 (size before relaxing)
 .debug_str     0x0000000000007f32    0xa5607 Core/Src/Interrupt.o
                                      0xac997 (size before relaxing)
 .debug_str     0x00000000000ad539       0x4b Core/Src/Objects.o
                                      0xac656 (size before relaxing)
 .debug_str     0x00000000000ad584       0xd8 Core/Src/gpio.o
                                      0xa88c9 (size before relaxing)
 .debug_str     0x00000000000ad65c      0x346 Core/Src/main.o
                                      0xacc5c (size before relaxing)
 .debug_str     0x00000000000ad9a2       0xa2 Core/Src/motor.o
                                      0xac2ad (size before relaxing)
 .debug_str     0x00000000000ada44       0x4e Core/Src/parametr.o
                                      0xadb1d (size before relaxing)
 .debug_str     0x00000000000ada92       0x6b Core/Src/self_timer.o
                                      0xac6f4 (size before relaxing)
 .debug_str     0x00000000000adafd       0x54 Core/Src/setter.o
                                      0xac692 (size before relaxing)
 .debug_str     0x00000000000adb51       0x2c Core/Src/stm32f3xx_hal_msp.o
                                      0xa882c (size before relaxing)
 .debug_str     0x00000000000adb7d       0xcf Core/Src/stm32f3xx_it.o
                                      0xa8ea4 (size before relaxing)
 .debug_str     0x00000000000adc4c      0x4e9 Core/Src/sysmem.o
                                       0x5f68 (size before relaxing)
 .debug_str     0x00000000000ae135       0xd1 Core/Src/system_stm32f3xx.o
                                      0xa83a9 (size before relaxing)
 .debug_str     0x00000000000ae206      0x42d Core/Src/tim.o
                                      0xa9194 (size before relaxing)
 .debug_str     0x00000000000ae633       0x57 Core/Src/usart.o
                                      0xa9171 (size before relaxing)
 .debug_str     0x00000000000ae68a       0x36 Core/Startup/startup_stm32f303retx.o
                                         0x75 (size before relaxing)
 .debug_str     0x00000000000ae6c0      0x3d9 Drivers/STM32F3xx_HAL_Driver/Src/stm32f3xx_hal.o
                                      0xa8b9c (size before relaxing)
 .debug_str     0x00000000000aea99      0x3cd Drivers/STM32F3xx_HAL_Driver/Src/stm32f3xx_hal_cortex.o
                                      0xa8caa (size before relaxing)
 .debug_str     0x00000000000aee66      0x248 Drivers/STM32F3xx_HAL_Driver/Src/stm32f3xx_hal_dma.o
                                      0xa870f (size before relaxing)
 .debug_str     0x00000000000af0ae      0x255 Drivers/STM32F3xx_HAL_Driver/Src/stm32f3xx_hal_gpio.o
                                      0xa8673 (size before relaxing)
 .debug_str     0x00000000000af303      0x31f Drivers/STM32F3xx_HAL_Driver/Src/stm32f3xx_hal_rcc.o
                                      0xa8807 (size before relaxing)
 .debug_str     0x00000000000af622       0xd8 Drivers/STM32F3xx_HAL_Driver/Src/stm32f3xx_hal_rcc_ex.o
                                      0xa8651 (size before relaxing)
 .debug_str     0x00000000000af6fa      0xe0f Drivers/STM32F3xx_HAL_Driver/Src/stm32f3xx_hal_tim.o
                                      0xa9596 (size before relaxing)
 .debug_str     0x00000000000b0509      0x591 Drivers/STM32F3xx_HAL_Driver/Src/stm32f3xx_hal_tim_ex.o
                                      0xa8d9d (size before relaxing)
 .debug_str     0x00000000000b0a9a      0x7e7 Drivers/STM32F3xx_HAL_Driver/Src/stm32f3xx_hal_uart.o
                                      0xa8f63 (size before relaxing)
 .debug_str     0x00000000000b1281      0x160 Drivers/STM32F3xx_HAL_Driver/Src/stm32f3xx_hal_uart_ex.o
                                      0xa882b (size before relaxing)

.comment        0x0000000000000000       0x7b
 .comment       0x0000000000000000       0x7b Core/Src/FIFO.o
                                         0x7c (size before relaxing)
 .comment       0x000000000000007b       0x7c Core/Src/Interrupt.o
 .comment       0x000000000000007b       0x7c Core/Src/Objects.o
 .comment       0x000000000000007b       0x7c Core/Src/gpio.o
 .comment       0x000000000000007b       0x7c Core/Src/main.o
 .comment       0x000000000000007b       0x7c Core/Src/motor.o
 .comment       0x000000000000007b       0x7c Core/Src/parametr.o
 .comment       0x000000000000007b       0x7c Core/Src/self_timer.o
 .comment       0x000000000000007b       0x7c Core/Src/setter.o